185.139.139.235 - - [15/Aug/2022:14:43:29 +0500] "GET /camera/7 HTTP/1.1" 200 1026 "https://camera.urdu.uz/" "Mozilla/5.0 (Linux; Android 10; M2006C3LG) AppleWebKit/537.36 (KHTML, like Gecko) Chrome/87.0.4280.101 Mobile Safari/537.36"
213.230.86.117 - - [15/Aug/2022:14:43:34 +0500] "GET /camera/7 HTTP/1.1" 200 1026 "https://camera.urdu.uz/" "Mozilla/5.0 (Linux; Android 6.0.1; SAMSUNG SM-G532F) AppleWebKit/537.36 (KHTML, like Gecko) SamsungBrowser/16.2 Chrome/92.0.4515.166 Mobile Safari/537.36"
185.213.229.139 - - [15/Aug/2022:14:43:34 +0500] "GET /camera/7 HTTP/1.1" 200 1019 "https://camera.urdu.uz/" "Mozilla/5.0 (Linux; Android 11; SAMSUNG SM-A505FN) AppleWebKit/537.36 (KHTML, like Gecko) SamsungBrowser/18.0 Chrome/99.0.4844.88 Mobile Safari/537.36"
213.230.86.187 - - [15/Aug/2022:14:43:37 +0500] "GET /camera/7 HTTP/1.1" 200 1029 "https://camera.urdu.uz/" "Mozilla/5.0 (iPhone; CPU iPhone OS 15_4_1 like Mac OS X) AppleWebKit/605.1.15 (KHTML, like Gecko) Version/15.4 Mobile/15E148 Safari/604.1"
213.230.86.117 - - [15/Aug/2022:14:43:53 +0500] "GET /camera/10 HTTP/1.1" 200 1023 "https://camera.urdu.uz/" "Mozilla/5.0 (Linux; Android 6.0.1; SAMSUNG SM-G532F) AppleWebKit/537.36 (KHTML, like Gecko) SamsungBrowser/16.2 Chrome/92.0.4515.166 Mobile Safari/537.36"
185.139.139.235 - - [15/Aug/2022:14:43:58 +0500] "GET /camera/7 HTTP/1.1" 200 1027 "https://camera.urdu.uz/" "Mozilla/5.0 (Linux; Android 10; M2006C3LG) AppleWebKit/537.36 (KHTML, like Gecko) Chrome/87.0.4280.101 Mobile Safari/537.36"
213.230.86.83 - - [15/Aug/2022:14:43:58 +0500] "GET /camera/7 HTTP/1.1" 200 1024 "https://camera.urdu.uz/" "Mozilla/5.0 (Windows NT 6.1; Win64; x64) AppleWebKit/537.36 (KHTML, like Gecko) Chrome/104.0.0.0 Safari/537.36"
185.139.139.235 - - [15/Aug/2022:14:44:13 +0500] "GET /camera/11 HTTP/1.1" 200 1026 "https://camera.urdu.uz/" "Mozilla/5.0 (Linux; Android 10; M2006C3LG) AppleWebKit/537.36 (KHTML, like Gecko) Chrome/87.0.4280.101 Mobile Safari/537.36"
213.230.86.187 - - [15/Aug/2022:14:44:27 +0500] "GET / HTTP/1.1" 200 2933 "-" "Mozilla/5.0 (iPhone; CPU iPhone OS 15_4_1 like Mac OS X) AppleWebKit/605.1.15 (KHTML, like Gecko) Version/15.4 Mobile/15E148 Safari/604.1"
213.230.86.117 - - [15/Aug/2022:14:44:46 +0500] "GET /camera/7 HTTP/1.1" 200 1026 "https://camera.urdu.uz/" "Mozilla/5.0 (Linux; Android 6.0.1; SAMSUNG SM-G532F) AppleWebKit/537.36 (KHTML, like Gecko) SamsungBrowser/16.2 Chrome/92.0.4515.166 Mobile Safari/537.36"
213.230.86.117 - - [15/Aug/2022:14:45:06 +0500] "GET /camera/7 HTTP/1.1" 200 1024 "https://camera.urdu.uz/" "Mozilla/5.0 (Linux; Android 6.0.1; SAMSUNG SM-G532F) AppleWebKit/537.36 (KHTML, like Gecko) SamsungBrowser/16.2 Chrome/92.0.4515.166 Mobile Safari/537.36"
185.139.139.235 - - [15/Aug/2022:14:45:24 +0500] "GET /camera/11 HTTP/1.1" 200 1026 "https://camera.urdu.uz/" "Mozilla/5.0 (Linux; Android 10; M2006C3LG) AppleWebKit/537.36 (KHTML, like Gecko) Chrome/87.0.4280.101 Mobile Safari/537.36"
185.139.139.235 - - [15/Aug/2022:14:45:25 +0500] "GET /favicon.ico HTTP/1.1" 200 318 "https://camera.urdu.uz/camera/11" "Mozilla/5.0 (Linux; Android 10; M2006C3LG) AppleWebKit/537.36 (KHTML, like Gecko) Chrome/87.0.4280.101 Mobile Safari/537.36"
84.54.71.217 - - [15/Aug/2022:14:45:53 +0500] "GET / HTTP/1.1" 200 2937 "android-app://org.aka.messenger/" "Mozilla/5.0 (Linux; Android 12; SM-A325F) AppleWebKit/537.36 (KHTML, like Gecko) Chrome/104.0.0.0 Mobile Safari/537.36"
84.54.71.217 - - [15/Aug/2022:14:45:56 +0500] "GET /camera/7 HTTP/1.1" 200 1028 "https://camera.urdu.uz/" "Mozilla/5.0 (Linux; Android 12; SM-A325F) AppleWebKit/537.36 (KHTML, like Gecko) Chrome/104.0.0.0 Mobile Safari/537.36"
213.230.86.117 - - [15/Aug/2022:14:46:16 +0500] "GET / HTTP/1.1" 200 2940 "-" "Mozilla/5.0 (Linux; Android 6.0.1; SAMSUNG SM-G532F) AppleWebKit/537.36 (KHTML, like Gecko) SamsungBrowser/16.2 Chrome/92.0.4515.166 Mobile Safari/537.36"
213.230.86.117 - - [15/Aug/2022:14:46:16 +0500] "GET /.well-known/assetlinks.json HTTP/1.1" 404 2168 "-" "Mozilla/5.0 (Linux; Android 6.0.1; SAMSUNG SM-G532F) AppleWebKit/537.36 (KHTML, like Gecko) SamsungBrowser/16.2 Chrome/92.0.4515.166 Mobile Safari/537.36"
213.230.86.117 - - [15/Aug/2022:14:46:20 +0500] "GET /camera/12 HTTP/1.1" 200 1026 "https://camera.urdu.uz/" "Mozilla/5.0 (Linux; Android 6.0.1; SAMSUNG SM-G532F) AppleWebKit/537.36 (KHTML, like Gecko) SamsungBrowser/16.2 Chrome/92.0.4515.166 Mobile Safari/537.36"
213.230.86.117 - - [15/Aug/2022:14:46:53 +0500] "GET /camera/13 HTTP/1.1" 200 1026 "https://camera.urdu.uz/" "Mozilla/5.0 (Linux; Android 6.0.1; SAMSUNG SM-G532F) AppleWebKit/537.36 (KHTML, like Gecko) SamsungBrowser/16.2 Chrome/92.0.4515.166 Mobile Safari/537.36"
213.230.86.83 - - [15/Aug/2022:14:46:55 +0500] "GET / HTTP/1.1" 200 2933 "-" "Mozilla/5.0 (Windows NT 6.1; Win64; x64) AppleWebKit/537.36 (KHTML, like Gecko) Chrome/104.0.0.0 Safari/537.36"
185.139.139.211 - - [15/Aug/2022:14:46:57 +0500] "GET /camera/7 HTTP/1.1" 200 1022 "https://camera.urdu.uz/" "Mozilla/5.0 (Linux; Android 10; M2006C3LG) AppleWebKit/537.36 (KHTML, like Gecko) Chrome/87.0.4280.101 Mobile Safari/537.36"
213.230.86.83 - - [15/Aug/2022:14:47:05 +0500] "GET / HTTP/1.1" 200 2937 "-" "Mozilla/5.0 (Windows NT 6.1; Win64; x64) AppleWebKit/537.36 (KHTML, like Gecko) Chrome/104.0.0.0 Safari/537.36"
213.230.86.117 - - [15/Aug/2022:14:47:10 +0500] "GET /camera/7 HTTP/1.1" 200 1027 "https://camera.urdu.uz/" "Mozilla/5.0 (Linux; Android 6.0.1; SAMSUNG SM-G532F) AppleWebKit/537.36 (KHTML, like Gecko) SamsungBrowser/16.2 Chrome/92.0.4515.166 Mobile Safari/537.36"
213.230.86.117 - - [15/Aug/2022:14:47:21 +0500] "GET /camera/11 HTTP/1.1" 200 1027 "https://camera.urdu.uz/" "Mozilla/5.0 (Linux; Android 6.0.1; SAMSUNG SM-G532F) AppleWebKit/537.36 (KHTML, like Gecko) SamsungBrowser/16.2 Chrome/92.0.4515.166 Mobile Safari/537.36"
213.230.86.83 - - [15/Aug/2022:14:47:43 +0500] "GET /camera/7 HTTP/1.1" 200 1027 "https://camera.urdu.uz/" "Mozilla/5.0 (Windows NT 6.1; Win64; x64) AppleWebKit/537.36 (KHTML, like Gecko) Chrome/104.0.0.0 Safari/537.36"
185.213.230.109 - - [15/Aug/2022:14:48:04 +0500] "GET / HTTP/1.1" 200 2942 "-" "Mozilla/5.0 (Linux; Android 11; M2004J19C) AppleWebKit/537.36 (KHTML, like Gecko) Chrome/102.0.0.0 Mobile Safari/537.36"
185.213.230.109 - - [15/Aug/2022:14:48:11 +0500] "GET /camera/7 HTTP/1.1" 200 1026 "https://camera.urdu.uz/" "Mozilla/5.0 (Linux; Android 11; M2004J19C) AppleWebKit/537.36 (KHTML, like Gecko) Chrome/102.0.0.0 Mobile Safari/537.36"
195.158.31.179 - - [15/Aug/2022:14:48:53 +0500] "GET / HTTP/1.1" 200 2938 "-" "Mozilla/5.0 (Windows NT 10.0; Win64; x64) AppleWebKit/537.36 (KHTML, like Gecko) Chrome/104.0.0.0 Safari/537.36"
195.158.31.179 - - [15/Aug/2022:14:48:58 +0500] "GET /camera/7 HTTP/1.1" 200 1024 "https://camera.urdu.uz/" "Mozilla/5.0 (Windows NT 10.0; Win64; x64) AppleWebKit/537.36 (KHTML, like Gecko) Chrome/104.0.0.0 Safari/537.36"
185.139.139.211 - - [15/Aug/2022:14:49:03 +0500] "GET / HTTP/1.1" 200 2942 "-" "Mozilla/5.0 (Linux; Android 10; M2006C3LG) AppleWebKit/537.36 (KHTML, like Gecko) Chrome/87.0.4280.101 Mobile Safari/537.36"
185.139.139.211 - - [15/Aug/2022:14:49:08 +0500] "GET /camera/7 HTTP/1.1" 200 1028 "https://camera.urdu.uz/" "Mozilla/5.0 (Linux; Android 10; M2006C3LG) AppleWebKit/537.36 (KHTML, like Gecko) Chrome/87.0.4280.101 Mobile Safari/537.36"
195.158.31.179 - - [15/Aug/2022:14:49:10 +0500] "GET /camera/7 HTTP/1.1" 200 1025 "https://camera.urdu.uz/" "Mozilla/5.0 (Windows NT 10.0; Win64; x64) AppleWebKit/537.36 (KHTML, like Gecko) Chrome/104.0.0.0 Safari/537.36"
185.139.139.211 - - [15/Aug/2022:14:49:32 +0500] "GET /camera/11 HTTP/1.1" 200 1025 "https://camera.urdu.uz/" "Mozilla/5.0 (Linux; Android 10; M2006C3LG) AppleWebKit/537.36 (KHTML, like Gecko) Chrome/87.0.4280.101 Mobile Safari/537.36"
185.139.139.235 - - [15/Aug/2022:14:50:50 +0500] "GET /camera/10 HTTP/1.1" 200 1026 "https://camera.urdu.uz/" "Mozilla/5.0 (Linux; Android 10; M2006C3LG) AppleWebKit/537.36 (KHTML, like Gecko) Chrome/87.0.4280.101 Mobile Safari/537.36"
51.15.87.119 - - [15/Aug/2022:14:51:46 +0500] "GET / HTTP/1.1" 200 2935 "android-app://ir.ilmili.telegraph/" "Mozilla/5.0 (Linux; Android 10; TECNO KD6) AppleWebKit/537.36 (KHTML, like Gecko) Chrome/104.0.0.0 Mobile Safari/537.36"
51.15.87.119 - - [15/Aug/2022:14:51:55 +0500] "GET /camera/11 HTTP/1.1" 200 1028 "https://camera.urdu.uz/" "Mozilla/5.0 (Linux; Android 10; TECNO KD6) AppleWebKit/537.36 (KHTML, like Gecko) Chrome/104.0.0.0 Mobile Safari/537.36"
195.158.31.179 - - [15/Aug/2022:14:52:14 +0500] "GET /camera/14 HTTP/1.1" 200 1026 "https://camera.urdu.uz/" "Mozilla/5.0 (Windows NT 10.0; Win64; x64) AppleWebKit/537.36 (KHTML, like Gecko) Chrome/104.0.0.0 Safari/537.36"
195.158.31.179 - - [15/Aug/2022:14:52:32 +0500] "GET /camera/5 HTTP/1.1" 200 1027 "https://camera.urdu.uz/" "Mozilla/5.0 (Windows NT 10.0; Win64; x64) AppleWebKit/537.36 (KHTML, like Gecko) Chrome/104.0.0.0 Safari/537.36"
51.15.87.119 - - [15/Aug/2022:14:52:42 +0500] "GET /camera/7 HTTP/1.1" 200 1027 "https://camera.urdu.uz/" "Mozilla/5.0 (Linux; Android 10; TECNO KD6) AppleWebKit/537.36 (KHTML, like Gecko) Chrome/104.0.0.0 Mobile Safari/537.36"
213.230.86.117 - - [15/Aug/2022:14:53:18 +0500] "GET /.well-known/assetlinks.json HTTP/1.1" 404 2168 "-" "Mozilla/5.0 (Linux; Android 6.0.1; SAMSUNG SM-G532F) AppleWebKit/537.36 (KHTML, like Gecko) SamsungBrowser/16.2 Chrome/92.0.4515.166 Mobile Safari/537.36"
213.230.86.117 - - [15/Aug/2022:14:53:18 +0500] "GET / HTTP/1.1" 200 2938 "-" "Mozilla/5.0 (Linux; Android 6.0.1; SAMSUNG SM-G532F) AppleWebKit/537.36 (KHTML, like Gecko) SamsungBrowser/16.2 Chrome/92.0.4515.166 Mobile Safari/537.36"
213.230.86.117 - - [15/Aug/2022:14:53:23 +0500] "GET /camera/7 HTTP/1.1" 200 1028 "https://camera.urdu.uz/" "Mozilla/5.0 (Linux; Android 6.0.1; SAMSUNG SM-G532F) AppleWebKit/537.36 (KHTML, like Gecko) SamsungBrowser/16.2 Chrome/92.0.4515.166 Mobile Safari/537.36"
51.15.87.119 - - [15/Aug/2022:14:53:24 +0500] "GET /camera/11 HTTP/1.1" 200 1028 "https://camera.urdu.uz/" "Mozilla/5.0 (Linux; Android 10; TECNO KD6) AppleWebKit/537.36 (KHTML, like Gecko) Chrome/104.0.0.0 Mobile Safari/537.36"
213.230.86.117 - - [15/Aug/2022:14:53:40 +0500] "GET /camera/11 HTTP/1.1" 200 1027 "https://camera.urdu.uz/" "Mozilla/5.0 (Linux; Android 6.0.1; SAMSUNG SM-G532F) AppleWebKit/537.36 (KHTML, like Gecko) SamsungBrowser/16.2 Chrome/92.0.4515.166 Mobile Safari/537.36"
51.15.87.119 - - [15/Aug/2022:14:54:04 +0500] "GET /camera/7 HTTP/1.1" 200 1027 "https://camera.urdu.uz/" "Mozilla/5.0 (Linux; Android 10; TECNO KD6) AppleWebKit/537.36 (KHTML, like Gecko) Chrome/104.0.0.0 Mobile Safari/537.36"
51.15.87.119 - - [15/Aug/2022:14:54:28 +0500] "GET /camera/11 HTTP/1.1" 200 1026 "https://camera.urdu.uz/" "Mozilla/5.0 (Linux; Android 10; TECNO KD6) AppleWebKit/537.36 (KHTML, like Gecko) Chrome/104.0.0.0 Mobile Safari/537.36"
213.230.86.117 - - [15/Aug/2022:14:54:28 +0500] "GET /camera/10 HTTP/1.1" 200 1027 "https://camera.urdu.uz/" "Mozilla/5.0 (Linux; Android 6.0.1; SAMSUNG SM-G532F) AppleWebKit/537.36 (KHTML, like Gecko) SamsungBrowser/16.2 Chrome/92.0.4515.166 Mobile Safari/537.36"
51.15.76.230 - - [15/Aug/2022:14:55:27 +0500] "GET / HTTP/1.1" 200 2935 "-" "Mozilla/5.0 (Linux; Android 11; SM-A205FN) AppleWebKit/537.36 (KHTML, like Gecko) Chrome/104.0.0.0 Mobile Safari/537.36"
135.125.201.220 - - [15/Aug/2022:14:55:42 +0500] "GET / HTTP/1.1" 200 2940 "-" "Mozilla/5.0 (Linux; Android 12; SAMSUNG SM-A325F) AppleWebKit/537.36 (KHTML, like Gecko) SamsungBrowser/18.0 Chrome/99.0.4844.88 Mobile Safari/537.36"
51.15.76.230 - - [15/Aug/2022:14:55:44 +0500] "GET /camera/11 HTTP/1.1" 200 1024 "https://camera.urdu.uz/" "Mozilla/5.0 (Linux; Android 11; SM-A205FN) AppleWebKit/537.36 (KHTML, like Gecko) Chrome/104.0.0.0 Mobile Safari/537.36"
135.125.201.220 - - [15/Aug/2022:14:55:47 +0500] "GET /camera/7 HTTP/1.1" 200 1027 "https://camera.urdu.uz/" "Mozilla/5.0 (Linux; Android 12; SAMSUNG SM-A325F) AppleWebKit/537.36 (KHTML, like Gecko) SamsungBrowser/18.0 Chrome/99.0.4844.88 Mobile Safari/537.36"
84.54.71.142 - - [15/Aug/2022:14:56:13 +0500] "GET / HTTP/1.1" 200 2940 "-" "Mozilla/5.0 (Linux; Android 12; SAMSUNG SM-A235F) AppleWebKit/537.36 (KHTML, like Gecko) SamsungBrowser/17.0 Chrome/96.0.4664.104 Mobile Safari/537.36"
84.54.71.142 - - [15/Aug/2022:14:56:13 +0500] "GET /css/site.css HTTP/1.1" 200 1858 "https://camera.urdu.uz/" "Mozilla/5.0 (Linux; Android 12; SAMSUNG SM-A235F) AppleWebKit/537.36 (KHTML, like Gecko) SamsungBrowser/17.0 Chrome/96.0.4664.104 Mobile Safari/537.36"
84.54.71.142 - - [15/Aug/2022:14:56:13 +0500] "GET /assets/629a94c2/yii.js HTTP/1.1" 200 20934 "https://camera.urdu.uz/" "Mozilla/5.0 (Linux; Android 12; SAMSUNG SM-A235F) AppleWebKit/537.36 (KHTML, like Gecko) SamsungBrowser/17.0 Chrome/96.0.4664.104 Mobile Safari/537.36"
84.54.71.142 - - [15/Aug/2022:14:56:13 +0500] "GET /assets/17263276/css/bootstrap.css HTTP/1.1" 200 237601 "https://camera.urdu.uz/" "Mozilla/5.0 (Linux; Android 12; SAMSUNG SM-A235F) AppleWebKit/537.36 (KHTML, like Gecko) SamsungBrowser/17.0 Chrome/96.0.4664.104 Mobile Safari/537.36"
84.54.71.142 - - [15/Aug/2022:14:56:14 +0500] "GET /assets/17263276/js/bootstrap.bundle.js HTTP/1.1" 200 207371 "https://camera.urdu.uz/" "Mozilla/5.0 (Linux; Android 12; SAMSUNG SM-A235F) AppleWebKit/537.36 (KHTML, like Gecko) SamsungBrowser/17.0 Chrome/96.0.4664.104 Mobile Safari/537.36"
84.54.71.142 - - [15/Aug/2022:14:56:14 +0500] "GET /assets/ef59ca7b/jquery.js HTTP/1.1" 200 288580 "https://camera.urdu.uz/" "Mozilla/5.0 (Linux; Android 12; SAMSUNG SM-A235F) AppleWebKit/537.36 (KHTML, like Gecko) SamsungBrowser/17.0 Chrome/96.0.4664.104 Mobile Safari/537.36"
84.54.71.142 - - [15/Aug/2022:14:56:15 +0500] "GET /img/logo.png HTTP/1.1" 200 1042067 "https://camera.urdu.uz/" "Mozilla/5.0 (Linux; Android 12; SAMSUNG SM-A235F) AppleWebKit/537.36 (KHTML, like Gecko) SamsungBrowser/17.0 Chrome/96.0.4664.104 Mobile Safari/537.36"
84.54.71.142 - - [15/Aug/2022:14:56:15 +0500] "GET /favicon.ico HTTP/1.1" 200 318 "https://camera.urdu.uz/" "Mozilla/5.0 (Linux; Android 12; SAMSUNG SM-A235F) AppleWebKit/537.36 (KHTML, like Gecko) SamsungBrowser/17.0 Chrome/96.0.4664.104 Mobile Safari/537.36"
51.15.87.119 - - [15/Aug/2022:14:56:17 +0500] "GET /camera/7 HTTP/1.1" 200 1025 "https://camera.urdu.uz/" "Mozilla/5.0 (Linux; Android 10; TECNO KD6) AppleWebKit/537.36 (KHTML, like Gecko) Chrome/104.0.0.0 Mobile Safari/537.36"
84.54.71.142 - - [15/Aug/2022:14:56:19 +0500] "GET /camera/7 HTTP/1.1" 200 1025 "https://camera.urdu.uz/" "Mozilla/5.0 (Linux; Android 12; SAMSUNG SM-A235F) AppleWebKit/537.36 (KHTML, like Gecko) SamsungBrowser/17.0 Chrome/96.0.4664.104 Mobile Safari/537.36"
213.230.86.117 - - [15/Aug/2022:14:56:30 +0500] "GET / HTTP/1.1" 200 2934 "-" "Mozilla/5.0 (Linux; Android 6.0.1; SAMSUNG SM-G532F) AppleWebKit/537.36 (KHTML, like Gecko) SamsungBrowser/16.2 Chrome/92.0.4515.166 Mobile Safari/537.36"
84.54.71.142 - - [15/Aug/2022:14:56:31 +0500] "GET /camera/7 HTTP/1.1" 200 1027 "https://camera.urdu.uz/" "Mozilla/5.0 (Linux; Android 12; SAMSUNG SM-A235F) AppleWebKit/537.36 (KHTML, like Gecko) SamsungBrowser/17.0 Chrome/96.0.4664.104 Mobile Safari/537.36"
213.230.86.117 - - [15/Aug/2022:14:56:37 +0500] "GET /camera/11 HTTP/1.1" 200 1026 "https://camera.urdu.uz/" "Mozilla/5.0 (Linux; Android 6.0.1; SAMSUNG SM-G532F) AppleWebKit/537.36 (KHTML, like Gecko) SamsungBrowser/16.2 Chrome/92.0.4515.166 Mobile Safari/537.36"
51.15.87.119 - - [15/Aug/2022:14:56:47 +0500] "GET /camera/11 HTTP/1.1" 200 1024 "https://camera.urdu.uz/" "Mozilla/5.0 (Linux; Android 10; TECNO KD6) AppleWebKit/537.36 (KHTML, like Gecko) Chrome/104.0.0.0 Mobile Safari/537.36"
84.54.71.142 - - [15/Aug/2022:14:57:39 +0500] "GET /camera/7 HTTP/1.1" 200 1027 "https://camera.urdu.uz/" "Mozilla/5.0 (Linux; Android 12; SAMSUNG SM-A235F) AppleWebKit/537.36 (KHTML, like Gecko) SamsungBrowser/17.0 Chrome/96.0.4664.104 Mobile Safari/537.36"
51.15.76.230 - - [15/Aug/2022:14:57:42 +0500] "GET /camera/14 HTTP/1.1" 200 1027 "https://camera.urdu.uz/" "Mozilla/5.0 (Linux; Android 11; SM-A205FN) AppleWebKit/537.36 (KHTML, like Gecko) Chrome/104.0.0.0 Mobile Safari/537.36"
51.15.76.230 - - [15/Aug/2022:14:58:00 +0500] "GET /camera/15 HTTP/1.1" 200 1024 "https://camera.urdu.uz/" "Mozilla/5.0 (Linux; Android 11; SM-A205FN) AppleWebKit/537.36 (KHTML, like Gecko) Chrome/104.0.0.0 Mobile Safari/537.36"
51.15.76.230 - - [15/Aug/2022:14:58:07 +0500] "GET /camera/5 HTTP/1.1" 200 1027 "https://camera.urdu.uz/" "Mozilla/5.0 (Linux; Android 11; SM-A205FN) AppleWebKit/537.36 (KHTML, like Gecko) Chrome/104.0.0.0 Mobile Safari/537.36"
185.139.137.184 - - [15/Aug/2022:14:58:57 +0500] "GET / HTTP/1.1" 200 2938 "-" "Mozilla/5.0 (Linux; Android 8.1.0; SM-J260F Build/M1AJB; wv) AppleWebKit/537.36 (KHTML, like Gecko) Version/4.0 SamsungBrowser/7.2 Chrome/100.0.4896.127 Mobile Safari/537.36"
185.139.137.184 - - [15/Aug/2022:14:58:58 +0500] "GET /css/site.css HTTP/1.1" 200 1858 "https://camera.urdu.uz/" "Mozilla/5.0 (Linux; Android 8.1.0; SM-J260F Build/M1AJB; wv) AppleWebKit/537.36 (KHTML, like Gecko) Version/4.0 SamsungBrowser/7.2 Chrome/100.0.4896.127 Mobile Safari/537.36"
185.139.137.184 - - [15/Aug/2022:14:58:58 +0500] "GET /assets/629a94c2/yii.js HTTP/1.1" 200 20934 "https://camera.urdu.uz/" "Mozilla/5.0 (Linux; Android 8.1.0; SM-J260F Build/M1AJB; wv) AppleWebKit/537.36 (KHTML, like Gecko) Version/4.0 SamsungBrowser/7.2 Chrome/100.0.4896.127 Mobile Safari/537.36"
185.139.137.184 - - [15/Aug/2022:14:58:59 +0500] "GET /assets/ef59ca7b/jquery.js HTTP/1.1" 200 288580 "https://camera.urdu.uz/" "Mozilla/5.0 (Linux; Android 8.1.0; SM-J260F Build/M1AJB; wv) AppleWebKit/537.36 (KHTML, like Gecko) Version/4.0 SamsungBrowser/7.2 Chrome/100.0.4896.127 Mobile Safari/537.36"
185.139.137.184 - - [15/Aug/2022:14:59:01 +0500] "GET /assets/17263276/js/bootstrap.bundle.js HTTP/1.1" 200 207371 "https://camera.urdu.uz/" "Mozilla/5.0 (Linux; Android 8.1.0; SM-J260F Build/M1AJB; wv) AppleWebKit/537.36 (KHTML, like Gecko) Version/4.0 SamsungBrowser/7.2 Chrome/100.0.4896.127 Mobile Safari/537.36"
185.139.137.184 - - [15/Aug/2022:14:59:01 +0500] "GET /assets/17263276/css/bootstrap.css HTTP/1.1" 200 237601 "https://camera.urdu.uz/" "Mozilla/5.0 (Linux; Android 8.1.0; SM-J260F Build/M1AJB; wv) AppleWebKit/537.36 (KHTML, like Gecko) Version/4.0 SamsungBrowser/7.2 Chrome/100.0.4896.127 Mobile Safari/537.36"
185.139.137.184 - - [15/Aug/2022:14:59:05 +0500] "GET /img/logo.png HTTP/1.1" 200 1042067 "https://camera.urdu.uz/" "Mozilla/5.0 (Linux; Android 8.1.0; SM-J260F Build/M1AJB; wv) AppleWebKit/537.36 (KHTML, like Gecko) Version/4.0 SamsungBrowser/7.2 Chrome/100.0.4896.127 Mobile Safari/537.36"
185.139.137.184 - - [15/Aug/2022:14:59:05 +0500] "GET /favicon.ico HTTP/1.1" 200 318 "https://camera.urdu.uz/" "Mozilla/5.0 (Linux; Android 8.1.0; SM-J260F Build/M1AJB; wv) AppleWebKit/537.36 (KHTML, like Gecko) Version/4.0 SamsungBrowser/7.2 Chrome/100.0.4896.127 Mobile Safari/537.36"
51.15.87.119 - - [15/Aug/2022:14:59:14 +0500] "GET /camera/7 HTTP/1.1" 200 1026 "https://camera.urdu.uz/" "Mozilla/5.0 (Linux; Android 10; TECNO KD6) AppleWebKit/537.36 (KHTML, like Gecko) Chrome/104.0.0.0 Mobile Safari/537.36"
185.139.137.184 - - [15/Aug/2022:14:59:23 +0500] "GET /camera/11 HTTP/1.1" 200 1029 "https://camera.urdu.uz/" "Mozilla/5.0 (Linux; Android 8.1.0; SM-J260F Build/M1AJB; wv) AppleWebKit/537.36 (KHTML, like Gecko) Version/4.0 SamsungBrowser/7.2 Chrome/100.0.4896.127 Mobile Safari/537.36"
195.158.31.181 - - [15/Aug/2022:14:59:55 +0500] "GET / HTTP/1.1" 200 2935 "-" "Mozilla/5.0 (Windows NT 10.0; Win64; x64) AppleWebKit/537.36 (KHTML, like Gecko) Chrome/104.0.0.0 Safari/537.36"
195.158.31.181 - - [15/Aug/2022:14:59:55 +0500] "GET /css/site.css HTTP/1.1" 200 1858 "https://camera.urdu.uz/" "Mozilla/5.0 (Windows NT 10.0; Win64; x64) AppleWebKit/537.36 (KHTML, like Gecko) Chrome/104.0.0.0 Safari/537.36"
195.158.31.181 - - [15/Aug/2022:14:59:55 +0500] "GET /assets/17263276/css/bootstrap.css HTTP/1.1" 200 237601 "https://camera.urdu.uz/" "Mozilla/5.0 (Windows NT 10.0; Win64; x64) AppleWebKit/537.36 (KHTML, like Gecko) Chrome/104.0.0.0 Safari/537.36"
195.158.31.181 - - [15/Aug/2022:14:59:55 +0500] "GET /assets/ef59ca7b/jquery.js HTTP/1.1" 200 288580 "https://camera.urdu.uz/" "Mozilla/5.0 (Windows NT 10.0; Win64; x64) AppleWebKit/537.36 (KHTML, like Gecko) Chrome/104.0.0.0 Safari/537.36"
195.158.31.181 - - [15/Aug/2022:14:59:55 +0500] "GET /assets/629a94c2/yii.js HTTP/1.1" 200 20934 "https://camera.urdu.uz/" "Mozilla/5.0 (Windows NT 10.0; Win64; x64) AppleWebKit/537.36 (KHTML, like Gecko) Chrome/104.0.0.0 Safari/537.36"
195.158.31.181 - - [15/Aug/2022:14:59:55 +0500] "GET /assets/17263276/js/bootstrap.bundle.js HTTP/1.1" 200 207371 "https://camera.urdu.uz/" "Mozilla/5.0 (Windows NT 10.0; Win64; x64) AppleWebKit/537.36 (KHTML, like Gecko) Chrome/104.0.0.0 Safari/537.36"
195.158.31.181 - - [15/Aug/2022:14:59:55 +0500] "GET /img/logo.png HTTP/1.1" 200 1042067 "https://camera.urdu.uz/" "Mozilla/5.0 (Windows NT 10.0; Win64; x64) AppleWebKit/537.36 (KHTML, like Gecko) Chrome/104.0.0.0 Safari/537.36"
195.158.31.181 - - [15/Aug/2022:14:59:55 +0500] "GET /favicon.ico HTTP/1.1" 200 318 "https://camera.urdu.uz/" "Mozilla/5.0 (Windows NT 10.0; Win64; x64) AppleWebKit/537.36 (KHTML, like Gecko) Chrome/104.0.0.0 Safari/537.36"
195.158.31.181 - - [15/Aug/2022:15:00:09 +0500] "GET /camera/12 HTTP/1.1" 200 1026 "https://camera.urdu.uz/" "Mozilla/5.0 (Windows NT 10.0; Win64; x64) AppleWebKit/537.36 (KHTML, like Gecko) Chrome/104.0.0.0 Safari/537.36"
51.15.87.119 - - [15/Aug/2022:15:00:25 +0500] "GET / HTTP/1.1" 200 2938 "android-app://ir.ilmili.telegraph/" "Mozilla/5.0 (Linux; Android 10; TECNO KD6) AppleWebKit/537.36 (KHTML, like Gecko) Chrome/104.0.0.0 Mobile Safari/537.36"
185.139.137.184 - - [15/Aug/2022:15:00:37 +0500] "GET /camera/7 HTTP/1.1" 200 1026 "https://camera.urdu.uz/" "Mozilla/5.0 (Linux; Android 8.1.0; SM-J260F Build/M1AJB; wv) AppleWebKit/537.36 (KHTML, like Gecko) Version/4.0 SamsungBrowser/7.2 Chrome/100.0.4896.127 Mobile Safari/537.36"
51.15.87.119 - - [15/Aug/2022:15:00:49 +0500] "GET /camera/11 HTTP/1.1" 200 1026 "https://camera.urdu.uz/" "Mozilla/5.0 (Linux; Android 10; TECNO KD6) AppleWebKit/537.36 (KHTML, like Gecko) Chrome/104.0.0.0 Mobile Safari/537.36"
185.139.137.184 - - [15/Aug/2022:15:01:02 +0500] "GET /camera/14 HTTP/1.1" 499 0 "https://camera.urdu.uz/" "Mozilla/5.0 (Linux; Android 8.1.0; SM-J260F Build/M1AJB; wv) AppleWebKit/537.36 (KHTML, like Gecko) Version/4.0 SamsungBrowser/7.2 Chrome/100.0.4896.127 Mobile Safari/537.36"
185.139.137.184 - - [15/Aug/2022:15:01:02 +0500] "GET /camera/14 HTTP/1.1" 200 1023 "https://camera.urdu.uz/" "Mozilla/5.0 (Linux; Android 8.1.0; SM-J260F Build/M1AJB; wv) AppleWebKit/537.36 (KHTML, like Gecko) Version/4.0 SamsungBrowser/7.2 Chrome/100.0.4896.127 Mobile Safari/537.36"
185.139.137.184 - - [15/Aug/2022:15:01:14 +0500] "GET /camera/15 HTTP/1.1" 200 1024 "https://camera.urdu.uz/" "Mozilla/5.0 (Linux; Android 8.1.0; SM-J260F Build/M1AJB; wv) AppleWebKit/537.36 (KHTML, like Gecko) Version/4.0 SamsungBrowser/7.2 Chrome/100.0.4896.127 Mobile Safari/537.36"
185.139.137.184 - - [15/Aug/2022:15:01:24 +0500] "GET /camera/10 HTTP/1.1" 200 1028 "https://camera.urdu.uz/" "Mozilla/5.0 (Linux; Android 8.1.0; SM-J260F Build/M1AJB; wv) AppleWebKit/537.36 (KHTML, like Gecko) Version/4.0 SamsungBrowser/7.2 Chrome/100.0.4896.127 Mobile Safari/537.36"
213.230.86.117 - - [15/Aug/2022:15:01:57 +0500] "GET /.well-known/assetlinks.json HTTP/1.1" 404 2168 "-" "Mozilla/5.0 (Linux; Android 6.0.1; SAMSUNG SM-G532F) AppleWebKit/537.36 (KHTML, like Gecko) SamsungBrowser/16.2 Chrome/92.0.4515.166 Mobile Safari/537.36"
213.230.86.117 - - [15/Aug/2022:15:01:57 +0500] "GET / HTTP/1.1" 200 2941 "-" "Mozilla/5.0 (Linux; Android 6.0.1; SAMSUNG SM-G532F) AppleWebKit/537.36 (KHTML, like Gecko) SamsungBrowser/16.2 Chrome/92.0.4515.166 Mobile Safari/537.36"
213.230.86.117 - - [15/Aug/2022:15:02:03 +0500] "GET /camera/11 HTTP/1.1" 200 1022 "https://camera.urdu.uz/" "Mozilla/5.0 (Linux; Android 6.0.1; SAMSUNG SM-G532F) AppleWebKit/537.36 (KHTML, like Gecko) SamsungBrowser/16.2 Chrome/92.0.4515.166 Mobile Safari/537.36"
185.139.137.184 - - [15/Aug/2022:15:02:33 +0500] "GET /camera/7 HTTP/1.1" 200 1025 "https://camera.urdu.uz/" "Mozilla/5.0 (Linux; Android 8.1.0; SM-J260F Build/M1AJB; wv) AppleWebKit/537.36 (KHTML, like Gecko) Version/4.0 SamsungBrowser/7.2 Chrome/100.0.4896.127 Mobile Safari/537.36"
185.139.139.235 - - [15/Aug/2022:15:03:55 +0500] "GET / HTTP/1.1" 200 2941 "android-app://org.telegram.messenger/" "Mozilla/5.0 (Linux; Android 10; M2006C3LG) AppleWebKit/537.36 (KHTML, like Gecko) Chrome/87.0.4280.101 Mobile Safari/537.36"
51.15.87.119 - - [15/Aug/2022:15:03:58 +0500] "GET / HTTP/1.1" 200 2937 "android-app://ir.ilmili.telegraph/" "Mozilla/5.0 (Linux; Android 10; TECNO KD6) AppleWebKit/537.36 (KHTML, like Gecko) Chrome/104.0.0.0 Mobile Safari/537.36"
185.139.139.235 - - [15/Aug/2022:15:03:58 +0500] "GET /camera/7 HTTP/1.1" 200 1025 "https://camera.urdu.uz/" "Mozilla/5.0 (Linux; Android 10; M2006C3LG) AppleWebKit/537.36 (KHTML, like Gecko) Chrome/87.0.4280.101 Mobile Safari/537.36"
51.15.87.119 - - [15/Aug/2022:15:04:02 +0500] "GET /camera/11 HTTP/1.1" 200 1029 "https://camera.urdu.uz/" "Mozilla/5.0 (Linux; Android 10; TECNO KD6) AppleWebKit/537.36 (KHTML, like Gecko) Chrome/104.0.0.0 Mobile Safari/537.36"
51.15.87.119 - - [15/Aug/2022:15:04:21 +0500] "GET /camera/7 HTTP/1.1" 200 1026 "https://camera.urdu.uz/" "Mozilla/5.0 (Linux; Android 10; TECNO KD6) AppleWebKit/537.36 (KHTML, like Gecko) Chrome/104.0.0.0 Mobile Safari/537.36"
185.139.139.211 - - [15/Aug/2022:15:05:12 +0500] "GET /camera/11 HTTP/1.1" 200 1027 "https://camera.urdu.uz/" "Mozilla/5.0 (Linux; Android 10; M2006C3LG) AppleWebKit/537.36 (KHTML, like Gecko) Chrome/87.0.4280.101 Mobile Safari/537.36"
185.139.139.211 - - [15/Aug/2022:15:07:14 +0500] "GET /camera/7 HTTP/1.1" 200 1023 "https://camera.urdu.uz/" "Mozilla/5.0 (Linux; Android 10; M2006C3LG) AppleWebKit/537.36 (KHTML, like Gecko) Chrome/87.0.4280.101 Mobile Safari/537.36"
51.15.87.119 - - [15/Aug/2022:15:07:34 +0500] "GET / HTTP/1.1" 200 2935 "android-app://ir.ilmili.telegraph/" "Mozilla/5.0 (Linux; Android 10; TECNO KD6) AppleWebKit/537.36 (KHTML, like Gecko) Chrome/104.0.0.0 Mobile Safari/537.36"
51.15.87.119 - - [15/Aug/2022:15:07:39 +0500] "GET /camera/11 HTTP/1.1" 200 1023 "https://camera.urdu.uz/" "Mozilla/5.0 (Linux; Android 10; TECNO KD6) AppleWebKit/537.36 (KHTML, like Gecko) Chrome/104.0.0.0 Mobile Safari/537.36"
188.113.212.218 - - [15/Aug/2022:15:07:43 +0500] "GET / HTTP/1.1" 200 2940 "-" "Mozilla/5.0 (Linux; U; Android 11; uz-uz; Redmi Note 9 Build/RP1A.200720.011) AppleWebKit/537.36 (KHTML, like Gecko) Version/4.0 Chrome/89.0.4389.116 Mobile Safari/537.36 XiaoMi/MiuiBrowser/13.8.0-gn"
188.113.212.218 - - [15/Aug/2022:15:07:43 +0500] "GET /css/site.css HTTP/1.1" 200 1858 "https://camera.urdu.uz/" "Mozilla/5.0 (Linux; U; Android 11; uz-uz; Redmi Note 9 Build/RP1A.200720.011) AppleWebKit/537.36 (KHTML, like Gecko) Version/4.0 Chrome/89.0.4389.116 Mobile Safari/537.36 XiaoMi/MiuiBrowser/13.8.0-gn"
188.113.212.218 - - [15/Aug/2022:15:07:43 +0500] "GET /assets/629a94c2/yii.js HTTP/1.1" 200 20934 "https://camera.urdu.uz/" "Mozilla/5.0 (Linux; U; Android 11; uz-uz; Redmi Note 9 Build/RP1A.200720.011) AppleWebKit/537.36 (KHTML, like Gecko) Version/4.0 Chrome/89.0.4389.116 Mobile Safari/537.36 XiaoMi/MiuiBrowser/13.8.0-gn"
188.113.212.218 - - [15/Aug/2022:15:07:43 +0500] "GET /assets/17263276/css/bootstrap.css HTTP/1.1" 200 237601 "https://camera.urdu.uz/" "Mozilla/5.0 (Linux; U; Android 11; uz-uz; Redmi Note 9 Build/RP1A.200720.011) AppleWebKit/537.36 (KHTML, like Gecko) Version/4.0 Chrome/89.0.4389.116 Mobile Safari/537.36 XiaoMi/MiuiBrowser/13.8.0-gn"
188.113.212.218 - - [15/Aug/2022:15:07:43 +0500] "GET /assets/ef59ca7b/jquery.js HTTP/1.1" 200 288580 "https://camera.urdu.uz/" "Mozilla/5.0 (Linux; U; Android 11; uz-uz; Redmi Note 9 Build/RP1A.200720.011) AppleWebKit/537.36 (KHTML, like Gecko) Version/4.0 Chrome/89.0.4389.116 Mobile Safari/537.36 XiaoMi/MiuiBrowser/13.8.0-gn"
188.113.212.218 - - [15/Aug/2022:15:07:43 +0500] "GET /assets/17263276/js/bootstrap.bundle.js HTTP/1.1" 200 207371 "https://camera.urdu.uz/" "Mozilla/5.0 (Linux; U; Android 11; uz-uz; Redmi Note 9 Build/RP1A.200720.011) AppleWebKit/537.36 (KHTML, like Gecko) Version/4.0 Chrome/89.0.4389.116 Mobile Safari/537.36 XiaoMi/MiuiBrowser/13.8.0-gn"
188.113.212.218 - - [15/Aug/2022:15:07:44 +0500] "GET /img/logo.png HTTP/1.1" 200 1042067 "https://camera.urdu.uz/" "Mozilla/5.0 (Linux; U; Android 11; uz-uz; Redmi Note 9 Build/RP1A.200720.011) AppleWebKit/537.36 (KHTML, like Gecko) Version/4.0 Chrome/89.0.4389.116 Mobile Safari/537.36 XiaoMi/MiuiBrowser/13.8.0-gn"
188.113.212.218 - - [15/Aug/2022:15:07:44 +0500] "GET /favicon.ico HTTP/1.1" 200 318 "https://camera.urdu.uz/" "Mozilla/5.0 (Linux; U; Android 11; uz-uz; Redmi Note 9 Build/RP1A.200720.011) AppleWebKit/537.36 (KHTML, like Gecko) Version/4.0 Chrome/89.0.4389.116 Mobile Safari/537.36 XiaoMi/MiuiBrowser/13.8.0-gn"
188.113.212.218 - - [15/Aug/2022:15:08:16 +0500] "GET /camera/12 HTTP/1.1" 200 1026 "https://camera.urdu.uz/" "Mozilla/5.0 (Linux; U; Android 11; uz-uz; Redmi Note 9 Build/RP1A.200720.011) AppleWebKit/537.36 (KHTML, like Gecko) Version/4.0 Chrome/89.0.4389.116 Mobile Safari/537.36 XiaoMi/MiuiBrowser/13.8.0-gn"
188.113.212.218 - - [15/Aug/2022:15:08:17 +0500] "GET /camera/12 HTTP/1.1" 200 1027 "https://camera.urdu.uz/" "Mozilla/5.0 (Linux; U; Android 11; uz-uz; Redmi Note 9 Build/RP1A.200720.011) AppleWebKit/537.36 (KHTML, like Gecko) Version/4.0 Chrome/89.0.4389.116 Mobile Safari/537.36 XiaoMi/MiuiBrowser/13.8.0-gn"
185.213.229.62 - - [15/Aug/2022:15:08:35 +0500] "GET / HTTP/1.1" 200 2939 "-" "Mozilla/5.0 (Linux; Android 11; SAMSUNG SM-A505FN) AppleWebKit/537.36 (KHTML, like Gecko) SamsungBrowser/17.0 Chrome/96.0.4664.104 Mobile Safari/537.36"
185.213.229.62 - - [15/Aug/2022:15:08:45 +0500] "GET /camera/7 HTTP/1.1" 200 1027 "https://camera.urdu.uz/" "Mozilla/5.0 (Linux; Android 11; SAMSUNG SM-A505FN) AppleWebKit/537.36 (KHTML, like Gecko) SamsungBrowser/17.0 Chrome/96.0.4664.104 Mobile Safari/537.36"
188.113.212.218 - - [15/Aug/2022:15:08:47 +0500] "GET /camera/13 HTTP/1.1" 200 1024 "https://camera.urdu.uz/" "Mozilla/5.0 (Linux; U; Android 11; uz-uz; Redmi Note 9 Build/RP1A.200720.011) AppleWebKit/537.36 (KHTML, like Gecko) Version/4.0 Chrome/89.0.4389.116 Mobile Safari/537.36 XiaoMi/MiuiBrowser/13.8.0-gn"
185.213.229.62 - - [15/Aug/2022:15:08:48 +0500] "GET /camera/7 HTTP/1.1" 200 1027 "-" "Mozilla/5.0 (Linux; Android 11; SAMSUNG SM-A505FN) AppleWebKit/537.36 (KHTML, like Gecko) SamsungBrowser/17.0 Chrome/96.0.4664.104 Mobile Safari/537.36"
51.15.87.119 - - [15/Aug/2022:15:08:54 +0500] "GET /camera/7 HTTP/1.1" 200 1023 "https://camera.urdu.uz/" "Mozilla/5.0 (Linux; Android 10; TECNO KD6) AppleWebKit/537.36 (KHTML, like Gecko) Chrome/104.0.0.0 Mobile Safari/537.36"
185.213.229.62 - - [15/Aug/2022:15:09:02 +0500] "GET /camera/7 HTTP/1.1" 200 1025 "https://camera.urdu.uz/" "Mozilla/5.0 (Linux; Android 11; SAMSUNG SM-A505FN) AppleWebKit/537.36 (KHTML, like Gecko) SamsungBrowser/17.0 Chrome/96.0.4664.104 Mobile Safari/537.36"
188.113.212.218 - - [15/Aug/2022:15:09:02 +0500] "GET /camera/7 HTTP/1.1" 200 1026 "https://camera.urdu.uz/" "Mozilla/5.0 (Linux; U; Android 11; uz-uz; Redmi Note 9 Build/RP1A.200720.011) AppleWebKit/537.36 (KHTML, like Gecko) Version/4.0 Chrome/89.0.4389.116 Mobile Safari/537.36 XiaoMi/MiuiBrowser/13.8.0-gn"
195.158.31.181 - - [15/Aug/2022:15:09:14 +0500] "GET /camera/7 HTTP/1.1" 200 1026 "https://camera.urdu.uz/" "Mozilla/5.0 (Windows NT 10.0; Win64; x64) AppleWebKit/537.36 (KHTML, like Gecko) Chrome/104.0.0.0 Safari/537.36"
195.158.31.181 - - [15/Aug/2022:15:09:19 +0500] "GET /camera/7 HTTP/1.1" 200 1027 "https://camera.urdu.uz/" "Mozilla/5.0 (Windows NT 10.0; Win64; x64) AppleWebKit/537.36 (KHTML, like Gecko) Chrome/104.0.0.0 Safari/537.36"
195.158.31.181 - - [15/Aug/2022:15:09:35 +0500] "GET /camera/19 HTTP/1.1" 200 1025 "https://camera.urdu.uz/" "Mozilla/5.0 (Windows NT 10.0; Win64; x64) AppleWebKit/537.36 (KHTML, like Gecko) Chrome/104.0.0.0 Safari/537.36"
195.158.31.181 - - [15/Aug/2022:15:09:45 +0500] "GET /camera/17 HTTP/1.1" 200 1029 "https://camera.urdu.uz/" "Mozilla/5.0 (Windows NT 10.0; Win64; x64) AppleWebKit/537.36 (KHTML, like Gecko) Chrome/104.0.0.0 Safari/537.36"
213.230.86.83 - - [15/Aug/2022:15:09:59 +0500] "GET /camera/7 HTTP/1.1" 200 1028 "https://camera.urdu.uz/" "Mozilla/5.0 (Windows NT 6.1; Win64; x64) AppleWebKit/537.36 (KHTML, like Gecko) Chrome/104.0.0.0 Safari/537.36"
185.139.137.146 - - [15/Aug/2022:15:10:14 +0500] "GET / HTTP/1.1" 200 2940 "-" "Mozilla/5.0 (Linux; Android 8.1.0; SM-J260F Build/M1AJB; wv) AppleWebKit/537.36 (KHTML, like Gecko) Version/4.0 SamsungBrowser/7.2 Chrome/100.0.4896.127 Mobile Safari/537.36"
185.139.137.146 - - [15/Aug/2022:15:10:17 +0500] "GET /css/site.css HTTP/1.1" 200 1858 "https://camera.urdu.uz/" "Mozilla/5.0 (Linux; Android 8.1.0; SM-J260F Build/M1AJB; wv) AppleWebKit/537.36 (KHTML, like Gecko) Version/4.0 SamsungBrowser/7.2 Chrome/100.0.4896.127 Mobile Safari/537.36"
185.139.137.146 - - [15/Aug/2022:15:10:17 +0500] "GET /assets/629a94c2/yii.js HTTP/1.1" 200 20934 "https://camera.urdu.uz/" "Mozilla/5.0 (Linux; Android 8.1.0; SM-J260F Build/M1AJB; wv) AppleWebKit/537.36 (KHTML, like Gecko) Version/4.0 SamsungBrowser/7.2 Chrome/100.0.4896.127 Mobile Safari/537.36"
185.139.137.146 - - [15/Aug/2022:15:10:18 +0500] "GET /assets/17263276/css/bootstrap.css HTTP/1.1" 200 237601 "https://camera.urdu.uz/" "Mozilla/5.0 (Linux; Android 8.1.0; SM-J260F Build/M1AJB; wv) AppleWebKit/537.36 (KHTML, like Gecko) Version/4.0 SamsungBrowser/7.2 Chrome/100.0.4896.127 Mobile Safari/537.36"
185.139.137.146 - - [15/Aug/2022:15:10:19 +0500] "GET /assets/17263276/js/bootstrap.bundle.js HTTP/1.1" 200 207371 "https://camera.urdu.uz/" "Mozilla/5.0 (Linux; Android 8.1.0; SM-J260F Build/M1AJB; wv) AppleWebKit/537.36 (KHTML, like Gecko) Version/4.0 SamsungBrowser/7.2 Chrome/100.0.4896.127 Mobile Safari/537.36"
185.139.137.146 - - [15/Aug/2022:15:10:19 +0500] "GET /assets/ef59ca7b/jquery.js HTTP/1.1" 200 288580 "https://camera.urdu.uz/" "Mozilla/5.0 (Linux; Android 8.1.0; SM-J260F Build/M1AJB; wv) AppleWebKit/537.36 (KHTML, like Gecko) Version/4.0 SamsungBrowser/7.2 Chrome/100.0.4896.127 Mobile Safari/537.36"
185.139.137.146 - - [15/Aug/2022:15:10:21 +0500] "GET /img/logo.png HTTP/1.1" 200 1042067 "https://camera.urdu.uz/" "Mozilla/5.0 (Linux; Android 8.1.0; SM-J260F Build/M1AJB; wv) AppleWebKit/537.36 (KHTML, like Gecko) Version/4.0 SamsungBrowser/7.2 Chrome/100.0.4896.127 Mobile Safari/537.36"
185.139.137.146 - - [15/Aug/2022:15:10:22 +0500] "GET /favicon.ico HTTP/1.1" 200 318 "https://camera.urdu.uz/" "Mozilla/5.0 (Linux; Android 8.1.0; SM-J260F Build/M1AJB; wv) AppleWebKit/537.36 (KHTML, like Gecko) Version/4.0 SamsungBrowser/7.2 Chrome/100.0.4896.127 Mobile Safari/537.36"
185.139.137.146 - - [15/Aug/2022:15:10:24 +0500] "GET /camera/7 HTTP/1.1" 200 1028 "https://camera.urdu.uz/" "Mozilla/5.0 (Linux; Android 8.1.0; SM-J260F Build/M1AJB; wv) AppleWebKit/537.36 (KHTML, like Gecko) Version/4.0 SamsungBrowser/7.2 Chrome/100.0.4896.127 Mobile Safari/537.36"
185.139.137.146 - - [15/Aug/2022:15:10:56 +0500] "GET /camera/11 HTTP/1.1" 200 1025 "https://camera.urdu.uz/" "Mozilla/5.0 (Linux; Android 8.1.0; SM-J260F Build/M1AJB; wv) AppleWebKit/537.36 (KHTML, like Gecko) Version/4.0 SamsungBrowser/7.2 Chrome/100.0.4896.127 Mobile Safari/537.36"
185.139.137.146 - - [15/Aug/2022:15:12:16 +0500] "GET /camera/10 HTTP/1.1" 200 1027 "https://camera.urdu.uz/" "Mozilla/5.0 (Linux; Android 8.1.0; SM-J260F Build/M1AJB; wv) AppleWebKit/537.36 (KHTML, like Gecko) Version/4.0 SamsungBrowser/7.2 Chrome/100.0.4896.127 Mobile Safari/537.36"
51.15.87.119 - - [15/Aug/2022:15:12:26 +0500] "GET / HTTP/1.1" 200 2934 "android-app://ir.ilmili.telegraph/" "Mozilla/5.0 (Linux; Android 10; TECNO KD6) AppleWebKit/537.36 (KHTML, like Gecko) Chrome/104.0.0.0 Mobile Safari/537.36"
51.15.87.119 - - [15/Aug/2022:15:12:30 +0500] "GET /camera/11 HTTP/1.1" 200 1028 "https://camera.urdu.uz/" "Mozilla/5.0 (Linux; Android 10; TECNO KD6) AppleWebKit/537.36 (KHTML, like Gecko) Chrome/104.0.0.0 Mobile Safari/537.36"
51.15.87.119 - - [15/Aug/2022:15:12:49 +0500] "GET /camera/7 HTTP/1.1" 200 1028 "https://camera.urdu.uz/" "Mozilla/5.0 (Linux; Android 10; TECNO KD6) AppleWebKit/537.36 (KHTML, like Gecko) Chrome/104.0.0.0 Mobile Safari/537.36"
185.139.137.146 - - [15/Aug/2022:15:14:06 +0500] "GET /camera/7 HTTP/1.1" 200 1027 "https://camera.urdu.uz/" "Mozilla/5.0 (Linux; Android 8.1.0; SM-J260F Build/M1AJB; wv) AppleWebKit/537.36 (KHTML, like Gecko) Version/4.0 SamsungBrowser/7.2 Chrome/100.0.4896.127 Mobile Safari/537.36"
185.139.139.211 - - [15/Aug/2022:15:14:26 +0500] "GET / HTTP/1.1" 200 2936 "android-app://org.telegram.messenger/" "Mozilla/5.0 (Linux; Android 10; M2006C3LG) AppleWebKit/537.36 (KHTML, like Gecko) Chrome/87.0.4280.101 Mobile Safari/537.36"
185.139.139.211 - - [15/Aug/2022:15:14:29 +0500] "GET /camera/7 HTTP/1.1" 200 1026 "https://camera.urdu.uz/" "Mozilla/5.0 (Linux; Android 10; M2006C3LG) AppleWebKit/537.36 (KHTML, like Gecko) Chrome/87.0.4280.101 Mobile Safari/537.36"
185.139.139.211 - - [15/Aug/2022:15:14:52 +0500] "GET /camera/11 HTTP/1.1" 200 1030 "https://camera.urdu.uz/" "Mozilla/5.0 (Linux; Android 10; M2006C3LG) AppleWebKit/537.36 (KHTML, like Gecko) Chrome/87.0.4280.101 Mobile Safari/537.36"
185.139.139.211 - - [15/Aug/2022:15:14:59 +0500] "GET /camera/11 HTTP/1.1" 200 1025 "https://camera.urdu.uz/" "Mozilla/5.0 (Linux; Android 10; M2006C3LG) AppleWebKit/537.36 (KHTML, like Gecko) Chrome/87.0.4280.101 Mobile Safari/537.36"
185.139.139.211 - - [15/Aug/2022:15:15:00 +0500] "GET /favicon.ico HTTP/1.1" 200 318 "https://camera.urdu.uz/camera/11" "Mozilla/5.0 (Linux; Android 10; M2006C3LG) AppleWebKit/537.36 (KHTML, like Gecko) Chrome/87.0.4280.101 Mobile Safari/537.36"
213.230.86.117 - - [15/Aug/2022:15:16:13 +0500] "GET / HTTP/1.1" 200 2937 "-" "Mozilla/5.0 (Linux; Android 6.0.1; SAMSUNG SM-G532F) AppleWebKit/537.36 (KHTML, like Gecko) SamsungBrowser/16.2 Chrome/92.0.4515.166 Mobile Safari/537.36"
213.230.86.117 - - [15/Aug/2022:15:16:13 +0500] "GET /.well-known/assetlinks.json HTTP/1.1" 404 2168 "-" "Mozilla/5.0 (Linux; Android 6.0.1; SAMSUNG SM-G532F) AppleWebKit/537.36 (KHTML, like Gecko) SamsungBrowser/16.2 Chrome/92.0.4515.166 Mobile Safari/537.36"
213.230.86.117 - - [15/Aug/2022:15:16:13 +0500] "GET /css/site.css HTTP/1.1" 200 1858 "https://camera.urdu.uz/" "Mozilla/5.0 (Linux; Android 6.0.1; SAMSUNG SM-G532F) AppleWebKit/537.36 (KHTML, like Gecko) SamsungBrowser/16.2 Chrome/92.0.4515.166 Mobile Safari/537.36"
213.230.86.117 - - [15/Aug/2022:15:16:14 +0500] "GET /assets/17263276/css/bootstrap.css HTTP/1.1" 200 237601 "https://camera.urdu.uz/" "Mozilla/5.0 (Linux; Android 6.0.1; SAMSUNG SM-G532F) AppleWebKit/537.36 (KHTML, like Gecko) SamsungBrowser/16.2 Chrome/92.0.4515.166 Mobile Safari/537.36"
213.230.86.117 - - [15/Aug/2022:15:16:14 +0500] "GET /assets/629a94c2/yii.js HTTP/1.1" 200 20934 "https://camera.urdu.uz/" "Mozilla/5.0 (Linux; Android 6.0.1; SAMSUNG SM-G532F) AppleWebKit/537.36 (KHTML, like Gecko) SamsungBrowser/16.2 Chrome/92.0.4515.166 Mobile Safari/537.36"
213.230.86.117 - - [15/Aug/2022:15:16:14 +0500] "GET /assets/17263276/js/bootstrap.bundle.js HTTP/1.1" 200 207371 "https://camera.urdu.uz/" "Mozilla/5.0 (Linux; Android 6.0.1; SAMSUNG SM-G532F) AppleWebKit/537.36 (KHTML, like Gecko) SamsungBrowser/16.2 Chrome/92.0.4515.166 Mobile Safari/537.36"
213.230.86.117 - - [15/Aug/2022:15:16:16 +0500] "GET /img/logo.png HTTP/1.1" 200 1042067 "https://camera.urdu.uz/" "Mozilla/5.0 (Linux; Android 6.0.1; SAMSUNG SM-G532F) AppleWebKit/537.36 (KHTML, like Gecko) SamsungBrowser/16.2 Chrome/92.0.4515.166 Mobile Safari/537.36"
213.230.86.117 - - [15/Aug/2022:15:16:18 +0500] "GET /assets/ef59ca7b/jquery.js HTTP/1.1" 200 288580 "https://camera.urdu.uz/" "Mozilla/5.0 (Linux; Android 6.0.1; SAMSUNG SM-G532F) AppleWebKit/537.36 (KHTML, like Gecko) SamsungBrowser/16.2 Chrome/92.0.4515.166 Mobile Safari/537.36"
213.230.86.117 - - [15/Aug/2022:15:16:21 +0500] "GET /camera/11 HTTP/1.1" 200 1026 "https://camera.urdu.uz/" "Mozilla/5.0 (Linux; Android 6.0.1; SAMSUNG SM-G532F) AppleWebKit/537.36 (KHTML, like Gecko) SamsungBrowser/16.2 Chrome/92.0.4515.166 Mobile Safari/537.36"
185.139.139.235 - - [15/Aug/2022:15:17:49 +0500] "GET /camera/7 HTTP/1.1" 200 1025 "https://camera.urdu.uz/" "Mozilla/5.0 (Linux; Android 10; M2006C3LG) AppleWebKit/537.36 (KHTML, like Gecko) Chrome/87.0.4280.101 Mobile Safari/537.36"
185.139.139.235 - - [15/Aug/2022:15:18:08 +0500] "GET /camera/11 HTTP/1.1" 200 1022 "https://camera.urdu.uz/" "Mozilla/5.0 (Linux; Android 10; M2006C3LG) AppleWebKit/537.36 (KHTML, like Gecko) Chrome/87.0.4280.101 Mobile Safari/537.36"
185.139.139.211 - - [15/Aug/2022:15:19:49 +0500] "GET / HTTP/1.1" 200 2942 "android-app://org.telegram.messenger/" "Mozilla/5.0 (Linux; Android 10; M2006C3LG) AppleWebKit/537.36 (KHTML, like Gecko) Chrome/87.0.4280.101 Mobile Safari/537.36"
185.139.139.211 - - [15/Aug/2022:15:19:54 +0500] "GET /camera/7 HTTP/1.1" 200 1024 "https://camera.urdu.uz/" "Mozilla/5.0 (Linux; Android 10; M2006C3LG) AppleWebKit/537.36 (KHTML, like Gecko) Chrome/87.0.4280.101 Mobile Safari/537.36"
185.139.139.211 - - [15/Aug/2022:15:20:14 +0500] "GET /camera/11 HTTP/1.1" 200 1027 "https://camera.urdu.uz/" "Mozilla/5.0 (Linux; Android 10; M2006C3LG) AppleWebKit/537.36 (KHTML, like Gecko) Chrome/87.0.4280.101 Mobile Safari/537.36"
51.15.87.119 - - [15/Aug/2022:15:20:22 +0500] "GET / HTTP/1.1" 200 2938 "android-app://ir.ilmili.telegraph/" "Mozilla/5.0 (Linux; Android 10; TECNO KD6) AppleWebKit/537.36 (KHTML, like Gecko) Chrome/104.0.0.0 Mobile Safari/537.36"
51.15.87.119 - - [15/Aug/2022:15:20:27 +0500] "GET /camera/11 HTTP/1.1" 200 1025 "https://camera.urdu.uz/" "Mozilla/5.0 (Linux; Android 10; TECNO KD6) AppleWebKit/537.36 (KHTML, like Gecko) Chrome/104.0.0.0 Mobile Safari/537.36"
213.230.86.117 - - [15/Aug/2022:15:21:54 +0500] "GET / HTTP/1.1" 200 2940 "-" "Mozilla/5.0 (Linux; Android 6.0.1; SAMSUNG SM-G532F) AppleWebKit/537.36 (KHTML, like Gecko) SamsungBrowser/16.2 Chrome/92.0.4515.166 Mobile Safari/537.36"
213.230.86.117 - - [15/Aug/2022:15:21:57 +0500] "GET /img/logo.png HTTP/1.1" 200 1042067 "https://camera.urdu.uz/" "Mozilla/5.0 (Linux; Android 6.0.1; SAMSUNG SM-G532F) AppleWebKit/537.36 (KHTML, like Gecko) SamsungBrowser/16.2 Chrome/92.0.4515.166 Mobile Safari/537.36"
213.230.86.117 - - [15/Aug/2022:15:21:59 +0500] "GET /camera/13 HTTP/1.1" 200 1027 "https://camera.urdu.uz/" "Mozilla/5.0 (Linux; Android 6.0.1; SAMSUNG SM-G532F) AppleWebKit/537.36 (KHTML, like Gecko) SamsungBrowser/16.2 Chrome/92.0.4515.166 Mobile Safari/537.36"
185.139.139.235 - - [15/Aug/2022:15:22:11 +0500] "GET /camera/7 HTTP/1.1" 200 1023 "https://camera.urdu.uz/" "Mozilla/5.0 (Linux; Android 10; M2006C3LG) AppleWebKit/537.36 (KHTML, like Gecko) Chrome/87.0.4280.101 Mobile Safari/537.36"
213.230.86.117 - - [15/Aug/2022:15:22:17 +0500] "GET /camera/7 HTTP/1.1" 200 1025 "https://camera.urdu.uz/" "Mozilla/5.0 (Linux; Android 6.0.1; SAMSUNG SM-G532F) AppleWebKit/537.36 (KHTML, like Gecko) SamsungBrowser/16.2 Chrome/92.0.4515.166 Mobile Safari/537.36"
213.230.86.117 - - [15/Aug/2022:15:22:27 +0500] "GET /camera/10 HTTP/1.1" 200 1025 "https://camera.urdu.uz/" "Mozilla/5.0 (Linux; Android 6.0.1; SAMSUNG SM-G532F) AppleWebKit/537.36 (KHTML, like Gecko) SamsungBrowser/16.2 Chrome/92.0.4515.166 Mobile Safari/537.36"
185.139.139.235 - - [15/Aug/2022:15:22:45 +0500] "GET /camera/10 HTTP/1.1" 200 1028 "https://camera.urdu.uz/" "Mozilla/5.0 (Linux; Android 10; M2006C3LG) AppleWebKit/537.36 (KHTML, like Gecko) Chrome/87.0.4280.101 Mobile Safari/537.36"
213.230.86.117 - - [15/Aug/2022:15:22:47 +0500] "GET /camera/11 HTTP/1.1" 200 1023 "https://camera.urdu.uz/" "Mozilla/5.0 (Linux; Android 6.0.1; SAMSUNG SM-G532F) AppleWebKit/537.36 (KHTML, like Gecko) SamsungBrowser/16.2 Chrome/92.0.4515.166 Mobile Safari/537.36"
185.139.139.235 - - [15/Aug/2022:15:23:12 +0500] "GET /camera/11 HTTP/1.1" 200 1023 "https://camera.urdu.uz/" "Mozilla/5.0 (Linux; Android 10; M2006C3LG) AppleWebKit/537.36 (KHTML, like Gecko) Chrome/87.0.4280.101 Mobile Safari/537.36"
185.139.139.235 - - [15/Aug/2022:15:24:45 +0500] "GET /camera/7 HTTP/1.1" 200 1023 "https://camera.urdu.uz/" "Mozilla/5.0 (Linux; Android 10; M2006C3LG) AppleWebKit/537.36 (KHTML, like Gecko) Chrome/87.0.4280.101 Mobile Safari/537.36"
185.139.139.235 - - [15/Aug/2022:15:25:40 +0500] "GET / HTTP/1.1" 200 2937 "android-app://org.telegram.messenger/" "Mozilla/5.0 (Linux; Android 10; M2006C3LG) AppleWebKit/537.36 (KHTML, like Gecko) Chrome/87.0.4280.101 Mobile Safari/537.36"
185.139.139.235 - - [15/Aug/2022:15:25:45 +0500] "GET /camera/11 HTTP/1.1" 200 1028 "https://camera.urdu.uz/" "Mozilla/5.0 (Linux; Android 10; M2006C3LG) AppleWebKit/537.36 (KHTML, like Gecko) Chrome/87.0.4280.101 Mobile Safari/537.36"
84.54.70.156 - - [15/Aug/2022:15:25:58 +0500] "GET / HTTP/1.1" 200 2939 "android-app://org.telegram.plus/" "Mozilla/5.0 (Linux; Android 9; A2020N3) AppleWebKit/537.36 (KHTML, like Gecko) Chrome/104.0.0.0 Mobile Safari/537.36"
84.54.70.156 - - [15/Aug/2022:15:25:58 +0500] "GET /css/site.css HTTP/1.1" 200 1858 "https://camera.urdu.uz/" "Mozilla/5.0 (Linux; Android 9; A2020N3) AppleWebKit/537.36 (KHTML, like Gecko) Chrome/104.0.0.0 Mobile Safari/537.36"
84.54.70.156 - - [15/Aug/2022:15:25:59 +0500] "GET /assets/17263276/css/bootstrap.css HTTP/1.1" 200 237601 "https://camera.urdu.uz/" "Mozilla/5.0 (Linux; Android 9; A2020N3) AppleWebKit/537.36 (KHTML, like Gecko) Chrome/104.0.0.0 Mobile Safari/537.36"
84.54.70.156 - - [15/Aug/2022:15:25:59 +0500] "GET /assets/629a94c2/yii.js HTTP/1.1" 200 20934 "https://camera.urdu.uz/" "Mozilla/5.0 (Linux; Android 9; A2020N3) AppleWebKit/537.36 (KHTML, like Gecko) Chrome/104.0.0.0 Mobile Safari/537.36"
84.54.70.156 - - [15/Aug/2022:15:25:59 +0500] "GET /assets/ef59ca7b/jquery.js HTTP/1.1" 200 288580 "https://camera.urdu.uz/" "Mozilla/5.0 (Linux; Android 9; A2020N3) AppleWebKit/537.36 (KHTML, like Gecko) Chrome/104.0.0.0 Mobile Safari/537.36"
84.54.70.156 - - [15/Aug/2022:15:25:59 +0500] "GET /assets/17263276/js/bootstrap.bundle.js HTTP/1.1" 200 207371 "https://camera.urdu.uz/" "Mozilla/5.0 (Linux; Android 9; A2020N3) AppleWebKit/537.36 (KHTML, like Gecko) Chrome/104.0.0.0 Mobile Safari/537.36"
84.54.70.156 - - [15/Aug/2022:15:25:59 +0500] "GET /img/logo.png HTTP/1.1" 200 1042067 "https://camera.urdu.uz/" "Mozilla/5.0 (Linux; Android 9; A2020N3) AppleWebKit/537.36 (KHTML, like Gecko) Chrome/104.0.0.0 Mobile Safari/537.36"
84.54.70.156 - - [15/Aug/2022:15:26:00 +0500] "GET /favicon.ico HTTP/1.1" 200 318 "https://camera.urdu.uz/" "Mozilla/5.0 (Linux; Android 9; A2020N3) AppleWebKit/537.36 (KHTML, like Gecko) Chrome/104.0.0.0 Mobile Safari/537.36"
84.54.70.156 - - [15/Aug/2022:15:26:15 +0500] "GET /camera/12 HTTP/1.1" 200 1026 "https://camera.urdu.uz/" "Mozilla/5.0 (Linux; Android 9; A2020N3) AppleWebKit/537.36 (KHTML, like Gecko) Chrome/104.0.0.0 Mobile Safari/537.36"
84.54.71.217 - - [15/Aug/2022:15:26:59 +0500] "GET / HTTP/1.1" 200 2936 "-" "Mozilla/5.0 (Linux; Android 12; SAMSUNG SM-A325F) AppleWebKit/537.36 (KHTML, like Gecko) SamsungBrowser/18.0 Chrome/99.0.4844.88 Mobile Safari/537.36"
84.54.71.217 - - [15/Aug/2022:15:27:13 +0500] "GET /camera/7 HTTP/1.1" 200 1029 "https://camera.urdu.uz/" "Mozilla/5.0 (Linux; Android 12; SAMSUNG SM-A325F) AppleWebKit/537.36 (KHTML, like Gecko) SamsungBrowser/18.0 Chrome/99.0.4844.88 Mobile Safari/537.36"
84.54.71.217 - - [15/Aug/2022:15:27:29 +0500] "GET /camera/12 HTTP/1.1" 200 1024 "https://camera.urdu.uz/" "Mozilla/5.0 (Linux; Android 12; SAMSUNG SM-A325F) AppleWebKit/537.36 (KHTML, like Gecko) SamsungBrowser/18.0 Chrome/99.0.4844.88 Mobile Safari/537.36"
84.54.71.217 - - [15/Aug/2022:15:27:51 +0500] "GET /camera/13 HTTP/1.1" 200 1031 "https://camera.urdu.uz/" "Mozilla/5.0 (Linux; Android 12; SAMSUNG SM-A325F) AppleWebKit/537.36 (KHTML, like Gecko) SamsungBrowser/18.0 Chrome/99.0.4844.88 Mobile Safari/537.36"
84.54.71.217 - - [15/Aug/2022:15:28:14 +0500] "GET /camera/7 HTTP/1.1" 200 1030 "https://camera.urdu.uz/" "Mozilla/5.0 (Linux; Android 12; SAMSUNG SM-A325F) AppleWebKit/537.36 (KHTML, like Gecko) SamsungBrowser/18.0 Chrome/99.0.4844.88 Mobile Safari/537.36"
84.54.71.217 - - [15/Aug/2022:15:28:30 +0500] "GET /camera/11 HTTP/1.1" 200 1025 "https://camera.urdu.uz/" "Mozilla/5.0 (Linux; Android 12; SAMSUNG SM-A325F) AppleWebKit/537.36 (KHTML, like Gecko) SamsungBrowser/18.0 Chrome/99.0.4844.88 Mobile Safari/537.36"
213.230.86.117 - - [15/Aug/2022:15:28:31 +0500] "GET /camera/7 HTTP/1.1" 200 1027 "https://camera.urdu.uz/" "Mozilla/5.0 (Linux; Android 6.0.1; SAMSUNG SM-G532F) AppleWebKit/537.36 (KHTML, like Gecko) SamsungBrowser/16.2 Chrome/92.0.4515.166 Mobile Safari/537.36"
213.230.86.117 - - [15/Aug/2022:15:28:50 +0500] "GET /camera/12 HTTP/1.1" 200 1027 "https://camera.urdu.uz/" "Mozilla/5.0 (Linux; Android 6.0.1; SAMSUNG SM-G532F) AppleWebKit/537.36 (KHTML, like Gecko) SamsungBrowser/16.2 Chrome/92.0.4515.166 Mobile Safari/537.36"
213.230.86.117 - - [15/Aug/2022:15:29:24 +0500] "GET /camera/11 HTTP/1.1" 200 1022 "https://camera.urdu.uz/" "Mozilla/5.0 (Linux; Android 6.0.1; SAMSUNG SM-G532F) AppleWebKit/537.36 (KHTML, like Gecko) SamsungBrowser/16.2 Chrome/92.0.4515.166 Mobile Safari/537.36"
213.230.86.117 - - [15/Aug/2022:15:30:15 +0500] "GET /camera/11 HTTP/1.1" 200 1028 "https://camera.urdu.uz/" "Mozilla/5.0 (Linux; Android 6.0.1; SAMSUNG SM-G532F) AppleWebKit/537.36 (KHTML, like Gecko) SamsungBrowser/16.2 Chrome/92.0.4515.166 Mobile Safari/537.36"
