37.110.215.242 - - [15/Aug/2022:13:32:28 +0500] "GET / HTTP/1.1" 200 2939 "-" "Mozilla/5.0 (Linux; Android 11; M2004J19C) AppleWebKit/537.36 (KHTML, like Gecko) Chrome/97.0.4692.98 Mobile Safari/537.36"
37.110.215.242 - - [15/Aug/2022:13:32:28 +0500] "GET /css/site.css HTTP/1.1" 200 1858 "https://camera.urdu.uz/" "Mozilla/5.0 (Linux; Android 11; M2004J19C) AppleWebKit/537.36 (KHTML, like Gecko) Chrome/97.0.4692.98 Mobile Safari/537.36"
37.110.215.242 - - [15/Aug/2022:13:32:28 +0500] "GET /assets/629a94c2/yii.js HTTP/1.1" 200 20934 "https://camera.urdu.uz/" "Mozilla/5.0 (Linux; Android 11; M2004J19C) AppleWebKit/537.36 (KHTML, like Gecko) Chrome/97.0.4692.98 Mobile Safari/537.36"
37.110.215.242 - - [15/Aug/2022:13:32:28 +0500] "GET /assets/17263276/css/bootstrap.css HTTP/1.1" 200 237601 "https://camera.urdu.uz/" "Mozilla/5.0 (Linux; Android 11; M2004J19C) AppleWebKit/537.36 (KHTML, like Gecko) Chrome/97.0.4692.98 Mobile Safari/537.36"
37.110.215.242 - - [15/Aug/2022:13:32:28 +0500] "GET /assets/17263276/js/bootstrap.bundle.js HTTP/1.1" 200 207371 "https://camera.urdu.uz/" "Mozilla/5.0 (Linux; Android 11; M2004J19C) AppleWebKit/537.36 (KHTML, like Gecko) Chrome/97.0.4692.98 Mobile Safari/537.36"
37.110.215.242 - - [15/Aug/2022:13:32:29 +0500] "GET /assets/ef59ca7b/jquery.js HTTP/1.1" 200 288580 "https://camera.urdu.uz/" "Mozilla/5.0 (Linux; Android 11; M2004J19C) AppleWebKit/537.36 (KHTML, like Gecko) Chrome/97.0.4692.98 Mobile Safari/537.36"
37.110.215.242 - - [15/Aug/2022:13:32:30 +0500] "GET /img/logo.png HTTP/1.1" 200 1042067 "https://camera.urdu.uz/" "Mozilla/5.0 (Linux; Android 11; M2004J19C) AppleWebKit/537.36 (KHTML, like Gecko) Chrome/97.0.4692.98 Mobile Safari/537.36"
37.110.215.242 - - [15/Aug/2022:13:32:31 +0500] "GET /favicon.ico HTTP/1.1" 200 318 "https://camera.urdu.uz/" "Mozilla/5.0 (Linux; Android 11; M2004J19C) AppleWebKit/537.36 (KHTML, like Gecko) Chrome/97.0.4692.98 Mobile Safari/537.36"
37.110.215.242 - - [15/Aug/2022:13:32:34 +0500] "GET / HTTP/1.1" 200 2937 "-" "Mozilla/5.0 (Linux; Android 11; M2004J19C) AppleWebKit/537.36 (KHTML, like Gecko) Chrome/97.0.4692.98 Mobile Safari/537.36"
195.158.31.110 - - [15/Aug/2022:13:34:13 +0500] "GET / HTTP/1.1" 200 2934 "-" "Mozilla/5.0 (Windows NT 6.1) AppleWebKit/537.36 (KHTML, like Gecko) Chrome/104.0.0.0 Safari/537.36"
195.158.31.110 - - [15/Aug/2022:13:34:14 +0500] "GET /assets/17263276/css/bootstrap.css HTTP/1.1" 304 0 "https://camera.urdu.uz/" "Mozilla/5.0 (Windows NT 6.1) AppleWebKit/537.36 (KHTML, like Gecko) Chrome/104.0.0.0 Safari/537.36"
195.158.31.110 - - [15/Aug/2022:13:34:14 +0500] "GET /css/site.css HTTP/1.1" 304 0 "https://camera.urdu.uz/" "Mozilla/5.0 (Windows NT 6.1) AppleWebKit/537.36 (KHTML, like Gecko) Chrome/104.0.0.0 Safari/537.36"
195.158.31.110 - - [15/Aug/2022:13:34:14 +0500] "GET /img/logo.png HTTP/1.1" 304 0 "https://camera.urdu.uz/" "Mozilla/5.0 (Windows NT 6.1) AppleWebKit/537.36 (KHTML, like Gecko) Chrome/104.0.0.0 Safari/537.36"
195.158.31.110 - - [15/Aug/2022:13:34:14 +0500] "GET /assets/ef59ca7b/jquery.js HTTP/1.1" 304 0 "https://camera.urdu.uz/" "Mozilla/5.0 (Windows NT 6.1) AppleWebKit/537.36 (KHTML, like Gecko) Chrome/104.0.0.0 Safari/537.36"
195.158.31.110 - - [15/Aug/2022:13:34:14 +0500] "GET /assets/629a94c2/yii.js HTTP/1.1" 304 0 "https://camera.urdu.uz/" "Mozilla/5.0 (Windows NT 6.1) AppleWebKit/537.36 (KHTML, like Gecko) Chrome/104.0.0.0 Safari/537.36"
195.158.31.110 - - [15/Aug/2022:13:34:14 +0500] "GET /assets/17263276/js/bootstrap.bundle.js HTTP/1.1" 304 0 "https://camera.urdu.uz/" "Mozilla/5.0 (Windows NT 6.1) AppleWebKit/537.36 (KHTML, like Gecko) Chrome/104.0.0.0 Safari/537.36"
195.158.31.110 - - [15/Aug/2022:13:34:14 +0500] "GET /favicon.ico HTTP/1.1" 304 0 "https://camera.urdu.uz/" "Mozilla/5.0 (Windows NT 6.1) AppleWebKit/537.36 (KHTML, like Gecko) Chrome/104.0.0.0 Safari/537.36"
195.158.31.110 - - [15/Aug/2022:13:34:18 +0500] "GET /camera/12 HTTP/1.1" 200 1029 "https://camera.urdu.uz/" "Mozilla/5.0 (Windows NT 6.1) AppleWebKit/537.36 (KHTML, like Gecko) Chrome/104.0.0.0 Safari/537.36"
185.139.139.248 - - [15/Aug/2022:13:36:03 +0500] "GET / HTTP/1.1" 200 2938 "-" "Mozilla/5.0 (Linux; Android 11; SAMSUNG SM-A022G Build/RP1A.200720.012; wv) AppleWebKit/537.36 (KHTML, like Gecko) Version/4.0 SamsungBrowser/7.4 Chrome/87.0.4280.141 Mobile Safari/537.36"
185.139.139.248 - - [15/Aug/2022:13:36:04 +0500] "GET /css/site.css HTTP/1.1" 200 1858 "https://camera.urdu.uz/" "Mozilla/5.0 (Linux; Android 11; SAMSUNG SM-A022G Build/RP1A.200720.012; wv) AppleWebKit/537.36 (KHTML, like Gecko) Version/4.0 SamsungBrowser/7.4 Chrome/87.0.4280.141 Mobile Safari/537.36"
185.139.139.248 - - [15/Aug/2022:13:36:04 +0500] "GET /assets/17263276/css/bootstrap.css HTTP/1.1" 200 237601 "https://camera.urdu.uz/" "Mozilla/5.0 (Linux; Android 11; SAMSUNG SM-A022G Build/RP1A.200720.012; wv) AppleWebKit/537.36 (KHTML, like Gecko) Version/4.0 SamsungBrowser/7.4 Chrome/87.0.4280.141 Mobile Safari/537.36"
185.139.139.248 - - [15/Aug/2022:13:36:04 +0500] "GET /assets/629a94c2/yii.js HTTP/1.1" 200 20934 "https://camera.urdu.uz/" "Mozilla/5.0 (Linux; Android 11; SAMSUNG SM-A022G Build/RP1A.200720.012; wv) AppleWebKit/537.36 (KHTML, like Gecko) Version/4.0 SamsungBrowser/7.4 Chrome/87.0.4280.141 Mobile Safari/537.36"
84.54.114.129 - - [15/Aug/2022:13:36:04 +0500] "GET /assets/ef59ca7b/jquery.js HTTP/1.1" 200 288580 "https://camera.urdu.uz/" "Mozilla/5.0 (Linux; Android 11; SAMSUNG SM-A022G Build/RP1A.200720.012; wv) AppleWebKit/537.36 (KHTML, like Gecko) Version/4.0 SamsungBrowser/7.4 Chrome/87.0.4280.141 Mobile Safari/537.36"
185.139.139.248 - - [15/Aug/2022:13:36:06 +0500] "GET /assets/17263276/js/bootstrap.bundle.js HTTP/1.1" 200 207371 "https://camera.urdu.uz/" "Mozilla/5.0 (Linux; Android 11; SAMSUNG SM-A022G Build/RP1A.200720.012; wv) AppleWebKit/537.36 (KHTML, like Gecko) Version/4.0 SamsungBrowser/7.4 Chrome/87.0.4280.141 Mobile Safari/537.36"
185.139.139.248 - - [15/Aug/2022:13:36:06 +0500] "GET /img/logo.png HTTP/1.1" 200 1042067 "https://camera.urdu.uz/" "Mozilla/5.0 (Linux; Android 11; SAMSUNG SM-A022G Build/RP1A.200720.012; wv) AppleWebKit/537.36 (KHTML, like Gecko) Version/4.0 SamsungBrowser/7.4 Chrome/87.0.4280.141 Mobile Safari/537.36"
185.139.139.248 - - [15/Aug/2022:13:36:10 +0500] "GET /favicon.ico HTTP/1.1" 200 318 "https://camera.urdu.uz/" "Mozilla/5.0 (Linux; Android 11; SAMSUNG SM-A022G Build/RP1A.200720.012; wv) AppleWebKit/537.36 (KHTML, like Gecko) Version/4.0 SamsungBrowser/7.4 Chrome/87.0.4280.141 Mobile Safari/537.36"
185.139.139.248 - - [15/Aug/2022:13:36:19 +0500] "GET /camera/12 HTTP/1.1" 200 1026 "https://camera.urdu.uz/" "Mozilla/5.0 (Linux; Android 11; SAMSUNG SM-A022G Build/RP1A.200720.012; wv) AppleWebKit/537.36 (KHTML, like Gecko) Version/4.0 SamsungBrowser/7.4 Chrome/87.0.4280.141 Mobile Safari/537.36"
188.113.214.150 - - [15/Aug/2022:13:38:07 +0500] "GET / HTTP/1.1" 200 2942 "https://www.google.com/" "Mozilla/5.0 (Linux; Android 10; M2010J19SG) AppleWebKit/537.36 (KHTML, like Gecko) Chrome/103.0.0.0 Mobile Safari/537.36"
188.113.214.150 - - [15/Aug/2022:13:38:07 +0500] "GET /assets/ef59ca7b/jquery.js HTTP/1.1" 200 288580 "https://camera.urdu.uz/" "Mozilla/5.0 (Linux; Android 10; M2010J19SG) AppleWebKit/537.36 (KHTML, like Gecko) Chrome/103.0.0.0 Mobile Safari/537.36"
188.113.214.150 - - [15/Aug/2022:13:38:07 +0500] "GET /css/site.css HTTP/1.1" 304 0 "https://camera.urdu.uz/" "Mozilla/5.0 (Linux; Android 10; M2010J19SG) AppleWebKit/537.36 (KHTML, like Gecko) Chrome/103.0.0.0 Mobile Safari/537.36"
188.113.214.150 - - [15/Aug/2022:13:38:07 +0500] "GET /assets/17263276/css/bootstrap.css HTTP/1.1" 304 0 "https://camera.urdu.uz/" "Mozilla/5.0 (Linux; Android 10; M2010J19SG) AppleWebKit/537.36 (KHTML, like Gecko) Chrome/103.0.0.0 Mobile Safari/537.36"
188.113.214.150 - - [15/Aug/2022:13:38:07 +0500] "GET /assets/629a94c2/yii.js HTTP/1.1" 304 0 "https://camera.urdu.uz/" "Mozilla/5.0 (Linux; Android 10; M2010J19SG) AppleWebKit/537.36 (KHTML, like Gecko) Chrome/103.0.0.0 Mobile Safari/537.36"
188.113.214.150 - - [15/Aug/2022:13:38:07 +0500] "GET /assets/17263276/js/bootstrap.bundle.js HTTP/1.1" 304 0 "https://camera.urdu.uz/" "Mozilla/5.0 (Linux; Android 10; M2010J19SG) AppleWebKit/537.36 (KHTML, like Gecko) Chrome/103.0.0.0 Mobile Safari/537.36"
188.113.214.150 - - [15/Aug/2022:13:38:08 +0500] "GET /img/logo.png HTTP/1.1" 200 1042067 "https://camera.urdu.uz/" "Mozilla/5.0 (Linux; Android 10; M2010J19SG) AppleWebKit/537.36 (KHTML, like Gecko) Chrome/103.0.0.0 Mobile Safari/537.36"
188.113.214.150 - - [15/Aug/2022:13:38:08 +0500] "GET /favicon.ico HTTP/1.1" 304 0 "https://camera.urdu.uz/" "Mozilla/5.0 (Linux; Android 10; M2010J19SG) AppleWebKit/537.36 (KHTML, like Gecko) Chrome/103.0.0.0 Mobile Safari/537.36"
188.113.214.150 - - [15/Aug/2022:13:39:09 +0500] "GET /camera/7 HTTP/1.1" 499 0 "https://camera.urdu.uz/" "Mozilla/5.0 (Linux; Android 10; M2010J19SG) AppleWebKit/537.36 (KHTML, like Gecko) Chrome/103.0.0.0 Mobile Safari/537.36"
213.230.86.213 - - [15/Aug/2022:13:39:36 +0500] "GET / HTTP/1.1" 200 2939 "-" "Mozilla/5.0 (Linux; Android 11; SAMSUNG SM-A105F) AppleWebKit/537.36 (KHTML, like Gecko) SamsungBrowser/17.0 Chrome/96.0.4664.104 Mobile Safari/537.36"
213.230.86.213 - - [15/Aug/2022:13:39:37 +0500] "GET /css/site.css HTTP/1.1" 304 0 "https://camera.urdu.uz/" "Mozilla/5.0 (Linux; Android 11; SAMSUNG SM-A105F) AppleWebKit/537.36 (KHTML, like Gecko) SamsungBrowser/17.0 Chrome/96.0.4664.104 Mobile Safari/537.36"
213.230.86.213 - - [15/Aug/2022:13:39:38 +0500] "GET /assets/17263276/css/bootstrap.css HTTP/1.1" 200 237601 "https://camera.urdu.uz/" "Mozilla/5.0 (Linux; Android 11; SAMSUNG SM-A105F) AppleWebKit/537.36 (KHTML, like Gecko) SamsungBrowser/17.0 Chrome/96.0.4664.104 Mobile Safari/537.36"
213.230.86.213 - - [15/Aug/2022:13:39:38 +0500] "GET /assets/629a94c2/yii.js HTTP/1.1" 304 0 "https://camera.urdu.uz/" "Mozilla/5.0 (Linux; Android 11; SAMSUNG SM-A105F) AppleWebKit/537.36 (KHTML, like Gecko) SamsungBrowser/17.0 Chrome/96.0.4664.104 Mobile Safari/537.36"
213.230.86.213 - - [15/Aug/2022:13:39:38 +0500] "GET /assets/ef59ca7b/jquery.js HTTP/1.1" 200 288580 "https://camera.urdu.uz/" "Mozilla/5.0 (Linux; Android 11; SAMSUNG SM-A105F) AppleWebKit/537.36 (KHTML, like Gecko) SamsungBrowser/17.0 Chrome/96.0.4664.104 Mobile Safari/537.36"
213.230.86.213 - - [15/Aug/2022:13:39:40 +0500] "GET /assets/17263276/js/bootstrap.bundle.js HTTP/1.1" 200 207371 "https://camera.urdu.uz/" "Mozilla/5.0 (Linux; Android 11; SAMSUNG SM-A105F) AppleWebKit/537.36 (KHTML, like Gecko) SamsungBrowser/17.0 Chrome/96.0.4664.104 Mobile Safari/537.36"
213.230.86.213 - - [15/Aug/2022:13:39:44 +0500] "GET /img/logo.png HTTP/1.1" 200 1042067 "https://camera.urdu.uz/" "Mozilla/5.0 (Linux; Android 11; SAMSUNG SM-A105F) AppleWebKit/537.36 (KHTML, like Gecko) SamsungBrowser/17.0 Chrome/96.0.4664.104 Mobile Safari/537.36"
213.230.86.213 - - [15/Aug/2022:13:39:45 +0500] "GET /favicon.ico HTTP/1.1" 304 0 "https://camera.urdu.uz/" "Mozilla/5.0 (Linux; Android 11; SAMSUNG SM-A105F) AppleWebKit/537.36 (KHTML, like Gecko) SamsungBrowser/17.0 Chrome/96.0.4664.104 Mobile Safari/537.36"
213.230.86.213 - - [15/Aug/2022:13:39:58 +0500] "GET /camera/7 HTTP/1.1" 200 1028 "https://camera.urdu.uz/" "Mozilla/5.0 (Linux; Android 11; SAMSUNG SM-A105F) AppleWebKit/537.36 (KHTML, like Gecko) SamsungBrowser/17.0 Chrome/96.0.4664.104 Mobile Safari/537.36"
213.230.86.213 - - [15/Aug/2022:13:40:18 +0500] "GET /camera/7 HTTP/1.1" 200 1029 "https://camera.urdu.uz/" "Mozilla/5.0 (Linux; Android 11; SAMSUNG SM-A105F) AppleWebKit/537.36 (KHTML, like Gecko) SamsungBrowser/17.0 Chrome/96.0.4664.104 Mobile Safari/537.36"
188.113.207.229 - - [15/Aug/2022:13:40:19 +0500] "GET / HTTP/1.1" 200 2937 "android-app://org.aka.messenger/" "Mozilla/5.0 (Linux; Android 10; SM-A605FN) AppleWebKit/537.36 (KHTML, like Gecko) Chrome/104.0.0.0 Mobile Safari/537.36"
188.113.207.229 - - [15/Aug/2022:13:40:19 +0500] "GET /css/site.css HTTP/1.1" 200 1858 "https://camera.urdu.uz/" "Mozilla/5.0 (Linux; Android 10; SM-A605FN) AppleWebKit/537.36 (KHTML, like Gecko) Chrome/104.0.0.0 Mobile Safari/537.36"
188.113.207.229 - - [15/Aug/2022:13:40:20 +0500] "GET /assets/629a94c2/yii.js HTTP/1.1" 200 20934 "https://camera.urdu.uz/" "Mozilla/5.0 (Linux; Android 10; SM-A605FN) AppleWebKit/537.36 (KHTML, like Gecko) Chrome/104.0.0.0 Mobile Safari/537.36"
188.113.207.229 - - [15/Aug/2022:13:40:20 +0500] "GET /assets/17263276/js/bootstrap.bundle.js HTTP/1.1" 200 207371 "https://camera.urdu.uz/" "Mozilla/5.0 (Linux; Android 10; SM-A605FN) AppleWebKit/537.36 (KHTML, like Gecko) Chrome/104.0.0.0 Mobile Safari/537.36"
188.113.207.229 - - [15/Aug/2022:13:40:21 +0500] "GET /assets/17263276/css/bootstrap.css HTTP/1.1" 200 237601 "https://camera.urdu.uz/" "Mozilla/5.0 (Linux; Android 10; SM-A605FN) AppleWebKit/537.36 (KHTML, like Gecko) Chrome/104.0.0.0 Mobile Safari/537.36"
188.113.207.229 - - [15/Aug/2022:13:40:22 +0500] "GET /assets/ef59ca7b/jquery.js HTTP/1.1" 200 288580 "https://camera.urdu.uz/" "Mozilla/5.0 (Linux; Android 10; SM-A605FN) AppleWebKit/537.36 (KHTML, like Gecko) Chrome/104.0.0.0 Mobile Safari/537.36"
213.230.86.213 - - [15/Aug/2022:13:40:24 +0500] "GET /camera/11 HTTP/1.1" 200 1027 "https://camera.urdu.uz/" "Mozilla/5.0 (Linux; Android 11; SAMSUNG SM-A105F) AppleWebKit/537.36 (KHTML, like Gecko) SamsungBrowser/17.0 Chrome/96.0.4664.104 Mobile Safari/537.36"
188.113.207.229 - - [15/Aug/2022:13:40:29 +0500] "GET /camera/12 HTTP/1.1" 200 1023 "https://camera.urdu.uz/" "Mozilla/5.0 (Linux; Android 10; SM-A605FN) AppleWebKit/537.36 (KHTML, like Gecko) Chrome/104.0.0.0 Mobile Safari/537.36"
188.113.207.229 - - [15/Aug/2022:13:40:29 +0500] "GET /img/logo.png HTTP/1.1" 200 1042067 "https://camera.urdu.uz/" "Mozilla/5.0 (Linux; Android 10; SM-A605FN) AppleWebKit/537.36 (KHTML, like Gecko) Chrome/104.0.0.0 Mobile Safari/537.36"
188.113.207.229 - - [15/Aug/2022:13:40:36 +0500] "GET /favicon.ico HTTP/1.1" 200 318 "https://camera.urdu.uz/camera/12" "Mozilla/5.0 (Linux; Android 10; SM-A605FN) AppleWebKit/537.36 (KHTML, like Gecko) Chrome/104.0.0.0 Mobile Safari/537.36"
188.113.207.229 - - [15/Aug/2022:13:40:37 +0500] "GET /camera/12 HTTP/1.1" 200 1025 "https://camera.urdu.uz/" "Mozilla/5.0 (Linux; Android 10; SM-A605FN) AppleWebKit/537.36 (KHTML, like Gecko) Chrome/104.0.0.0 Mobile Safari/537.36"
185.139.137.153 - - [15/Aug/2022:13:40:45 +0500] "GET / HTTP/1.1" 200 2937 "-" "Mozilla/5.0 (Linux; Android 10; M2006C3LG) AppleWebKit/537.36 (KHTML, like Gecko) Chrome/87.0.4280.101 Mobile Safari/537.36"
185.139.137.153 - - [15/Aug/2022:13:40:47 +0500] "GET /assets/629a94c2/yii.js HTTP/1.1" 200 20934 "https://camera.urdu.uz/" "Mozilla/5.0 (Linux; Android 10; M2006C3LG) AppleWebKit/537.36 (KHTML, like Gecko) Chrome/87.0.4280.101 Mobile Safari/537.36"
185.139.137.153 - - [15/Aug/2022:13:40:47 +0500] "GET /css/site.css HTTP/1.1" 200 1858 "https://camera.urdu.uz/" "Mozilla/5.0 (Linux; Android 10; M2006C3LG) AppleWebKit/537.36 (KHTML, like Gecko) Chrome/87.0.4280.101 Mobile Safari/537.36"
185.139.137.153 - - [15/Aug/2022:13:40:47 +0500] "GET /assets/17263276/css/bootstrap.css HTTP/1.1" 200 237601 "https://camera.urdu.uz/" "Mozilla/5.0 (Linux; Android 10; M2006C3LG) AppleWebKit/537.36 (KHTML, like Gecko) Chrome/87.0.4280.101 Mobile Safari/537.36"
185.139.137.153 - - [15/Aug/2022:13:40:47 +0500] "GET /assets/17263276/js/bootstrap.bundle.js HTTP/1.1" 200 207371 "https://camera.urdu.uz/" "Mozilla/5.0 (Linux; Android 10; M2006C3LG) AppleWebKit/537.36 (KHTML, like Gecko) Chrome/87.0.4280.101 Mobile Safari/537.36"
185.139.137.153 - - [15/Aug/2022:13:40:47 +0500] "GET /assets/ef59ca7b/jquery.js HTTP/1.1" 200 288580 "https://camera.urdu.uz/" "Mozilla/5.0 (Linux; Android 10; M2006C3LG) AppleWebKit/537.36 (KHTML, like Gecko) Chrome/87.0.4280.101 Mobile Safari/537.36"
185.139.137.153 - - [15/Aug/2022:13:40:49 +0500] "GET /img/logo.png HTTP/1.1" 200 1042067 "https://camera.urdu.uz/" "Mozilla/5.0 (Linux; Android 10; M2006C3LG) AppleWebKit/537.36 (KHTML, like Gecko) Chrome/87.0.4280.101 Mobile Safari/537.36"
185.139.137.153 - - [15/Aug/2022:13:40:49 +0500] "GET /favicon.ico HTTP/1.1" 200 318 "https://camera.urdu.uz/" "Mozilla/5.0 (Linux; Android 10; M2006C3LG) AppleWebKit/537.36 (KHTML, like Gecko) Chrome/87.0.4280.101 Mobile Safari/537.36"
188.113.207.229 - - [15/Aug/2022:13:40:50 +0500] "GET / HTTP/1.1" 200 2938 "https://camera.urdu.uz/camera/12" "Mozilla/5.0 (Linux; Android 10; SM-A605FN) AppleWebKit/537.36 (KHTML, like Gecko) Chrome/104.0.0.0 Mobile Safari/537.36"
188.113.207.229 - - [15/Aug/2022:13:40:56 +0500] "GET /camera/19 HTTP/1.1" 200 1026 "https://camera.urdu.uz/" "Mozilla/5.0 (Linux; Android 10; SM-A605FN) AppleWebKit/537.36 (KHTML, like Gecko) Chrome/104.0.0.0 Mobile Safari/537.36"
213.230.86.213 - - [15/Aug/2022:13:41:05 +0500] "GET /camera/14 HTTP/1.1" 200 1027 "https://camera.urdu.uz/" "Mozilla/5.0 (Linux; Android 11; SAMSUNG SM-A105F) AppleWebKit/537.36 (KHTML, like Gecko) SamsungBrowser/17.0 Chrome/96.0.4664.104 Mobile Safari/537.36"
188.113.207.229 - - [15/Aug/2022:13:41:15 +0500] "GET /camera/7 HTTP/1.1" 200 1028 "https://camera.urdu.uz/" "Mozilla/5.0 (Linux; Android 10; SM-A605FN) AppleWebKit/537.36 (KHTML, like Gecko) Chrome/104.0.0.0 Mobile Safari/537.36"
188.113.207.229 - - [15/Aug/2022:13:41:34 +0500] "GET /camera/10 HTTP/1.1" 200 1027 "https://camera.urdu.uz/" "Mozilla/5.0 (Linux; Android 10; SM-A605FN) AppleWebKit/537.36 (KHTML, like Gecko) Chrome/104.0.0.0 Mobile Safari/537.36"
195.158.31.110 - - [15/Aug/2022:13:41:39 +0500] "GET / HTTP/1.1" 200 2937 "-" "Mozilla/5.0 (Linux; Android 10; M2006C3LG) AppleWebKit/537.36 (KHTML, like Gecko) Chrome/87.0.4280.101 Mobile Safari/537.36"
185.139.137.153 - - [15/Aug/2022:13:41:39 +0500] "GET /camera/7 HTTP/1.1" 200 1025 "https://camera.urdu.uz/" "Mozilla/5.0 (Linux; Android 10; M2006C3LG) AppleWebKit/537.36 (KHTML, like Gecko) Chrome/87.0.4280.101 Mobile Safari/537.36"
195.158.31.110 - - [15/Aug/2022:13:41:39 +0500] "GET /assets/17263276/css/bootstrap.css HTTP/1.1" 304 0 "https://camera.urdu.uz/" "Mozilla/5.0 (Linux; Android 10; M2006C3LG) AppleWebKit/537.36 (KHTML, like Gecko) Chrome/87.0.4280.101 Mobile Safari/537.36"
195.158.31.110 - - [15/Aug/2022:13:41:39 +0500] "GET /css/site.css HTTP/1.1" 304 0 "https://camera.urdu.uz/" "Mozilla/5.0 (Linux; Android 10; M2006C3LG) AppleWebKit/537.36 (KHTML, like Gecko) Chrome/87.0.4280.101 Mobile Safari/537.36"
195.158.31.110 - - [15/Aug/2022:13:41:39 +0500] "GET /assets/ef59ca7b/jquery.js HTTP/1.1" 304 0 "https://camera.urdu.uz/" "Mozilla/5.0 (Linux; Android 10; M2006C3LG) AppleWebKit/537.36 (KHTML, like Gecko) Chrome/87.0.4280.101 Mobile Safari/537.36"
195.158.31.110 - - [15/Aug/2022:13:41:39 +0500] "GET /assets/629a94c2/yii.js HTTP/1.1" 304 0 "https://camera.urdu.uz/" "Mozilla/5.0 (Linux; Android 10; M2006C3LG) AppleWebKit/537.36 (KHTML, like Gecko) Chrome/87.0.4280.101 Mobile Safari/537.36"
195.158.31.110 - - [15/Aug/2022:13:41:39 +0500] "GET /img/logo.png HTTP/1.1" 304 0 "https://camera.urdu.uz/" "Mozilla/5.0 (Linux; Android 10; M2006C3LG) AppleWebKit/537.36 (KHTML, like Gecko) Chrome/87.0.4280.101 Mobile Safari/537.36"
195.158.31.110 - - [15/Aug/2022:13:41:39 +0500] "GET /assets/17263276/js/bootstrap.bundle.js HTTP/1.1" 304 0 "https://camera.urdu.uz/" "Mozilla/5.0 (Linux; Android 10; M2006C3LG) AppleWebKit/537.36 (KHTML, like Gecko) Chrome/87.0.4280.101 Mobile Safari/537.36"
195.158.31.110 - - [15/Aug/2022:13:41:39 +0500] "GET /favicon.ico HTTP/1.1" 304 0 "https://camera.urdu.uz/" "Mozilla/5.0 (Linux; Android 10; M2006C3LG) AppleWebKit/537.36 (KHTML, like Gecko) Chrome/87.0.4280.101 Mobile Safari/537.36"
188.113.207.229 - - [15/Aug/2022:13:43:03 +0500] "GET /camera/10 HTTP/1.1" 200 1029 "https://camera.urdu.uz/" "Mozilla/5.0 (Linux; Android 10; SM-A605FN) AppleWebKit/537.36 (KHTML, like Gecko) Chrome/104.0.0.0 Mobile Safari/537.36"
188.113.207.229 - - [15/Aug/2022:13:43:06 +0500] "GET /camera/7 HTTP/1.1" 200 1027 "https://camera.urdu.uz/" "Mozilla/5.0 (Linux; Android 10; SM-A605FN) AppleWebKit/537.36 (KHTML, like Gecko) Chrome/104.0.0.0 Mobile Safari/537.36"
188.113.207.229 - - [15/Aug/2022:13:43:19 +0500] "GET /camera/17 HTTP/1.1" 200 1021 "https://camera.urdu.uz/" "Mozilla/5.0 (Linux; Android 10; SM-A605FN) AppleWebKit/537.36 (KHTML, like Gecko) Chrome/104.0.0.0 Mobile Safari/537.36"
188.113.248.253 - - [15/Aug/2022:13:43:35 +0500] "GET / HTTP/1.1" 200 2937 "-" "Mozilla/5.0 (Linux; Android 11; SAMSUNG SM-A217F) AppleWebKit/537.36 (KHTML, like Gecko) SamsungBrowser/16.0 Chrome/92.0.4515.166 Mobile Safari/537.36"
188.113.248.253 - - [15/Aug/2022:13:43:36 +0500] "GET /css/site.css HTTP/1.1" 200 1858 "https://camera.urdu.uz/" "Mozilla/5.0 (Linux; Android 11; SAMSUNG SM-A217F) AppleWebKit/537.36 (KHTML, like Gecko) SamsungBrowser/16.0 Chrome/92.0.4515.166 Mobile Safari/537.36"
188.113.248.253 - - [15/Aug/2022:13:43:36 +0500] "GET /assets/629a94c2/yii.js HTTP/1.1" 200 20934 "https://camera.urdu.uz/" "Mozilla/5.0 (Linux; Android 11; SAMSUNG SM-A217F) AppleWebKit/537.36 (KHTML, like Gecko) SamsungBrowser/16.0 Chrome/92.0.4515.166 Mobile Safari/537.36"
188.113.248.253 - - [15/Aug/2022:13:43:36 +0500] "GET /assets/17263276/js/bootstrap.bundle.js HTTP/1.1" 200 207371 "https://camera.urdu.uz/" "Mozilla/5.0 (Linux; Android 11; SAMSUNG SM-A217F) AppleWebKit/537.36 (KHTML, like Gecko) SamsungBrowser/16.0 Chrome/92.0.4515.166 Mobile Safari/537.36"
188.113.248.253 - - [15/Aug/2022:13:43:36 +0500] "GET /assets/17263276/css/bootstrap.css HTTP/1.1" 200 237601 "https://camera.urdu.uz/" "Mozilla/5.0 (Linux; Android 11; SAMSUNG SM-A217F) AppleWebKit/537.36 (KHTML, like Gecko) SamsungBrowser/16.0 Chrome/92.0.4515.166 Mobile Safari/537.36"
188.113.248.253 - - [15/Aug/2022:13:43:36 +0500] "GET /assets/ef59ca7b/jquery.js HTTP/1.1" 200 288580 "https://camera.urdu.uz/" "Mozilla/5.0 (Linux; Android 11; SAMSUNG SM-A217F) AppleWebKit/537.36 (KHTML, like Gecko) SamsungBrowser/16.0 Chrome/92.0.4515.166 Mobile Safari/537.36"
188.113.248.253 - - [15/Aug/2022:13:43:36 +0500] "GET /img/logo.png HTTP/1.1" 200 1042067 "https://camera.urdu.uz/" "Mozilla/5.0 (Linux; Android 11; SAMSUNG SM-A217F) AppleWebKit/537.36 (KHTML, like Gecko) SamsungBrowser/16.0 Chrome/92.0.4515.166 Mobile Safari/537.36"
188.113.248.253 - - [15/Aug/2022:13:43:36 +0500] "GET /favicon.ico HTTP/1.1" 200 318 "https://camera.urdu.uz/" "Mozilla/5.0 (Linux; Android 11; SAMSUNG SM-A217F) AppleWebKit/537.36 (KHTML, like Gecko) SamsungBrowser/16.0 Chrome/92.0.4515.166 Mobile Safari/537.36"
195.158.31.110 - - [15/Aug/2022:13:43:48 +0500] "GET / HTTP/1.1" 200 2940 "-" "Mozilla/5.0 (Linux; Android 8.1.0; SM-J260F) AppleWebKit/537.36 (KHTML, like Gecko) Chrome/102.0.0.0 Mobile Safari/537.36"
188.113.248.253 - - [15/Aug/2022:13:43:55 +0500] "GET /camera/12 HTTP/1.1" 200 1030 "https://camera.urdu.uz/" "Mozilla/5.0 (Linux; Android 11; SAMSUNG SM-A217F) AppleWebKit/537.36 (KHTML, like Gecko) SamsungBrowser/16.0 Chrome/92.0.4515.166 Mobile Safari/537.36"
195.158.31.110 - - [15/Aug/2022:13:44:15 +0500] "GET / HTTP/1.1" 200 2935 "-" "Mozilla/5.0 (Windows NT 6.1) AppleWebKit/537.36 (KHTML, like Gecko) Chrome/104.0.0.0 Safari/537.36"
37.110.214.77 - - [15/Aug/2022:13:49:12 +0500] "GET / HTTP/1.1" 200 2934 "-" "Mozilla/5.0 (Linux; Android 5.1.1; SAMSUNG SM-J120F Build/LMY47X) AppleWebKit/537.36 (KHTML, like Gecko) SamsungBrowser/3.5 Chrome/38.0.2125.102 Mobile Safari/537.36"
37.110.214.77 - - [15/Aug/2022:13:49:17 +0500] "GET /css/site.css HTTP/1.1" 200 1858 "https://camera.urdu.uz/" "Mozilla/5.0 (Linux; Android 5.1.1; SAMSUNG SM-J120F Build/LMY47X) AppleWebKit/537.36 (KHTML, like Gecko) SamsungBrowser/3.5 Chrome/38.0.2125.102 Mobile Safari/537.36"
37.110.214.77 - - [15/Aug/2022:13:49:23 +0500] "GET /assets/629a94c2/yii.js HTTP/1.1" 200 20934 "https://camera.urdu.uz/" "Mozilla/5.0 (Linux; Android 5.1.1; SAMSUNG SM-J120F Build/LMY47X) AppleWebKit/537.36 (KHTML, like Gecko) SamsungBrowser/3.5 Chrome/38.0.2125.102 Mobile Safari/537.36"
37.110.214.77 - - [15/Aug/2022:13:49:51 +0500] "GET /assets/17263276/css/bootstrap.css HTTP/1.1" 200 237601 "https://camera.urdu.uz/" "Mozilla/5.0 (Linux; Android 5.1.1; SAMSUNG SM-J120F Build/LMY47X) AppleWebKit/537.36 (KHTML, like Gecko) SamsungBrowser/3.5 Chrome/38.0.2125.102 Mobile Safari/537.36"
37.110.214.77 - - [15/Aug/2022:13:49:53 +0500] "GET /img/logo.png HTTP/1.1" 200 1042067 "https://camera.urdu.uz/" "Mozilla/5.0 (Linux; Android 5.1.1; SAMSUNG SM-J120F Build/LMY47X) AppleWebKit/537.36 (KHTML, like Gecko) SamsungBrowser/3.5 Chrome/38.0.2125.102 Mobile Safari/537.36"
37.110.214.108 - - [15/Aug/2022:13:49:55 +0500] "GET /camera/19 HTTP/1.1" 200 1026 "-" "Mozilla/5.0 (Linux; Android 11; SAMSUNG SM-A115F) AppleWebKit/537.36 (KHTML, like Gecko) SamsungBrowser/11.0 Chrome/75.0.3770.143 Mobile Safari/537.36"
37.110.214.77 - - [15/Aug/2022:13:50:02 +0500] "GET /assets/ef59ca7b/jquery.js HTTP/1.1" 200 288580 "https://camera.urdu.uz/" "Mozilla/5.0 (Linux; Android 5.1.1; SAMSUNG SM-J120F Build/LMY47X) AppleWebKit/537.36 (KHTML, like Gecko) SamsungBrowser/3.5 Chrome/38.0.2125.102 Mobile Safari/537.36"
37.110.214.77 - - [15/Aug/2022:13:50:03 +0500] "GET /assets/17263276/js/bootstrap.bundle.js HTTP/1.1" 200 207371 "https://camera.urdu.uz/" "Mozilla/5.0 (Linux; Android 5.1.1; SAMSUNG SM-J120F Build/LMY47X) AppleWebKit/537.36 (KHTML, like Gecko) SamsungBrowser/3.5 Chrome/38.0.2125.102 Mobile Safari/537.36"
37.110.214.77 - - [15/Aug/2022:13:50:04 +0500] "GET /favicon.ico HTTP/1.1" 200 318 "-" "Mozilla/5.0 (Linux; Android 5.1.1; SAMSUNG SM-J120F Build/LMY47X) AppleWebKit/537.36 (KHTML, like Gecko) SamsungBrowser/3.5 Chrome/38.0.2125.102 Mobile Safari/537.36"
37.110.214.77 - - [15/Aug/2022:13:50:25 +0500] "GET /camera/12 HTTP/1.1" 200 1024 "https://camera.urdu.uz/" "Mozilla/5.0 (Linux; Android 5.1.1; SAMSUNG SM-J120F Build/LMY47X) AppleWebKit/537.36 (KHTML, like Gecko) SamsungBrowser/3.5 Chrome/38.0.2125.102 Mobile Safari/537.36"
37.110.214.77 - - [15/Aug/2022:13:51:10 +0500] "GET /camera/13 HTTP/1.1" 200 1027 "https://camera.urdu.uz/" "Mozilla/5.0 (Linux; Android 5.1.1; SAMSUNG SM-J120F Build/LMY47X) AppleWebKit/537.36 (KHTML, like Gecko) SamsungBrowser/3.5 Chrome/38.0.2125.102 Mobile Safari/537.36"
37.110.214.77 - - [15/Aug/2022:13:54:00 +0500] "GET / HTTP/1.1" 200 2937 "-" "Mozilla/5.0 (Linux; Android 5.1.1; SAMSUNG SM-J120F Build/LMY47X) AppleWebKit/537.36 (KHTML, like Gecko) SamsungBrowser/3.5 Chrome/38.0.2125.102 Mobile Safari/537.36"
37.110.214.77 - - [15/Aug/2022:13:54:58 +0500] "GET / HTTP/1.1" 200 2937 "-" "Mozilla/5.0 (Linux; Android 5.1.1; SAMSUNG SM-J120F Build/LMY47X) AppleWebKit/537.36 (KHTML, like Gecko) SamsungBrowser/3.5 Chrome/38.0.2125.102 Mobile Safari/537.36"
37.110.214.77 - - [15/Aug/2022:13:55:08 +0500] "GET /camera/13 HTTP/1.1" 200 1026 "https://camera.urdu.uz/" "Mozilla/5.0 (Linux; Android 5.1.1; SAMSUNG SM-J120F Build/LMY47X) AppleWebKit/537.36 (KHTML, like Gecko) SamsungBrowser/3.5 Chrome/38.0.2125.102 Mobile Safari/537.36"
37.110.214.77 - - [15/Aug/2022:13:56:11 +0500] "GET /camera/7 HTTP/1.1" 200 1027 "https://camera.urdu.uz/" "Mozilla/5.0 (Linux; Android 5.1.1; SAMSUNG SM-J120F Build/LMY47X) AppleWebKit/537.36 (KHTML, like Gecko) SamsungBrowser/3.5 Chrome/38.0.2125.102 Mobile Safari/537.36"
37.110.214.77 - - [15/Aug/2022:13:56:56 +0500] "GET /camera/11 HTTP/1.1" 200 1025 "https://camera.urdu.uz/" "Mozilla/5.0 (Linux; Android 5.1.1; SAMSUNG SM-J120F Build/LMY47X) AppleWebKit/537.36 (KHTML, like Gecko) SamsungBrowser/3.5 Chrome/38.0.2125.102 Mobile Safari/537.36"
84.54.71.47 - - [15/Aug/2022:13:58:41 +0500] "GET / HTTP/1.1" 200 2937 "-" "Mozilla/5.0 (Windows NT 10.0; Win64; x64) AppleWebKit/537.36 (KHTML, like Gecko) Chrome/102.0.5005.148 YaBrowser/22.7.2.899 Yowser/2.5 Safari/537.36"
84.54.71.47 - - [15/Aug/2022:13:58:42 +0500] "GET /css/site.css HTTP/1.1" 200 1858 "https://camera.urdu.uz/" "Mozilla/5.0 (Windows NT 10.0; Win64; x64) AppleWebKit/537.36 (KHTML, like Gecko) Chrome/102.0.5005.148 YaBrowser/22.7.2.899 Yowser/2.5 Safari/537.36"
84.54.71.47 - - [15/Aug/2022:13:58:42 +0500] "GET /assets/17263276/css/bootstrap.css HTTP/1.1" 200 237601 "https://camera.urdu.uz/" "Mozilla/5.0 (Windows NT 10.0; Win64; x64) AppleWebKit/537.36 (KHTML, like Gecko) Chrome/102.0.5005.148 YaBrowser/22.7.2.899 Yowser/2.5 Safari/537.36"
84.54.71.47 - - [15/Aug/2022:13:58:42 +0500] "GET /assets/629a94c2/yii.js HTTP/1.1" 200 20934 "https://camera.urdu.uz/" "Mozilla/5.0 (Windows NT 10.0; Win64; x64) AppleWebKit/537.36 (KHTML, like Gecko) Chrome/102.0.5005.148 YaBrowser/22.7.2.899 Yowser/2.5 Safari/537.36"
84.54.71.47 - - [15/Aug/2022:13:58:42 +0500] "GET /assets/ef59ca7b/jquery.js HTTP/1.1" 200 288580 "https://camera.urdu.uz/" "Mozilla/5.0 (Windows NT 10.0; Win64; x64) AppleWebKit/537.36 (KHTML, like Gecko) Chrome/102.0.5005.148 YaBrowser/22.7.2.899 Yowser/2.5 Safari/537.36"
84.54.71.47 - - [15/Aug/2022:13:58:42 +0500] "GET /assets/17263276/js/bootstrap.bundle.js HTTP/1.1" 200 207371 "https://camera.urdu.uz/" "Mozilla/5.0 (Windows NT 10.0; Win64; x64) AppleWebKit/537.36 (KHTML, like Gecko) Chrome/102.0.5005.148 YaBrowser/22.7.2.899 Yowser/2.5 Safari/537.36"
84.54.71.47 - - [15/Aug/2022:13:58:46 +0500] "GET /img/logo.png HTTP/1.1" 200 1042067 "https://camera.urdu.uz/" "Mozilla/5.0 (Windows NT 10.0; Win64; x64) AppleWebKit/537.36 (KHTML, like Gecko) Chrome/102.0.5005.148 YaBrowser/22.7.2.899 Yowser/2.5 Safari/537.36"
84.54.71.47 - - [15/Aug/2022:13:58:48 +0500] "GET /favicon.ico HTTP/1.1" 200 318 "https://camera.urdu.uz/" "Mozilla/5.0 (Windows NT 10.0; Win64; x64) AppleWebKit/537.36 (KHTML, like Gecko) Chrome/102.0.5005.148 YaBrowser/22.7.2.899 Yowser/2.5 Safari/537.36"
84.54.71.47 - - [15/Aug/2022:13:59:04 +0500] "GET /camera/10 HTTP/1.1" 200 1024 "https://camera.urdu.uz/" "Mozilla/5.0 (Windows NT 10.0; Win64; x64) AppleWebKit/537.36 (KHTML, like Gecko) Chrome/102.0.5005.148 YaBrowser/22.7.2.899 Yowser/2.5 Safari/537.36"
84.54.71.47 - - [15/Aug/2022:13:59:22 +0500] "GET /camera/7 HTTP/1.1" 200 1023 "https://camera.urdu.uz/" "Mozilla/5.0 (Windows NT 10.0; Win64; x64) AppleWebKit/537.36 (KHTML, like Gecko) Chrome/102.0.5005.148 YaBrowser/22.7.2.899 Yowser/2.5 Safari/537.36"
84.54.71.47 - - [15/Aug/2022:13:59:29 +0500] "GET /camera/7 HTTP/1.1" 200 1028 "https://camera.urdu.uz/" "Mozilla/5.0 (Windows NT 10.0; Win64; x64) AppleWebKit/537.36 (KHTML, like Gecko) Chrome/102.0.5005.148 YaBrowser/22.7.2.899 Yowser/2.5 Safari/537.36"
84.54.71.47 - - [15/Aug/2022:13:59:35 +0500] "GET /camera/7 HTTP/1.1" 200 1026 "https://camera.urdu.uz/" "Mozilla/5.0 (Windows NT 10.0; Win64; x64) AppleWebKit/537.36 (KHTML, like Gecko) Chrome/102.0.5005.148 YaBrowser/22.7.2.899 Yowser/2.5 Safari/537.36"
213.230.87.32 - - [15/Aug/2022:14:00:26 +0500] "GET / HTTP/1.1" 200 2941 "-" "Mozilla/5.0 (Linux; Android 12; SAMSUNG SM-A525F) AppleWebKit/537.36 (KHTML, like Gecko) SamsungBrowser/18.0 Chrome/99.0.4844.88 Mobile Safari/537.36"
213.230.87.32 - - [15/Aug/2022:14:00:26 +0500] "GET /css/site.css HTTP/1.1" 200 1858 "https://camera.urdu.uz/" "Mozilla/5.0 (Linux; Android 12; SAMSUNG SM-A525F) AppleWebKit/537.36 (KHTML, like Gecko) SamsungBrowser/18.0 Chrome/99.0.4844.88 Mobile Safari/537.36"
213.230.87.32 - - [15/Aug/2022:14:00:26 +0500] "GET /assets/17263276/css/bootstrap.css HTTP/1.1" 200 237601 "https://camera.urdu.uz/" "Mozilla/5.0 (Linux; Android 12; SAMSUNG SM-A525F) AppleWebKit/537.36 (KHTML, like Gecko) SamsungBrowser/18.0 Chrome/99.0.4844.88 Mobile Safari/537.36"
213.230.87.32 - - [15/Aug/2022:14:00:26 +0500] "GET /assets/629a94c2/yii.js HTTP/1.1" 200 20934 "https://camera.urdu.uz/" "Mozilla/5.0 (Linux; Android 12; SAMSUNG SM-A525F) AppleWebKit/537.36 (KHTML, like Gecko) SamsungBrowser/18.0 Chrome/99.0.4844.88 Mobile Safari/537.36"
213.230.87.32 - - [15/Aug/2022:14:00:27 +0500] "GET /assets/ef59ca7b/jquery.js HTTP/1.1" 200 288580 "https://camera.urdu.uz/" "Mozilla/5.0 (Linux; Android 12; SAMSUNG SM-A525F) AppleWebKit/537.36 (KHTML, like Gecko) SamsungBrowser/18.0 Chrome/99.0.4844.88 Mobile Safari/537.36"
213.230.87.32 - - [15/Aug/2022:14:00:27 +0500] "GET /assets/17263276/js/bootstrap.bundle.js HTTP/1.1" 200 207371 "https://camera.urdu.uz/" "Mozilla/5.0 (Linux; Android 12; SAMSUNG SM-A525F) AppleWebKit/537.36 (KHTML, like Gecko) SamsungBrowser/18.0 Chrome/99.0.4844.88 Mobile Safari/537.36"
213.230.87.32 - - [15/Aug/2022:14:00:28 +0500] "GET /img/logo.png HTTP/1.1" 200 1042067 "https://camera.urdu.uz/" "Mozilla/5.0 (Linux; Android 12; SAMSUNG SM-A525F) AppleWebKit/537.36 (KHTML, like Gecko) SamsungBrowser/18.0 Chrome/99.0.4844.88 Mobile Safari/537.36"
213.230.87.32 - - [15/Aug/2022:14:00:29 +0500] "GET /favicon.ico HTTP/1.1" 200 318 "https://camera.urdu.uz/" "Mozilla/5.0 (Linux; Android 12; SAMSUNG SM-A525F) AppleWebKit/537.36 (KHTML, like Gecko) SamsungBrowser/18.0 Chrome/99.0.4844.88 Mobile Safari/537.36"
213.230.86.117 - - [15/Aug/2022:14:00:34 +0500] "GET /.well-known/assetlinks.json HTTP/1.1" 404 2168 "-" "Mozilla/5.0 (Linux; Android 6.0.1; SAMSUNG SM-G532F) AppleWebKit/537.36 (KHTML, like Gecko) SamsungBrowser/16.2 Chrome/92.0.4515.166 Mobile Safari/537.36"
213.230.86.117 - - [15/Aug/2022:14:00:34 +0500] "GET / HTTP/1.1" 200 2938 "-" "Mozilla/5.0 (Linux; Android 6.0.1; SAMSUNG SM-G532F) AppleWebKit/537.36 (KHTML, like Gecko) SamsungBrowser/16.2 Chrome/92.0.4515.166 Mobile Safari/537.36"
213.230.86.117 - - [15/Aug/2022:14:00:37 +0500] "GET /css/site.css HTTP/1.1" 200 1858 "https://camera.urdu.uz/" "Mozilla/5.0 (Linux; Android 6.0.1; SAMSUNG SM-G532F) AppleWebKit/537.36 (KHTML, like Gecko) SamsungBrowser/16.2 Chrome/92.0.4515.166 Mobile Safari/537.36"
213.230.86.117 - - [15/Aug/2022:14:00:37 +0500] "GET /assets/629a94c2/yii.js HTTP/1.1" 200 20934 "https://camera.urdu.uz/" "Mozilla/5.0 (Linux; Android 6.0.1; SAMSUNG SM-G532F) AppleWebKit/537.36 (KHTML, like Gecko) SamsungBrowser/16.2 Chrome/92.0.4515.166 Mobile Safari/537.36"
213.230.86.117 - - [15/Aug/2022:14:00:37 +0500] "GET /assets/17263276/css/bootstrap.css HTTP/1.1" 200 237601 "https://camera.urdu.uz/" "Mozilla/5.0 (Linux; Android 6.0.1; SAMSUNG SM-G532F) AppleWebKit/537.36 (KHTML, like Gecko) SamsungBrowser/16.2 Chrome/92.0.4515.166 Mobile Safari/537.36"
213.230.86.117 - - [15/Aug/2022:14:00:37 +0500] "GET /assets/ef59ca7b/jquery.js HTTP/1.1" 200 288580 "https://camera.urdu.uz/" "Mozilla/5.0 (Linux; Android 6.0.1; SAMSUNG SM-G532F) AppleWebKit/537.36 (KHTML, like Gecko) SamsungBrowser/16.2 Chrome/92.0.4515.166 Mobile Safari/537.36"
213.230.86.117 - - [15/Aug/2022:14:00:37 +0500] "GET /assets/17263276/js/bootstrap.bundle.js HTTP/1.1" 200 207371 "https://camera.urdu.uz/" "Mozilla/5.0 (Linux; Android 6.0.1; SAMSUNG SM-G532F) AppleWebKit/537.36 (KHTML, like Gecko) SamsungBrowser/16.2 Chrome/92.0.4515.166 Mobile Safari/537.36"
213.230.86.117 - - [15/Aug/2022:14:00:38 +0500] "GET /img/logo.png HTTP/1.1" 200 1042067 "https://camera.urdu.uz/" "Mozilla/5.0 (Linux; Android 6.0.1; SAMSUNG SM-G532F) AppleWebKit/537.36 (KHTML, like Gecko) SamsungBrowser/16.2 Chrome/92.0.4515.166 Mobile Safari/537.36"
213.230.87.32 - - [15/Aug/2022:14:00:46 +0500] "GET /camera/12 HTTP/1.1" 200 1027 "https://camera.urdu.uz/" "Mozilla/5.0 (Linux; Android 12; SAMSUNG SM-A525F) AppleWebKit/537.36 (KHTML, like Gecko) SamsungBrowser/18.0 Chrome/99.0.4844.88 Mobile Safari/537.36"
185.139.137.221 - - [15/Aug/2022:14:00:56 +0500] "GET / HTTP/1.1" 200 2934 "android-app://tg.televpn.messenger/" "Mozilla/5.0 (Linux; Android 11; SM-A037F) AppleWebKit/537.36 (KHTML, like Gecko) Chrome/103.0.0.0 Mobile Safari/537.36"
185.139.137.221 - - [15/Aug/2022:14:00:57 +0500] "GET /css/site.css HTTP/1.1" 200 1858 "https://camera.urdu.uz/" "Mozilla/5.0 (Linux; Android 11; SM-A037F) AppleWebKit/537.36 (KHTML, like Gecko) Chrome/103.0.0.0 Mobile Safari/537.36"
185.139.137.221 - - [15/Aug/2022:14:00:57 +0500] "GET /assets/629a94c2/yii.js HTTP/1.1" 200 20934 "https://camera.urdu.uz/" "Mozilla/5.0 (Linux; Android 11; SM-A037F) AppleWebKit/537.36 (KHTML, like Gecko) Chrome/103.0.0.0 Mobile Safari/537.36"
185.139.137.221 - - [15/Aug/2022:14:00:58 +0500] "GET /assets/17263276/js/bootstrap.bundle.js HTTP/1.1" 200 207371 "https://camera.urdu.uz/" "Mozilla/5.0 (Linux; Android 11; SM-A037F) AppleWebKit/537.36 (KHTML, like Gecko) Chrome/103.0.0.0 Mobile Safari/537.36"
185.139.137.221 - - [15/Aug/2022:14:00:58 +0500] "GET /assets/ef59ca7b/jquery.js HTTP/1.1" 200 288580 "https://camera.urdu.uz/" "Mozilla/5.0 (Linux; Android 11; SM-A037F) AppleWebKit/537.36 (KHTML, like Gecko) Chrome/103.0.0.0 Mobile Safari/537.36"
185.139.137.221 - - [15/Aug/2022:14:00:58 +0500] "GET /assets/17263276/css/bootstrap.css HTTP/1.1" 200 237601 "https://camera.urdu.uz/" "Mozilla/5.0 (Linux; Android 11; SM-A037F) AppleWebKit/537.36 (KHTML, like Gecko) Chrome/103.0.0.0 Mobile Safari/537.36"
185.139.137.221 - - [15/Aug/2022:14:01:06 +0500] "GET /img/logo.png HTTP/1.1" 200 1042067 "https://camera.urdu.uz/" "Mozilla/5.0 (Linux; Android 11; SM-A037F) AppleWebKit/537.36 (KHTML, like Gecko) Chrome/103.0.0.0 Mobile Safari/537.36"
213.230.87.32 - - [15/Aug/2022:14:01:07 +0500] "GET /camera/13 HTTP/1.1" 200 1026 "https://camera.urdu.uz/" "Mozilla/5.0 (Linux; Android 12; SAMSUNG SM-A525F) AppleWebKit/537.36 (KHTML, like Gecko) SamsungBrowser/18.0 Chrome/99.0.4844.88 Mobile Safari/537.36"
185.139.137.221 - - [15/Aug/2022:14:01:08 +0500] "GET /favicon.ico HTTP/1.1" 200 318 "https://camera.urdu.uz/" "Mozilla/5.0 (Linux; Android 11; SM-A037F) AppleWebKit/537.36 (KHTML, like Gecko) Chrome/103.0.0.0 Mobile Safari/537.36"
185.139.137.221 - - [15/Aug/2022:14:01:15 +0500] "GET /camera/13 HTTP/1.1" 200 1026 "https://camera.urdu.uz/" "Mozilla/5.0 (Linux; Android 11; SM-A037F) AppleWebKit/537.36 (KHTML, like Gecko) Chrome/103.0.0.0 Mobile Safari/537.36"
213.230.86.117 - - [15/Aug/2022:14:01:49 +0500] "GET / HTTP/1.1" 200 2937 "-" "Mozilla/5.0 (Linux; Android 6.0.1; SAMSUNG SM-G532F) AppleWebKit/537.36 (KHTML, like Gecko) SamsungBrowser/16.2 Chrome/92.0.4515.166 Mobile Safari/537.36"
213.230.86.117 - - [15/Aug/2022:14:01:55 +0500] "GET /camera/7 HTTP/1.1" 200 1027 "https://camera.urdu.uz/" "Mozilla/5.0 (Linux; Android 6.0.1; SAMSUNG SM-G532F) AppleWebKit/537.36 (KHTML, like Gecko) SamsungBrowser/16.2 Chrome/92.0.4515.166 Mobile Safari/537.36"
84.54.70.7 - - [15/Aug/2022:14:01:57 +0500] "GET / HTTP/1.1" 200 2935 "-" "Mozilla/5.0 (Linux; Android 12; SM-A525F) AppleWebKit/537.36 (KHTML, like Gecko) Chrome/104.0.0.0 Mobile Safari/537.36"
84.54.70.7 - - [15/Aug/2022:14:01:57 +0500] "GET /css/site.css HTTP/1.1" 200 1858 "https://camera.urdu.uz/" "Mozilla/5.0 (Linux; Android 12; SM-A525F) AppleWebKit/537.36 (KHTML, like Gecko) Chrome/104.0.0.0 Mobile Safari/537.36"
84.54.70.7 - - [15/Aug/2022:14:01:57 +0500] "GET /assets/17263276/css/bootstrap.css HTTP/1.1" 200 237601 "https://camera.urdu.uz/" "Mozilla/5.0 (Linux; Android 12; SM-A525F) AppleWebKit/537.36 (KHTML, like Gecko) Chrome/104.0.0.0 Mobile Safari/537.36"
84.54.70.7 - - [15/Aug/2022:14:01:57 +0500] "GET /assets/629a94c2/yii.js HTTP/1.1" 200 20934 "https://camera.urdu.uz/" "Mozilla/5.0 (Linux; Android 12; SM-A525F) AppleWebKit/537.36 (KHTML, like Gecko) Chrome/104.0.0.0 Mobile Safari/537.36"
84.54.70.7 - - [15/Aug/2022:14:01:57 +0500] "GET /assets/ef59ca7b/jquery.js HTTP/1.1" 200 288580 "https://camera.urdu.uz/" "Mozilla/5.0 (Linux; Android 12; SM-A525F) AppleWebKit/537.36 (KHTML, like Gecko) Chrome/104.0.0.0 Mobile Safari/537.36"
84.54.70.7 - - [15/Aug/2022:14:01:58 +0500] "GET /assets/17263276/js/bootstrap.bundle.js HTTP/1.1" 200 207371 "https://camera.urdu.uz/" "Mozilla/5.0 (Linux; Android 12; SM-A525F) AppleWebKit/537.36 (KHTML, like Gecko) Chrome/104.0.0.0 Mobile Safari/537.36"
84.54.70.7 - - [15/Aug/2022:14:01:58 +0500] "GET /img/logo.png HTTP/1.1" 200 1042067 "https://camera.urdu.uz/" "Mozilla/5.0 (Linux; Android 12; SM-A525F) AppleWebKit/537.36 (KHTML, like Gecko) Chrome/104.0.0.0 Mobile Safari/537.36"
84.54.70.7 - - [15/Aug/2022:14:01:58 +0500] "GET /favicon.ico HTTP/1.1" 200 318 "https://camera.urdu.uz/" "Mozilla/5.0 (Linux; Android 12; SM-A525F) AppleWebKit/537.36 (KHTML, like Gecko) Chrome/104.0.0.0 Mobile Safari/537.36"
213.230.86.117 - - [15/Aug/2022:14:02:26 +0500] "GET /camera/13 HTTP/1.1" 200 1026 "https://camera.urdu.uz/" "Mozilla/5.0 (Linux; Android 6.0.1; SAMSUNG SM-G532F) AppleWebKit/537.36 (KHTML, like Gecko) SamsungBrowser/16.2 Chrome/92.0.4515.166 Mobile Safari/537.36"
84.54.70.7 - - [15/Aug/2022:14:02:27 +0500] "GET /camera/7 HTTP/1.1" 200 1024 "https://camera.urdu.uz/" "Mozilla/5.0 (Linux; Android 12; SM-A525F) AppleWebKit/537.36 (KHTML, like Gecko) Chrome/104.0.0.0 Mobile Safari/537.36"
84.54.70.7 - - [15/Aug/2022:14:02:44 +0500] "GET /camera/7 HTTP/1.1" 200 1027 "https://camera.urdu.uz/" "Mozilla/5.0 (Linux; Android 12; SM-A525F) AppleWebKit/537.36 (KHTML, like Gecko) Chrome/104.0.0.0 Mobile Safari/537.36"
84.54.70.97 - - [15/Aug/2022:14:02:54 +0500] "GET / HTTP/1.1" 200 2939 "-" "Mozilla/5.0 (Linux; Android 10; SM-A013F) AppleWebKit/537.36 (KHTML, like Gecko) Chrome/103.0.0.0 Mobile Safari/537.36"
84.54.70.7 - - [15/Aug/2022:14:02:55 +0500] "GET /camera/11 HTTP/1.1" 200 1027 "https://camera.urdu.uz/" "Mozilla/5.0 (Linux; Android 12; SM-A525F) AppleWebKit/537.36 (KHTML, like Gecko) Chrome/104.0.0.0 Mobile Safari/537.36"
213.230.86.117 - - [15/Aug/2022:14:02:56 +0500] "GET /camera/12 HTTP/1.1" 200 1025 "https://camera.urdu.uz/" "Mozilla/5.0 (Linux; Android 6.0.1; SAMSUNG SM-G532F) AppleWebKit/537.36 (KHTML, like Gecko) SamsungBrowser/16.2 Chrome/92.0.4515.166 Mobile Safari/537.36"
84.54.70.97 - - [15/Aug/2022:14:02:57 +0500] "GET /css/site.css HTTP/1.1" 200 1858 "https://camera.urdu.uz/" "Mozilla/5.0 (Linux; Android 10; SM-A013F) AppleWebKit/537.36 (KHTML, like Gecko) Chrome/103.0.0.0 Mobile Safari/537.36"
84.54.70.97 - - [15/Aug/2022:14:02:57 +0500] "GET /assets/17263276/css/bootstrap.css HTTP/1.1" 200 237601 "https://camera.urdu.uz/" "Mozilla/5.0 (Linux; Android 10; SM-A013F) AppleWebKit/537.36 (KHTML, like Gecko) Chrome/103.0.0.0 Mobile Safari/537.36"
84.54.70.97 - - [15/Aug/2022:14:02:57 +0500] "GET /assets/629a94c2/yii.js HTTP/1.1" 200 20934 "https://camera.urdu.uz/" "Mozilla/5.0 (Linux; Android 10; SM-A013F) AppleWebKit/537.36 (KHTML, like Gecko) Chrome/103.0.0.0 Mobile Safari/537.36"
84.54.70.97 - - [15/Aug/2022:14:02:57 +0500] "GET /assets/17263276/js/bootstrap.bundle.js HTTP/1.1" 200 207371 "https://camera.urdu.uz/" "Mozilla/5.0 (Linux; Android 10; SM-A013F) AppleWebKit/537.36 (KHTML, like Gecko) Chrome/103.0.0.0 Mobile Safari/537.36"
84.54.70.97 - - [15/Aug/2022:14:02:57 +0500] "GET /assets/ef59ca7b/jquery.js HTTP/1.1" 200 288580 "https://camera.urdu.uz/" "Mozilla/5.0 (Linux; Android 10; SM-A013F) AppleWebKit/537.36 (KHTML, like Gecko) Chrome/103.0.0.0 Mobile Safari/537.36"
84.54.70.97 - - [15/Aug/2022:14:02:57 +0500] "GET /img/logo.png HTTP/1.1" 200 1042067 "https://camera.urdu.uz/" "Mozilla/5.0 (Linux; Android 10; SM-A013F) AppleWebKit/537.36 (KHTML, like Gecko) Chrome/103.0.0.0 Mobile Safari/537.36"
84.54.70.97 - - [15/Aug/2022:14:02:58 +0500] "GET /favicon.ico HTTP/1.1" 200 318 "https://camera.urdu.uz/" "Mozilla/5.0 (Linux; Android 10; SM-A013F) AppleWebKit/537.36 (KHTML, like Gecko) Chrome/103.0.0.0 Mobile Safari/537.36"
84.54.70.7 - - [15/Aug/2022:14:03:11 +0500] "GET /camera/11 HTTP/1.1" 200 1028 "https://camera.urdu.uz/" "Mozilla/5.0 (Linux; Android 12; SM-A525F) AppleWebKit/537.36 (KHTML, like Gecko) Chrome/104.0.0.0 Mobile Safari/537.36"
84.54.70.7 - - [15/Aug/2022:14:03:16 +0500] "GET /camera/11 HTTP/1.1" 200 1022 "https://camera.urdu.uz/" "Mozilla/5.0 (Linux; Android 12; SM-A525F) AppleWebKit/537.36 (KHTML, like Gecko) Chrome/104.0.0.0 Mobile Safari/537.36"
213.230.86.117 - - [15/Aug/2022:14:03:20 +0500] "GET /camera/13 HTTP/1.1" 200 1027 "https://camera.urdu.uz/" "Mozilla/5.0 (Linux; Android 6.0.1; SAMSUNG SM-G532F) AppleWebKit/537.36 (KHTML, like Gecko) SamsungBrowser/16.2 Chrome/92.0.4515.166 Mobile Safari/537.36"
84.54.70.97 - - [15/Aug/2022:14:03:31 +0500] "GET /camera/6 HTTP/1.1" 200 1023 "https://camera.urdu.uz/" "Mozilla/5.0 (Linux; Android 10; SM-A013F) AppleWebKit/537.36 (KHTML, like Gecko) Chrome/103.0.0.0 Mobile Safari/537.36"
213.230.86.117 - - [15/Aug/2022:14:03:37 +0500] "GET /camera/11 HTTP/1.1" 200 1023 "https://camera.urdu.uz/" "Mozilla/5.0 (Linux; Android 6.0.1; SAMSUNG SM-G532F) AppleWebKit/537.36 (KHTML, like Gecko) SamsungBrowser/16.2 Chrome/92.0.4515.166 Mobile Safari/537.36"
84.54.70.7 - - [15/Aug/2022:14:03:57 +0500] "GET /camera/10 HTTP/1.1" 200 1024 "https://camera.urdu.uz/" "Mozilla/5.0 (Linux; Android 12; SM-A525F) AppleWebKit/537.36 (KHTML, like Gecko) Chrome/104.0.0.0 Mobile Safari/537.36"
213.230.86.117 - - [15/Aug/2022:14:04:11 +0500] "GET /camera/14 HTTP/1.1" 200 1028 "https://camera.urdu.uz/" "Mozilla/5.0 (Linux; Android 6.0.1; SAMSUNG SM-G532F) AppleWebKit/537.36 (KHTML, like Gecko) SamsungBrowser/16.2 Chrome/92.0.4515.166 Mobile Safari/537.36"
213.230.86.117 - - [15/Aug/2022:14:05:03 +0500] "GET /camera/15 HTTP/1.1" 200 1023 "https://camera.urdu.uz/" "Mozilla/5.0 (Linux; Android 6.0.1; SAMSUNG SM-G532F) AppleWebKit/537.36 (KHTML, like Gecko) SamsungBrowser/16.2 Chrome/92.0.4515.166 Mobile Safari/537.36"
185.139.137.221 - - [15/Aug/2022:14:05:13 +0500] "GET / HTTP/1.1" 200 2940 "android-app://com.google.android.googlequicksearchbox/" "Mozilla/5.0 (Linux; Android 11; SM-A037F) AppleWebKit/537.36 (KHTML, like Gecko) Chrome/103.0.0.0 Mobile Safari/537.36"
84.54.71.217 - - [15/Aug/2022:14:05:17 +0500] "GET / HTTP/1.1" 200 2935 "-" "Mozilla/5.0 (Linux; Android 12; SAMSUNG SM-A325F) AppleWebKit/537.36 (KHTML, like Gecko) SamsungBrowser/18.0 Chrome/99.0.4844.88 Mobile Safari/537.36"
84.54.71.217 - - [15/Aug/2022:14:05:17 +0500] "GET /css/site.css HTTP/1.1" 200 1858 "https://camera.urdu.uz/" "Mozilla/5.0 (Linux; Android 12; SAMSUNG SM-A325F) AppleWebKit/537.36 (KHTML, like Gecko) SamsungBrowser/18.0 Chrome/99.0.4844.88 Mobile Safari/537.36"
84.54.71.217 - - [15/Aug/2022:14:05:17 +0500] "GET /assets/629a94c2/yii.js HTTP/1.1" 200 20934 "https://camera.urdu.uz/" "Mozilla/5.0 (Linux; Android 12; SAMSUNG SM-A325F) AppleWebKit/537.36 (KHTML, like Gecko) SamsungBrowser/18.0 Chrome/99.0.4844.88 Mobile Safari/537.36"
84.54.71.217 - - [15/Aug/2022:14:05:17 +0500] "GET /assets/17263276/css/bootstrap.css HTTP/1.1" 200 237601 "https://camera.urdu.uz/" "Mozilla/5.0 (Linux; Android 12; SAMSUNG SM-A325F) AppleWebKit/537.36 (KHTML, like Gecko) SamsungBrowser/18.0 Chrome/99.0.4844.88 Mobile Safari/537.36"
84.54.71.217 - - [15/Aug/2022:14:05:17 +0500] "GET /assets/17263276/js/bootstrap.bundle.js HTTP/1.1" 200 207371 "https://camera.urdu.uz/" "Mozilla/5.0 (Linux; Android 12; SAMSUNG SM-A325F) AppleWebKit/537.36 (KHTML, like Gecko) SamsungBrowser/18.0 Chrome/99.0.4844.88 Mobile Safari/537.36"
84.54.71.217 - - [15/Aug/2022:14:05:18 +0500] "GET /assets/ef59ca7b/jquery.js HTTP/1.1" 200 288580 "https://camera.urdu.uz/" "Mozilla/5.0 (Linux; Android 12; SAMSUNG SM-A325F) AppleWebKit/537.36 (KHTML, like Gecko) SamsungBrowser/18.0 Chrome/99.0.4844.88 Mobile Safari/537.36"
84.54.71.217 - - [15/Aug/2022:14:05:19 +0500] "GET /img/logo.png HTTP/1.1" 200 1042067 "https://camera.urdu.uz/" "Mozilla/5.0 (Linux; Android 12; SAMSUNG SM-A325F) AppleWebKit/537.36 (KHTML, like Gecko) SamsungBrowser/18.0 Chrome/99.0.4844.88 Mobile Safari/537.36"
84.54.71.217 - - [15/Aug/2022:14:05:20 +0500] "GET /favicon.ico HTTP/1.1" 200 318 "https://camera.urdu.uz/" "Mozilla/5.0 (Linux; Android 12; SAMSUNG SM-A325F) AppleWebKit/537.36 (KHTML, like Gecko) SamsungBrowser/18.0 Chrome/99.0.4844.88 Mobile Safari/537.36"
213.230.86.117 - - [15/Aug/2022:14:05:21 +0500] "GET /camera/5 HTTP/1.1" 200 1027 "https://camera.urdu.uz/" "Mozilla/5.0 (Linux; Android 6.0.1; SAMSUNG SM-G532F) AppleWebKit/537.36 (KHTML, like Gecko) SamsungBrowser/16.2 Chrome/92.0.4515.166 Mobile Safari/537.36"
84.54.71.217 - - [15/Aug/2022:14:05:22 +0500] "GET /camera/7 HTTP/1.1" 200 1024 "https://camera.urdu.uz/" "Mozilla/5.0 (Linux; Android 12; SAMSUNG SM-A325F) AppleWebKit/537.36 (KHTML, like Gecko) SamsungBrowser/18.0 Chrome/99.0.4844.88 Mobile Safari/537.36"
213.230.86.117 - - [15/Aug/2022:14:05:39 +0500] "GET /camera/19 HTTP/1.1" 200 1026 "https://camera.urdu.uz/" "Mozilla/5.0 (Linux; Android 6.0.1; SAMSUNG SM-G532F) AppleWebKit/537.36 (KHTML, like Gecko) SamsungBrowser/16.2 Chrome/92.0.4515.166 Mobile Safari/537.36"
84.54.71.217 - - [15/Aug/2022:14:05:56 +0500] "GET /camera/13 HTTP/1.1" 200 1023 "https://camera.urdu.uz/" "Mozilla/5.0 (Linux; Android 12; SAMSUNG SM-A325F) AppleWebKit/537.36 (KHTML, like Gecko) SamsungBrowser/18.0 Chrome/99.0.4844.88 Mobile Safari/537.36"
213.230.86.117 - - [15/Aug/2022:14:06:22 +0500] "GET /camera/7 HTTP/1.1" 200 1023 "https://camera.urdu.uz/" "Mozilla/5.0 (Linux; Android 6.0.1; SAMSUNG SM-G532F) AppleWebKit/537.36 (KHTML, like Gecko) SamsungBrowser/16.2 Chrome/92.0.4515.166 Mobile Safari/537.36"
84.54.70.7 - - [15/Aug/2022:14:06:24 +0500] "GET /camera/12 HTTP/1.1" 200 1028 "https://camera.urdu.uz/" "Mozilla/5.0 (Linux; Android 12; SM-A525F) AppleWebKit/537.36 (KHTML, like Gecko) Chrome/104.0.0.0 Mobile Safari/537.36"
84.54.71.217 - - [15/Aug/2022:14:06:28 +0500] "GET /camera/7 HTTP/1.1" 200 1027 "https://camera.urdu.uz/" "Mozilla/5.0 (Linux; Android 12; SAMSUNG SM-A325F) AppleWebKit/537.36 (KHTML, like Gecko) SamsungBrowser/18.0 Chrome/99.0.4844.88 Mobile Safari/537.36"
213.230.86.117 - - [15/Aug/2022:14:06:33 +0500] "GET /camera/12 HTTP/1.1" 200 1026 "https://camera.urdu.uz/" "Mozilla/5.0 (Linux; Android 6.0.1; SAMSUNG SM-G532F) AppleWebKit/537.36 (KHTML, like Gecko) SamsungBrowser/16.2 Chrome/92.0.4515.166 Mobile Safari/537.36"
213.230.86.117 - - [15/Aug/2022:14:06:45 +0500] "GET /camera/7 HTTP/1.1" 200 1023 "https://camera.urdu.uz/" "Mozilla/5.0 (Linux; Android 6.0.1; SAMSUNG SM-G532F) AppleWebKit/537.36 (KHTML, like Gecko) SamsungBrowser/16.2 Chrome/92.0.4515.166 Mobile Safari/537.36"
