195.158.31.179 - - [15/Aug/2022:12:55:44 +0500] "GET /img/logo.png HTTP/1.1" 304 0 "https://camera.urdu.uz/" "Mozilla/5.0 (Windows NT 10.0; Win64; x64) AppleWebKit/537.36 (KHTML, like Gecko) Chrome/104.0.0.0 Safari/537.36"
195.158.31.179 - - [15/Aug/2022:12:55:44 +0500] "GET /favicon.ico HTTP/1.1" 304 0 "https://camera.urdu.uz/" "Mozilla/5.0 (Windows NT 10.0; Win64; x64) AppleWebKit/537.36 (KHTML, like Gecko) Chrome/104.0.0.0 Safari/537.36"
185.213.230.109 - - [15/Aug/2022:13:00:45 +0500] "GET /camera/7 HTTP/1.1" 200 1026 "https://camera.urdu.uz/" "Mozilla/5.0 (Linux; Android 11; M2004J19C) AppleWebKit/537.36 (KHTML, like Gecko) Chrome/102.0.0.0 Mobile Safari/537.36"
185.213.230.139 - - [15/Aug/2022:13:01:46 +0500] "GET / HTTP/1.1" 200 2941 "-" "Mozilla/5.0 (Linux; Android 12; SAMSUNG SM-A235F) AppleWebKit/537.36 (KHTML, like Gecko) SamsungBrowser/17.0 Chrome/96.0.4664.104 Mobile Safari/537.36"
185.213.230.139 - - [15/Aug/2022:13:01:46 +0500] "GET /css/site.css HTTP/1.1" 200 1858 "https://camera.urdu.uz/" "Mozilla/5.0 (Linux; Android 12; SAMSUNG SM-A235F) AppleWebKit/537.36 (KHTML, like Gecko) SamsungBrowser/17.0 Chrome/96.0.4664.104 Mobile Safari/537.36"
185.213.230.139 - - [15/Aug/2022:13:01:47 +0500] "GET /assets/629a94c2/yii.js HTTP/1.1" 200 20934 "https://camera.urdu.uz/" "Mozilla/5.0 (Linux; Android 12; SAMSUNG SM-A235F) AppleWebKit/537.36 (KHTML, like Gecko) SamsungBrowser/17.0 Chrome/96.0.4664.104 Mobile Safari/537.36"
185.213.230.139 - - [15/Aug/2022:13:01:47 +0500] "GET /assets/17263276/css/bootstrap.css HTTP/1.1" 200 237601 "https://camera.urdu.uz/" "Mozilla/5.0 (Linux; Android 12; SAMSUNG SM-A235F) AppleWebKit/537.36 (KHTML, like Gecko) SamsungBrowser/17.0 Chrome/96.0.4664.104 Mobile Safari/537.36"
185.213.230.139 - - [15/Aug/2022:13:01:47 +0500] "GET /assets/ef59ca7b/jquery.js HTTP/1.1" 200 288580 "https://camera.urdu.uz/" "Mozilla/5.0 (Linux; Android 12; SAMSUNG SM-A235F) AppleWebKit/537.36 (KHTML, like Gecko) SamsungBrowser/17.0 Chrome/96.0.4664.104 Mobile Safari/537.36"
185.213.230.139 - - [15/Aug/2022:13:01:47 +0500] "GET /assets/17263276/js/bootstrap.bundle.js HTTP/1.1" 200 207371 "https://camera.urdu.uz/" "Mozilla/5.0 (Linux; Android 12; SAMSUNG SM-A235F) AppleWebKit/537.36 (KHTML, like Gecko) SamsungBrowser/17.0 Chrome/96.0.4664.104 Mobile Safari/537.36"
185.213.230.139 - - [15/Aug/2022:13:01:48 +0500] "GET /img/logo.png HTTP/1.1" 200 1042067 "https://camera.urdu.uz/" "Mozilla/5.0 (Linux; Android 12; SAMSUNG SM-A235F) AppleWebKit/537.36 (KHTML, like Gecko) SamsungBrowser/17.0 Chrome/96.0.4664.104 Mobile Safari/537.36"
185.213.230.139 - - [15/Aug/2022:13:01:49 +0500] "GET /favicon.ico HTTP/1.1" 200 318 "https://camera.urdu.uz/" "Mozilla/5.0 (Linux; Android 12; SAMSUNG SM-A235F) AppleWebKit/537.36 (KHTML, like Gecko) SamsungBrowser/17.0 Chrome/96.0.4664.104 Mobile Safari/537.36"
185.213.230.139 - - [15/Aug/2022:13:02:03 +0500] "GET /camera/7 HTTP/1.1" 200 1026 "https://camera.urdu.uz/" "Mozilla/5.0 (Linux; Android 12; SAMSUNG SM-A235F) AppleWebKit/537.36 (KHTML, like Gecko) SamsungBrowser/17.0 Chrome/96.0.4664.104 Mobile Safari/537.36"
84.54.71.242 - - [15/Aug/2022:13:02:18 +0500] "GET / HTTP/1.1" 200 2938 "android-app://org.vidogram.messenger/" "Mozilla/5.0 (Linux; Android 11; M2101K9G) AppleWebKit/537.36 (KHTML, like Gecko) Chrome/104.0.0.0 Mobile Safari/537.36"
84.54.71.242 - - [15/Aug/2022:13:02:19 +0500] "GET /assets/ef59ca7b/jquery.js HTTP/1.1" 304 0 "https://camera.urdu.uz/" "Mozilla/5.0 (Linux; Android 11; M2101K9G) AppleWebKit/537.36 (KHTML, like Gecko) Chrome/104.0.0.0 Mobile Safari/537.36"
84.54.71.242 - - [15/Aug/2022:13:02:19 +0500] "GET /css/site.css HTTP/1.1" 304 0 "https://camera.urdu.uz/" "Mozilla/5.0 (Linux; Android 11; M2101K9G) AppleWebKit/537.36 (KHTML, like Gecko) Chrome/104.0.0.0 Mobile Safari/537.36"
84.54.71.242 - - [15/Aug/2022:13:02:19 +0500] "GET /assets/17263276/css/bootstrap.css HTTP/1.1" 304 0 "https://camera.urdu.uz/" "Mozilla/5.0 (Linux; Android 11; M2101K9G) AppleWebKit/537.36 (KHTML, like Gecko) Chrome/104.0.0.0 Mobile Safari/537.36"
84.54.71.242 - - [15/Aug/2022:13:02:19 +0500] "GET /assets/629a94c2/yii.js HTTP/1.1" 304 0 "https://camera.urdu.uz/" "Mozilla/5.0 (Linux; Android 11; M2101K9G) AppleWebKit/537.36 (KHTML, like Gecko) Chrome/104.0.0.0 Mobile Safari/537.36"
84.54.71.242 - - [15/Aug/2022:13:02:20 +0500] "GET /assets/17263276/js/bootstrap.bundle.js HTTP/1.1" 304 0 "https://camera.urdu.uz/" "Mozilla/5.0 (Linux; Android 11; M2101K9G) AppleWebKit/537.36 (KHTML, like Gecko) Chrome/104.0.0.0 Mobile Safari/537.36"
84.54.71.242 - - [15/Aug/2022:13:02:20 +0500] "GET /img/logo.png HTTP/1.1" 304 0 "https://camera.urdu.uz/" "Mozilla/5.0 (Linux; Android 11; M2101K9G) AppleWebKit/537.36 (KHTML, like Gecko) Chrome/104.0.0.0 Mobile Safari/537.36"
84.54.71.242 - - [15/Aug/2022:13:02:20 +0500] "GET /favicon.ico HTTP/1.1" 304 0 "https://camera.urdu.uz/" "Mozilla/5.0 (Linux; Android 11; M2101K9G) AppleWebKit/537.36 (KHTML, like Gecko) Chrome/104.0.0.0 Mobile Safari/537.36"
37.110.211.144 - - [15/Aug/2022:13:02:20 +0500] "GET / HTTP/1.1" 200 2940 "android-app://org.telegram.messenger/" "Mozilla/5.0 (Linux; Android 11; SM-A505FN) AppleWebKit/537.36 (KHTML, like Gecko) Chrome/87.0.4280.141 Mobile Safari/537.36"
37.110.211.144 - - [15/Aug/2022:13:02:21 +0500] "GET /css/site.css HTTP/1.1" 304 0 "https://camera.urdu.uz/" "Mozilla/5.0 (Linux; Android 11; SM-A505FN) AppleWebKit/537.36 (KHTML, like Gecko) Chrome/87.0.4280.141 Mobile Safari/537.36"
37.110.211.144 - - [15/Aug/2022:13:02:21 +0500] "GET /assets/629a94c2/yii.js HTTP/1.1" 304 0 "https://camera.urdu.uz/" "Mozilla/5.0 (Linux; Android 11; SM-A505FN) AppleWebKit/537.36 (KHTML, like Gecko) Chrome/87.0.4280.141 Mobile Safari/537.36"
37.110.211.144 - - [15/Aug/2022:13:02:23 +0500] "GET /assets/17263276/js/bootstrap.bundle.js HTTP/1.1" 200 207371 "https://camera.urdu.uz/" "Mozilla/5.0 (Linux; Android 11; SM-A505FN) AppleWebKit/537.36 (KHTML, like Gecko) Chrome/87.0.4280.141 Mobile Safari/537.36"
37.110.211.144 - - [15/Aug/2022:13:02:29 +0500] "GET /assets/17263276/css/bootstrap.css HTTP/1.1" 200 237601 "https://camera.urdu.uz/" "Mozilla/5.0 (Linux; Android 11; SM-A505FN) AppleWebKit/537.36 (KHTML, like Gecko) Chrome/87.0.4280.141 Mobile Safari/537.36"
37.110.211.144 - - [15/Aug/2022:13:02:33 +0500] "GET /assets/ef59ca7b/jquery.js HTTP/1.1" 200 288580 "https://camera.urdu.uz/" "Mozilla/5.0 (Linux; Android 11; SM-A505FN) AppleWebKit/537.36 (KHTML, like Gecko) Chrome/87.0.4280.141 Mobile Safari/537.36"
37.110.211.144 - - [15/Aug/2022:13:02:40 +0500] "GET /img/logo.png HTTP/1.1" 200 1042067 "https://camera.urdu.uz/" "Mozilla/5.0 (Linux; Android 11; SM-A505FN) AppleWebKit/537.36 (KHTML, like Gecko) Chrome/87.0.4280.141 Mobile Safari/537.36"
37.110.211.144 - - [15/Aug/2022:13:02:41 +0500] "GET /favicon.ico HTTP/1.1" 304 0 "https://camera.urdu.uz/" "Mozilla/5.0 (Linux; Android 11; SM-A505FN) AppleWebKit/537.36 (KHTML, like Gecko) Chrome/87.0.4280.141 Mobile Safari/537.36"
185.139.137.210 - - [15/Aug/2022:13:02:48 +0500] "GET / HTTP/1.1" 200 2937 "-" "Mozilla/5.0 (Linux; Android 12; M2101K7AG) AppleWebKit/537.36 (KHTML, like Gecko) Chrome/103.0.0.0 Mobile Safari/537.36"
185.139.137.210 - - [15/Aug/2022:13:02:50 +0500] "GET /css/site.css HTTP/1.1" 200 1858 "https://camera.urdu.uz/" "Mozilla/5.0 (Linux; Android 12; M2101K7AG) AppleWebKit/537.36 (KHTML, like Gecko) Chrome/103.0.0.0 Mobile Safari/537.36"
185.139.137.210 - - [15/Aug/2022:13:02:52 +0500] "GET /assets/629a94c2/yii.js HTTP/1.1" 200 20934 "https://camera.urdu.uz/" "Mozilla/5.0 (Linux; Android 12; M2101K7AG) AppleWebKit/537.36 (KHTML, like Gecko) Chrome/103.0.0.0 Mobile Safari/537.36"
185.139.137.210 - - [15/Aug/2022:13:03:02 +0500] "GET /assets/17263276/js/bootstrap.bundle.js HTTP/1.1" 200 207371 "https://camera.urdu.uz/" "Mozilla/5.0 (Linux; Android 12; M2101K7AG) AppleWebKit/537.36 (KHTML, like Gecko) Chrome/103.0.0.0 Mobile Safari/537.36"
185.139.137.210 - - [15/Aug/2022:13:03:07 +0500] "GET /assets/17263276/css/bootstrap.css HTTP/1.1" 200 237601 "https://camera.urdu.uz/" "Mozilla/5.0 (Linux; Android 12; M2101K7AG) AppleWebKit/537.36 (KHTML, like Gecko) Chrome/103.0.0.0 Mobile Safari/537.36"
185.139.137.210 - - [15/Aug/2022:13:03:11 +0500] "GET /img/logo.png HTTP/1.1" 200 376588 "https://camera.urdu.uz/" "Mozilla/5.0 (Linux; Android 12; M2101K7AG) AppleWebKit/537.36 (KHTML, like Gecko) Chrome/103.0.0.0 Mobile Safari/537.36"
185.139.137.210 - - [15/Aug/2022:13:03:11 +0500] "GET /assets/ef59ca7b/jquery.js HTTP/1.1" 200 163584 "https://camera.urdu.uz/" "Mozilla/5.0 (Linux; Android 12; M2101K7AG) AppleWebKit/537.36 (KHTML, like Gecko) Chrome/103.0.0.0 Mobile Safari/537.36"
185.213.229.62 - - [15/Aug/2022:13:03:56 +0500] "GET / HTTP/1.1" 200 2936 "-" "Mozilla/5.0 (Linux; Android 11; SAMSUNG SM-A505FN) AppleWebKit/537.36 (KHTML, like Gecko) SamsungBrowser/17.0 Chrome/96.0.4664.104 Mobile Safari/537.36"
185.213.229.62 - - [15/Aug/2022:13:03:57 +0500] "GET /css/site.css HTTP/1.1" 200 1858 "https://camera.urdu.uz/" "Mozilla/5.0 (Linux; Android 11; SAMSUNG SM-A505FN) AppleWebKit/537.36 (KHTML, like Gecko) SamsungBrowser/17.0 Chrome/96.0.4664.104 Mobile Safari/537.36"
185.213.229.62 - - [15/Aug/2022:13:03:57 +0500] "GET /assets/629a94c2/yii.js HTTP/1.1" 200 20934 "https://camera.urdu.uz/" "Mozilla/5.0 (Linux; Android 11; SAMSUNG SM-A505FN) AppleWebKit/537.36 (KHTML, like Gecko) SamsungBrowser/17.0 Chrome/96.0.4664.104 Mobile Safari/537.36"
185.213.229.62 - - [15/Aug/2022:13:03:58 +0500] "GET /assets/17263276/css/bootstrap.css HTTP/1.1" 200 237601 "https://camera.urdu.uz/" "Mozilla/5.0 (Linux; Android 11; SAMSUNG SM-A505FN) AppleWebKit/537.36 (KHTML, like Gecko) SamsungBrowser/17.0 Chrome/96.0.4664.104 Mobile Safari/537.36"
185.213.229.62 - - [15/Aug/2022:13:03:59 +0500] "GET /assets/17263276/js/bootstrap.bundle.js HTTP/1.1" 200 207371 "https://camera.urdu.uz/" "Mozilla/5.0 (Linux; Android 11; SAMSUNG SM-A505FN) AppleWebKit/537.36 (KHTML, like Gecko) SamsungBrowser/17.0 Chrome/96.0.4664.104 Mobile Safari/537.36"
185.213.229.62 - - [15/Aug/2022:13:04:00 +0500] "GET /assets/ef59ca7b/jquery.js HTTP/1.1" 200 288580 "https://camera.urdu.uz/" "Mozilla/5.0 (Linux; Android 11; SAMSUNG SM-A505FN) AppleWebKit/537.36 (KHTML, like Gecko) SamsungBrowser/17.0 Chrome/96.0.4664.104 Mobile Safari/537.36"
185.213.229.62 - - [15/Aug/2022:13:04:02 +0500] "GET /img/logo.png HTTP/1.1" 200 1042067 "https://camera.urdu.uz/" "Mozilla/5.0 (Linux; Android 11; SAMSUNG SM-A505FN) AppleWebKit/537.36 (KHTML, like Gecko) SamsungBrowser/17.0 Chrome/96.0.4664.104 Mobile Safari/537.36"
185.213.229.62 - - [15/Aug/2022:13:04:03 +0500] "GET /favicon.ico HTTP/1.1" 200 318 "https://camera.urdu.uz/" "Mozilla/5.0 (Linux; Android 11; SAMSUNG SM-A505FN) AppleWebKit/537.36 (KHTML, like Gecko) SamsungBrowser/17.0 Chrome/96.0.4664.104 Mobile Safari/537.36"
185.213.229.62 - - [15/Aug/2022:13:04:19 +0500] "GET /camera/7 HTTP/1.1" 200 1026 "https://camera.urdu.uz/" "Mozilla/5.0 (Linux; Android 11; SAMSUNG SM-A505FN) AppleWebKit/537.36 (KHTML, like Gecko) SamsungBrowser/17.0 Chrome/96.0.4664.104 Mobile Safari/537.36"
185.213.229.62 - - [15/Aug/2022:13:04:34 +0500] "GET /camera/7 HTTP/1.1" 200 1025 "https://camera.urdu.uz/" "Mozilla/5.0 (Linux; Android 11; SAMSUNG SM-A505FN) AppleWebKit/537.36 (KHTML, like Gecko) SamsungBrowser/17.0 Chrome/96.0.4664.104 Mobile Safari/537.36"
185.213.229.62 - - [15/Aug/2022:13:04:41 +0500] "GET /camera/7 HTTP/1.1" 200 1027 "https://camera.urdu.uz/" "Mozilla/5.0 (Linux; Android 11; SAMSUNG SM-A505FN) AppleWebKit/537.36 (KHTML, like Gecko) SamsungBrowser/17.0 Chrome/96.0.4664.104 Mobile Safari/537.36"
188.113.193.197 - - [15/Aug/2022:13:04:44 +0500] "GET / HTTP/1.1" 200 2940 "android-app://ir.ilmili.telegraph/" "Mozilla/5.0 (Linux; Android 12; SM-A037F) AppleWebKit/537.36 (KHTML, like Gecko) Chrome/104.0.0.0 Mobile Safari/537.36"
188.113.193.197 - - [15/Aug/2022:13:04:44 +0500] "GET /css/site.css HTTP/1.1" 200 1858 "https://camera.urdu.uz/" "Mozilla/5.0 (Linux; Android 12; SM-A037F) AppleWebKit/537.36 (KHTML, like Gecko) Chrome/104.0.0.0 Mobile Safari/537.36"
188.113.193.197 - - [15/Aug/2022:13:04:45 +0500] "GET /assets/629a94c2/yii.js HTTP/1.1" 200 20934 "https://camera.urdu.uz/" "Mozilla/5.0 (Linux; Android 12; SM-A037F) AppleWebKit/537.36 (KHTML, like Gecko) Chrome/104.0.0.0 Mobile Safari/537.36"
188.113.193.197 - - [15/Aug/2022:13:04:45 +0500] "GET /assets/17263276/css/bootstrap.css HTTP/1.1" 200 237601 "https://camera.urdu.uz/" "Mozilla/5.0 (Linux; Android 12; SM-A037F) AppleWebKit/537.36 (KHTML, like Gecko) Chrome/104.0.0.0 Mobile Safari/537.36"
188.113.193.197 - - [15/Aug/2022:13:04:45 +0500] "GET /assets/17263276/js/bootstrap.bundle.js HTTP/1.1" 200 207371 "https://camera.urdu.uz/" "Mozilla/5.0 (Linux; Android 12; SM-A037F) AppleWebKit/537.36 (KHTML, like Gecko) Chrome/104.0.0.0 Mobile Safari/537.36"
188.113.193.197 - - [15/Aug/2022:13:04:45 +0500] "GET /assets/ef59ca7b/jquery.js HTTP/1.1" 200 288580 "https://camera.urdu.uz/" "Mozilla/5.0 (Linux; Android 12; SM-A037F) AppleWebKit/537.36 (KHTML, like Gecko) Chrome/104.0.0.0 Mobile Safari/537.36"
188.113.193.197 - - [15/Aug/2022:13:04:45 +0500] "GET /img/logo.png HTTP/1.1" 200 1042067 "https://camera.urdu.uz/" "Mozilla/5.0 (Linux; Android 12; SM-A037F) AppleWebKit/537.36 (KHTML, like Gecko) Chrome/104.0.0.0 Mobile Safari/537.36"
188.113.193.197 - - [15/Aug/2022:13:04:45 +0500] "GET /favicon.ico HTTP/1.1" 200 318 "https://camera.urdu.uz/" "Mozilla/5.0 (Linux; Android 12; SM-A037F) AppleWebKit/537.36 (KHTML, like Gecko) Chrome/104.0.0.0 Mobile Safari/537.36"
185.213.229.62 - - [15/Aug/2022:13:05:01 +0500] "GET /camera/7 HTTP/1.1" 200 1026 "https://camera.urdu.uz/" "Mozilla/5.0 (Linux; Android 11; SAMSUNG SM-A505FN) AppleWebKit/537.36 (KHTML, like Gecko) SamsungBrowser/17.0 Chrome/96.0.4664.104 Mobile Safari/537.36"
37.110.215.36 - - [15/Aug/2022:13:05:10 +0500] "GET / HTTP/1.1" 200 2935 "-" "Mozilla/5.0 (Linux; Android 5.1.1; SM-J320H) AppleWebKit/537.36 (KHTML, like Gecko) Chrome/89.0.4389.105 Mobile Safari/537.36"
37.110.215.36 - - [15/Aug/2022:13:05:11 +0500] "GET /css/site.css HTTP/1.1" 200 1858 "https://camera.urdu.uz/" "Mozilla/5.0 (Linux; Android 5.1.1; SM-J320H) AppleWebKit/537.36 (KHTML, like Gecko) Chrome/89.0.4389.105 Mobile Safari/537.36"
37.110.215.36 - - [15/Aug/2022:13:05:11 +0500] "GET /assets/629a94c2/yii.js HTTP/1.1" 200 20934 "https://camera.urdu.uz/" "Mozilla/5.0 (Linux; Android 5.1.1; SM-J320H) AppleWebKit/537.36 (KHTML, like Gecko) Chrome/89.0.4389.105 Mobile Safari/537.36"
37.110.215.36 - - [15/Aug/2022:13:05:11 +0500] "GET /assets/17263276/css/bootstrap.css HTTP/1.1" 200 237601 "https://camera.urdu.uz/" "Mozilla/5.0 (Linux; Android 5.1.1; SM-J320H) AppleWebKit/537.36 (KHTML, like Gecko) Chrome/89.0.4389.105 Mobile Safari/537.36"
37.110.215.36 - - [15/Aug/2022:13:05:12 +0500] "GET /assets/ef59ca7b/jquery.js HTTP/1.1" 200 288580 "https://camera.urdu.uz/" "Mozilla/5.0 (Linux; Android 5.1.1; SM-J320H) AppleWebKit/537.36 (KHTML, like Gecko) Chrome/89.0.4389.105 Mobile Safari/537.36"
37.110.215.36 - - [15/Aug/2022:13:05:12 +0500] "GET /assets/17263276/js/bootstrap.bundle.js HTTP/1.1" 200 207371 "https://camera.urdu.uz/" "Mozilla/5.0 (Linux; Android 5.1.1; SM-J320H) AppleWebKit/537.36 (KHTML, like Gecko) Chrome/89.0.4389.105 Mobile Safari/537.36"
37.110.215.36 - - [15/Aug/2022:13:05:14 +0500] "GET /img/logo.png HTTP/1.1" 200 1042067 "https://camera.urdu.uz/" "Mozilla/5.0 (Linux; Android 5.1.1; SM-J320H) AppleWebKit/537.36 (KHTML, like Gecko) Chrome/89.0.4389.105 Mobile Safari/537.36"
37.110.215.36 - - [15/Aug/2022:13:05:14 +0500] "GET /favicon.ico HTTP/1.1" 200 318 "https://camera.urdu.uz/" "Mozilla/5.0 (Linux; Android 5.1.1; SM-J320H) AppleWebKit/537.36 (KHTML, like Gecko) Chrome/89.0.4389.105 Mobile Safari/537.36"
185.213.230.142 - - [15/Aug/2022:13:05:21 +0500] "GET / HTTP/1.1" 200 2935 "-" "Mozilla/5.0 (Linux; Android 11; SM-A217F) AppleWebKit/537.36 (KHTML, like Gecko) Chrome/91.0.4472.164 Mobile Safari/537.36"
185.213.230.142 - - [15/Aug/2022:13:05:22 +0500] "GET /css/site.css HTTP/1.1" 200 1858 "https://camera.urdu.uz/" "Mozilla/5.0 (Linux; Android 11; SM-A217F) AppleWebKit/537.36 (KHTML, like Gecko) Chrome/91.0.4472.164 Mobile Safari/537.36"
185.213.230.142 - - [15/Aug/2022:13:05:23 +0500] "GET /assets/629a94c2/yii.js HTTP/1.1" 200 20934 "https://camera.urdu.uz/" "Mozilla/5.0 (Linux; Android 11; SM-A217F) AppleWebKit/537.36 (KHTML, like Gecko) Chrome/91.0.4472.164 Mobile Safari/537.36"
185.213.230.142 - - [15/Aug/2022:13:05:28 +0500] "GET /assets/17263276/js/bootstrap.bundle.js HTTP/1.1" 200 207371 "https://camera.urdu.uz/" "Mozilla/5.0 (Linux; Android 11; SM-A217F) AppleWebKit/537.36 (KHTML, like Gecko) Chrome/91.0.4472.164 Mobile Safari/537.36"
185.213.230.142 - - [15/Aug/2022:13:05:30 +0500] "GET /assets/17263276/css/bootstrap.css HTTP/1.1" 200 237601 "https://camera.urdu.uz/" "Mozilla/5.0 (Linux; Android 11; SM-A217F) AppleWebKit/537.36 (KHTML, like Gecko) Chrome/91.0.4472.164 Mobile Safari/537.36"
185.213.230.142 - - [15/Aug/2022:13:05:31 +0500] "GET /assets/ef59ca7b/jquery.js HTTP/1.1" 200 288580 "https://camera.urdu.uz/" "Mozilla/5.0 (Linux; Android 11; SM-A217F) AppleWebKit/537.36 (KHTML, like Gecko) Chrome/91.0.4472.164 Mobile Safari/537.36"
185.213.230.142 - - [15/Aug/2022:13:05:35 +0500] "GET /img/logo.png HTTP/1.1" 200 1042067 "https://camera.urdu.uz/" "Mozilla/5.0 (Linux; Android 11; SM-A217F) AppleWebKit/537.36 (KHTML, like Gecko) Chrome/91.0.4472.164 Mobile Safari/537.36"
185.213.230.142 - - [15/Aug/2022:13:05:37 +0500] "GET /favicon.ico HTTP/1.1" 200 318 "https://camera.urdu.uz/" "Mozilla/5.0 (Linux; Android 11; SM-A217F) AppleWebKit/537.36 (KHTML, like Gecko) Chrome/91.0.4472.164 Mobile Safari/537.36"
37.110.215.36 - - [15/Aug/2022:13:05:41 +0500] "GET /camera/12 HTTP/1.1" 200 1026 "https://camera.urdu.uz/" "Mozilla/5.0 (Linux; Android 5.1.1; SM-J320H) AppleWebKit/537.36 (KHTML, like Gecko) Chrome/89.0.4389.105 Mobile Safari/537.36"
185.139.137.203 - - [15/Aug/2022:13:05:51 +0500] "GET / HTTP/1.1" 200 2941 "-" "Mozilla/5.0 (Linux; Android 11; M2004J19C) AppleWebKit/537.36 (KHTML, like Gecko) Chrome/100.0.4896.127 Mobile Safari/537.36"
185.139.137.203 - - [15/Aug/2022:13:05:51 +0500] "GET /css/site.css HTTP/1.1" 304 0 "https://camera.urdu.uz/" "Mozilla/5.0 (Linux; Android 11; M2004J19C) AppleWebKit/537.36 (KHTML, like Gecko) Chrome/100.0.4896.127 Mobile Safari/537.36"
185.139.137.203 - - [15/Aug/2022:13:05:51 +0500] "GET /assets/629a94c2/yii.js HTTP/1.1" 200 20934 "https://camera.urdu.uz/" "Mozilla/5.0 (Linux; Android 11; M2004J19C) AppleWebKit/537.36 (KHTML, like Gecko) Chrome/100.0.4896.127 Mobile Safari/537.36"
185.139.137.203 - - [15/Aug/2022:13:05:52 +0500] "GET /assets/17263276/js/bootstrap.bundle.js HTTP/1.1" 200 207371 "https://camera.urdu.uz/" "Mozilla/5.0 (Linux; Android 11; M2004J19C) AppleWebKit/537.36 (KHTML, like Gecko) Chrome/100.0.4896.127 Mobile Safari/537.36"
185.139.137.203 - - [15/Aug/2022:13:05:52 +0500] "GET /assets/17263276/css/bootstrap.css HTTP/1.1" 200 237601 "https://camera.urdu.uz/" "Mozilla/5.0 (Linux; Android 11; M2004J19C) AppleWebKit/537.36 (KHTML, like Gecko) Chrome/100.0.4896.127 Mobile Safari/537.36"
185.139.137.203 - - [15/Aug/2022:13:05:52 +0500] "GET /assets/ef59ca7b/jquery.js HTTP/1.1" 200 288580 "https://camera.urdu.uz/" "Mozilla/5.0 (Linux; Android 11; M2004J19C) AppleWebKit/537.36 (KHTML, like Gecko) Chrome/100.0.4896.127 Mobile Safari/537.36"
185.139.137.203 - - [15/Aug/2022:13:05:55 +0500] "GET /img/logo.png HTTP/1.1" 200 1042067 "https://camera.urdu.uz/" "Mozilla/5.0 (Linux; Android 11; M2004J19C) AppleWebKit/537.36 (KHTML, like Gecko) Chrome/100.0.4896.127 Mobile Safari/537.36"
185.139.137.203 - - [15/Aug/2022:13:05:56 +0500] "GET /favicon.ico HTTP/1.1" 304 0 "https://camera.urdu.uz/" "Mozilla/5.0 (Linux; Android 11; M2004J19C) AppleWebKit/537.36 (KHTML, like Gecko) Chrome/100.0.4896.127 Mobile Safari/537.36"
185.213.229.101 - - [15/Aug/2022:13:05:59 +0500] "GET / HTTP/1.1" 200 2941 "-" "Mozilla/5.0 (Linux; Android 7.1.1; SAMSUNG SM-J250F) AppleWebKit/537.36 (KHTML, like Gecko) SamsungBrowser/17.0 Chrome/96.0.4664.104 Mobile Safari/537.36"
185.213.229.101 - - [15/Aug/2022:13:05:59 +0500] "GET /css/site.css HTTP/1.1" 200 1858 "https://camera.urdu.uz/" "Mozilla/5.0 (Linux; Android 7.1.1; SAMSUNG SM-J250F) AppleWebKit/537.36 (KHTML, like Gecko) SamsungBrowser/17.0 Chrome/96.0.4664.104 Mobile Safari/537.36"
185.213.229.101 - - [15/Aug/2022:13:05:59 +0500] "GET /assets/629a94c2/yii.js HTTP/1.1" 200 20934 "https://camera.urdu.uz/" "Mozilla/5.0 (Linux; Android 7.1.1; SAMSUNG SM-J250F) AppleWebKit/537.36 (KHTML, like Gecko) SamsungBrowser/17.0 Chrome/96.0.4664.104 Mobile Safari/537.36"
185.213.229.101 - - [15/Aug/2022:13:05:59 +0500] "GET /assets/17263276/css/bootstrap.css HTTP/1.1" 200 237601 "https://camera.urdu.uz/" "Mozilla/5.0 (Linux; Android 7.1.1; SAMSUNG SM-J250F) AppleWebKit/537.36 (KHTML, like Gecko) SamsungBrowser/17.0 Chrome/96.0.4664.104 Mobile Safari/537.36"
185.213.229.101 - - [15/Aug/2022:13:06:00 +0500] "GET /assets/ef59ca7b/jquery.js HTTP/1.1" 200 288580 "https://camera.urdu.uz/" "Mozilla/5.0 (Linux; Android 7.1.1; SAMSUNG SM-J250F) AppleWebKit/537.36 (KHTML, like Gecko) SamsungBrowser/17.0 Chrome/96.0.4664.104 Mobile Safari/537.36"
185.213.229.101 - - [15/Aug/2022:13:06:00 +0500] "GET /assets/17263276/js/bootstrap.bundle.js HTTP/1.1" 200 207371 "https://camera.urdu.uz/" "Mozilla/5.0 (Linux; Android 7.1.1; SAMSUNG SM-J250F) AppleWebKit/537.36 (KHTML, like Gecko) SamsungBrowser/17.0 Chrome/96.0.4664.104 Mobile Safari/537.36"
185.213.229.101 - - [15/Aug/2022:13:06:00 +0500] "GET /img/logo.png HTTP/1.1" 200 1042067 "https://camera.urdu.uz/" "Mozilla/5.0 (Linux; Android 7.1.1; SAMSUNG SM-J250F) AppleWebKit/537.36 (KHTML, like Gecko) SamsungBrowser/17.0 Chrome/96.0.4664.104 Mobile Safari/537.36"
185.213.229.101 - - [15/Aug/2022:13:06:01 +0500] "GET /favicon.ico HTTP/1.1" 200 318 "https://camera.urdu.uz/" "Mozilla/5.0 (Linux; Android 7.1.1; SAMSUNG SM-J250F) AppleWebKit/537.36 (KHTML, like Gecko) SamsungBrowser/17.0 Chrome/96.0.4664.104 Mobile Safari/537.36"
185.213.229.101 - - [15/Aug/2022:13:06:04 +0500] "GET /camera/12 HTTP/1.1" 200 1025 "https://camera.urdu.uz/" "Mozilla/5.0 (Linux; Android 7.1.1; SAMSUNG SM-J250F) AppleWebKit/537.36 (KHTML, like Gecko) SamsungBrowser/17.0 Chrome/96.0.4664.104 Mobile Safari/537.36"
185.139.137.203 - - [15/Aug/2022:13:06:16 +0500] "GET /camera/13 HTTP/1.1" 200 1026 "https://camera.urdu.uz/" "Mozilla/5.0 (Linux; Android 11; M2004J19C) AppleWebKit/537.36 (KHTML, like Gecko) Chrome/100.0.4896.127 Mobile Safari/537.36"
37.110.215.36 - - [15/Aug/2022:13:06:22 +0500] "GET /camera/10 HTTP/1.1" 200 1029 "https://camera.urdu.uz/" "Mozilla/5.0 (Linux; Android 5.1.1; SM-J320H) AppleWebKit/537.36 (KHTML, like Gecko) Chrome/89.0.4389.105 Mobile Safari/537.36"
185.213.230.142 - - [15/Aug/2022:13:06:44 +0500] "GET /camera/7 HTTP/1.1" 200 1027 "https://camera.urdu.uz/" "Mozilla/5.0 (Linux; Android 11; SM-A217F) AppleWebKit/537.36 (KHTML, like Gecko) Chrome/91.0.4472.164 Mobile Safari/537.36"
185.213.230.142 - - [15/Aug/2022:13:07:29 +0500] "GET /camera/7 HTTP/1.1" 200 1026 "https://camera.urdu.uz/" "Mozilla/5.0 (Linux; Android 11; SM-A217F) AppleWebKit/537.36 (KHTML, like Gecko) Chrome/91.0.4472.164 Mobile Safari/537.36"
84.54.70.247 - - [15/Aug/2022:13:07:30 +0500] "GET / HTTP/1.1" 200 2938 "-" "Mozilla/5.0 (Linux; Android 12; SAMSUNG SM-A315F) AppleWebKit/537.36 (KHTML, like Gecko) SamsungBrowser/18.0 Chrome/99.0.4844.88 Mobile Safari/537.36"
84.54.70.247 - - [15/Aug/2022:13:07:31 +0500] "GET /css/site.css HTTP/1.1" 200 1858 "https://camera.urdu.uz/" "Mozilla/5.0 (Linux; Android 12; SAMSUNG SM-A315F) AppleWebKit/537.36 (KHTML, like Gecko) SamsungBrowser/18.0 Chrome/99.0.4844.88 Mobile Safari/537.36"
84.54.70.247 - - [15/Aug/2022:13:07:31 +0500] "GET /assets/17263276/css/bootstrap.css HTTP/1.1" 200 237601 "https://camera.urdu.uz/" "Mozilla/5.0 (Linux; Android 12; SAMSUNG SM-A315F) AppleWebKit/537.36 (KHTML, like Gecko) SamsungBrowser/18.0 Chrome/99.0.4844.88 Mobile Safari/537.36"
84.54.70.247 - - [15/Aug/2022:13:07:31 +0500] "GET /assets/629a94c2/yii.js HTTP/1.1" 200 20934 "https://camera.urdu.uz/" "Mozilla/5.0 (Linux; Android 12; SAMSUNG SM-A315F) AppleWebKit/537.36 (KHTML, like Gecko) SamsungBrowser/18.0 Chrome/99.0.4844.88 Mobile Safari/537.36"
84.54.70.247 - - [15/Aug/2022:13:07:31 +0500] "GET /assets/ef59ca7b/jquery.js HTTP/1.1" 200 288580 "https://camera.urdu.uz/" "Mozilla/5.0 (Linux; Android 12; SAMSUNG SM-A315F) AppleWebKit/537.36 (KHTML, like Gecko) SamsungBrowser/18.0 Chrome/99.0.4844.88 Mobile Safari/537.36"
84.54.70.247 - - [15/Aug/2022:13:07:31 +0500] "GET /assets/17263276/js/bootstrap.bundle.js HTTP/1.1" 200 207371 "https://camera.urdu.uz/" "Mozilla/5.0 (Linux; Android 12; SAMSUNG SM-A315F) AppleWebKit/537.36 (KHTML, like Gecko) SamsungBrowser/18.0 Chrome/99.0.4844.88 Mobile Safari/537.36"
84.54.70.247 - - [15/Aug/2022:13:07:31 +0500] "GET /img/logo.png HTTP/1.1" 200 1042067 "https://camera.urdu.uz/" "Mozilla/5.0 (Linux; Android 12; SAMSUNG SM-A315F) AppleWebKit/537.36 (KHTML, like Gecko) SamsungBrowser/18.0 Chrome/99.0.4844.88 Mobile Safari/537.36"
84.54.70.247 - - [15/Aug/2022:13:07:32 +0500] "GET /favicon.ico HTTP/1.1" 200 318 "https://camera.urdu.uz/" "Mozilla/5.0 (Linux; Android 12; SAMSUNG SM-A315F) AppleWebKit/537.36 (KHTML, like Gecko) SamsungBrowser/18.0 Chrome/99.0.4844.88 Mobile Safari/537.36"
185.213.230.142 - - [15/Aug/2022:13:07:42 +0500] "GET /camera/11 HTTP/1.1" 200 1027 "https://camera.urdu.uz/" "Mozilla/5.0 (Linux; Android 11; SM-A217F) AppleWebKit/537.36 (KHTML, like Gecko) Chrome/91.0.4472.164 Mobile Safari/537.36"
84.54.70.247 - - [15/Aug/2022:13:07:53 +0500] "GET /camera/12 HTTP/1.1" 200 1027 "https://camera.urdu.uz/" "Mozilla/5.0 (Linux; Android 12; SAMSUNG SM-A315F) AppleWebKit/537.36 (KHTML, like Gecko) SamsungBrowser/18.0 Chrome/99.0.4844.88 Mobile Safari/537.36"
185.213.230.142 - - [15/Aug/2022:13:08:09 +0500] "GET /camera/10 HTTP/1.1" 200 1027 "https://camera.urdu.uz/" "Mozilla/5.0 (Linux; Android 11; SM-A217F) AppleWebKit/537.36 (KHTML, like Gecko) Chrome/91.0.4472.164 Mobile Safari/537.36"
84.54.70.247 - - [15/Aug/2022:13:08:16 +0500] "GET /camera/11 HTTP/1.1" 200 1027 "https://camera.urdu.uz/" "Mozilla/5.0 (Linux; Android 12; SAMSUNG SM-A315F) AppleWebKit/537.36 (KHTML, like Gecko) SamsungBrowser/18.0 Chrome/99.0.4844.88 Mobile Safari/537.36"
195.158.31.110 - - [15/Aug/2022:13:08:26 +0500] "GET / HTTP/1.1" 200 2939 "-" "Mozilla/5.0 (Linux; arm_64; Android 12; SM-A325F) AppleWebKit/537.36 (KHTML, like Gecko) Chrome/94.0.4606.85 YaBrowser/21.11.5.121.00 SA/3 Mobile Safari/537.36"
195.158.31.110 - - [15/Aug/2022:13:08:27 +0500] "GET /css/site.css HTTP/1.1" 200 1858 "https://camera.urdu.uz/" "Mozilla/5.0 (Linux; arm_64; Android 12; SM-A325F) AppleWebKit/537.36 (KHTML, like Gecko) Chrome/94.0.4606.85 YaBrowser/21.11.5.121.00 SA/3 Mobile Safari/537.36"
195.158.31.110 - - [15/Aug/2022:13:08:27 +0500] "GET /assets/17263276/css/bootstrap.css HTTP/1.1" 200 237601 "https://camera.urdu.uz/" "Mozilla/5.0 (Linux; arm_64; Android 12; SM-A325F) AppleWebKit/537.36 (KHTML, like Gecko) Chrome/94.0.4606.85 YaBrowser/21.11.5.121.00 SA/3 Mobile Safari/537.36"
195.158.31.110 - - [15/Aug/2022:13:08:27 +0500] "GET /assets/ef59ca7b/jquery.js HTTP/1.1" 200 288580 "https://camera.urdu.uz/" "Mozilla/5.0 (Linux; arm_64; Android 12; SM-A325F) AppleWebKit/537.36 (KHTML, like Gecko) Chrome/94.0.4606.85 YaBrowser/21.11.5.121.00 SA/3 Mobile Safari/537.36"
195.158.31.110 - - [15/Aug/2022:13:08:27 +0500] "GET /assets/629a94c2/yii.js HTTP/1.1" 200 20934 "https://camera.urdu.uz/" "Mozilla/5.0 (Linux; arm_64; Android 12; SM-A325F) AppleWebKit/537.36 (KHTML, like Gecko) Chrome/94.0.4606.85 YaBrowser/21.11.5.121.00 SA/3 Mobile Safari/537.36"
195.158.31.110 - - [15/Aug/2022:13:08:27 +0500] "GET /assets/17263276/js/bootstrap.bundle.js HTTP/1.1" 200 207371 "https://camera.urdu.uz/" "Mozilla/5.0 (Linux; arm_64; Android 12; SM-A325F) AppleWebKit/537.36 (KHTML, like Gecko) Chrome/94.0.4606.85 YaBrowser/21.11.5.121.00 SA/3 Mobile Safari/537.36"
195.158.31.110 - - [15/Aug/2022:13:08:28 +0500] "GET /img/logo.png HTTP/1.1" 200 1042067 "https://camera.urdu.uz/" "Mozilla/5.0 (Linux; arm_64; Android 12; SM-A325F) AppleWebKit/537.36 (KHTML, like Gecko) Chrome/94.0.4606.85 YaBrowser/21.11.5.121.00 SA/3 Mobile Safari/537.36"
195.158.31.110 - - [15/Aug/2022:13:08:28 +0500] "GET /favicon.ico HTTP/1.1" 200 318 "https://camera.urdu.uz/" "Mozilla/5.0 (Linux; arm_64; Android 12; SM-A325F) AppleWebKit/537.36 (KHTML, like Gecko) Chrome/94.0.4606.85 YaBrowser/21.11.5.121.00 SA/3 Mobile Safari/537.36"
37.110.215.36 - - [15/Aug/2022:13:08:33 +0500] "GET /camera/6 HTTP/1.1" 200 1022 "https://camera.urdu.uz/" "Mozilla/5.0 (Linux; Android 5.1.1; SM-J320H) AppleWebKit/537.36 (KHTML, like Gecko) Chrome/89.0.4389.105 Mobile Safari/537.36"
84.54.70.247 - - [15/Aug/2022:13:08:34 +0500] "GET / HTTP/1.1" 200 2939 "-" "Mozilla/5.0 (Linux; Android 12; SAMSUNG SM-A315F) AppleWebKit/537.36 (KHTML, like Gecko) SamsungBrowser/18.0 Chrome/99.0.4844.88 Mobile Safari/537.36"
195.158.31.110 - - [15/Aug/2022:13:08:36 +0500] "GET /camera/7 HTTP/1.1" 200 1025 "https://camera.urdu.uz/" "Mozilla/5.0 (Linux; arm_64; Android 12; SM-A325F) AppleWebKit/537.36 (KHTML, like Gecko) Chrome/94.0.4606.85 YaBrowser/21.11.5.121.00 SA/3 Mobile Safari/537.36"
37.110.215.36 - - [15/Aug/2022:13:08:40 +0500] "GET /camera/6 HTTP/1.1" 200 1026 "https://camera.urdu.uz/" "Mozilla/5.0 (Linux; Android 5.1.1; SM-J320H) AppleWebKit/537.36 (KHTML, like Gecko) Chrome/89.0.4389.105 Mobile Safari/537.36"
37.110.215.36 - - [15/Aug/2022:13:09:03 +0500] "GET /camera/11 HTTP/1.1" 200 1030 "https://camera.urdu.uz/" "Mozilla/5.0 (Linux; Android 5.1.1; SM-J320H) AppleWebKit/537.36 (KHTML, like Gecko) Chrome/89.0.4389.105 Mobile Safari/537.36"
185.139.137.187 - - [15/Aug/2022:13:09:28 +0500] "GET / HTTP/1.1" 200 2942 "-" "Mozilla/5.0 (X11; Linux x86_64) AppleWebKit/534.24 (KHTML, like Gecko) Chrome/89.0.4389.116 Safari/534.24 XiaoMi/MiuiBrowser/13.6.0-gn"
185.139.137.187 - - [15/Aug/2022:13:09:30 +0500] "GET /assets/17263276/css/bootstrap.css HTTP/1.1" 200 237601 "https://camera.urdu.uz/" "Mozilla/5.0 (X11; Linux x86_64) AppleWebKit/534.24 (KHTML, like Gecko) Chrome/89.0.4389.116 Safari/534.24 XiaoMi/MiuiBrowser/13.6.0-gn"
185.139.137.187 - - [15/Aug/2022:13:09:31 +0500] "GET /css/site.css HTTP/1.1" 200 1858 "https://camera.urdu.uz/" "Mozilla/5.0 (X11; Linux x86_64) AppleWebKit/534.24 (KHTML, like Gecko) Chrome/89.0.4389.116 Safari/534.24 XiaoMi/MiuiBrowser/13.6.0-gn"
185.139.137.187 - - [15/Aug/2022:13:09:32 +0500] "GET /assets/629a94c2/yii.js HTTP/1.1" 200 20934 "https://camera.urdu.uz/" "Mozilla/5.0 (X11; Linux x86_64) AppleWebKit/534.24 (KHTML, like Gecko) Chrome/89.0.4389.116 Safari/534.24 XiaoMi/MiuiBrowser/13.6.0-gn"
185.139.137.187 - - [15/Aug/2022:13:09:32 +0500] "GET /assets/ef59ca7b/jquery.js HTTP/1.1" 200 288580 "https://camera.urdu.uz/" "Mozilla/5.0 (X11; Linux x86_64) AppleWebKit/534.24 (KHTML, like Gecko) Chrome/89.0.4389.116 Safari/534.24 XiaoMi/MiuiBrowser/13.6.0-gn"
185.139.137.187 - - [15/Aug/2022:13:09:32 +0500] "GET /assets/17263276/js/bootstrap.bundle.js HTTP/1.1" 200 207371 "https://camera.urdu.uz/" "Mozilla/5.0 (X11; Linux x86_64) AppleWebKit/534.24 (KHTML, like Gecko) Chrome/89.0.4389.116 Safari/534.24 XiaoMi/MiuiBrowser/13.6.0-gn"
185.139.137.187 - - [15/Aug/2022:13:09:35 +0500] "GET /img/logo.png HTTP/1.1" 200 1042067 "https://camera.urdu.uz/" "Mozilla/5.0 (X11; Linux x86_64) AppleWebKit/534.24 (KHTML, like Gecko) Chrome/89.0.4389.116 Safari/534.24 XiaoMi/MiuiBrowser/13.6.0-gn"
185.139.137.187 - - [15/Aug/2022:13:09:35 +0500] "GET /favicon.ico HTTP/1.1" 200 318 "https://camera.urdu.uz/" "Mozilla/5.0 (X11; Linux x86_64) AppleWebKit/534.24 (KHTML, like Gecko) Chrome/89.0.4389.116 Safari/534.24 XiaoMi/MiuiBrowser/13.6.0-gn"
185.139.137.187 - - [15/Aug/2022:13:09:58 +0500] "GET /camera/11 HTTP/1.1" 200 1028 "https://camera.urdu.uz/" "Mozilla/5.0 (X11; Linux x86_64) AppleWebKit/534.24 (KHTML, like Gecko) Chrome/89.0.4389.116 Safari/534.24 XiaoMi/MiuiBrowser/13.6.0-gn"
37.110.215.36 - - [15/Aug/2022:13:10:10 +0500] "GET /camera/10 HTTP/1.1" 200 1027 "https://camera.urdu.uz/" "Mozilla/5.0 (Linux; Android 5.1.1; SM-J320H) AppleWebKit/537.36 (KHTML, like Gecko) Chrome/89.0.4389.105 Mobile Safari/537.36"
185.213.229.134 - - [15/Aug/2022:13:10:11 +0500] "GET / HTTP/1.1" 200 2936 "android-app://tg.televpn.messenger/" "Mozilla/5.0 (Linux; Android 10; Redmi 8) AppleWebKit/537.36 (KHTML, like Gecko) Chrome/87.0.4280.101 Mobile Safari/537.36"
185.213.229.134 - - [15/Aug/2022:13:10:11 +0500] "GET /css/site.css HTTP/1.1" 200 1858 "https://camera.urdu.uz/" "Mozilla/5.0 (Linux; Android 10; Redmi 8) AppleWebKit/537.36 (KHTML, like Gecko) Chrome/87.0.4280.101 Mobile Safari/537.36"
185.213.229.134 - - [15/Aug/2022:13:10:12 +0500] "GET /assets/629a94c2/yii.js HTTP/1.1" 200 20934 "https://camera.urdu.uz/" "Mozilla/5.0 (Linux; Android 10; Redmi 8) AppleWebKit/537.36 (KHTML, like Gecko) Chrome/87.0.4280.101 Mobile Safari/537.36"
185.213.229.134 - - [15/Aug/2022:13:10:15 +0500] "GET /assets/17263276/css/bootstrap.css HTTP/1.1" 200 237601 "https://camera.urdu.uz/" "Mozilla/5.0 (Linux; Android 10; Redmi 8) AppleWebKit/537.36 (KHTML, like Gecko) Chrome/87.0.4280.101 Mobile Safari/537.36"
185.213.229.134 - - [15/Aug/2022:13:10:18 +0500] "GET /assets/ef59ca7b/jquery.js HTTP/1.1" 200 288580 "https://camera.urdu.uz/" "Mozilla/5.0 (Linux; Android 10; Redmi 8) AppleWebKit/537.36 (KHTML, like Gecko) Chrome/87.0.4280.101 Mobile Safari/537.36"
185.213.229.134 - - [15/Aug/2022:13:10:19 +0500] "GET /assets/17263276/js/bootstrap.bundle.js HTTP/1.1" 200 207371 "https://camera.urdu.uz/" "Mozilla/5.0 (Linux; Android 10; Redmi 8) AppleWebKit/537.36 (KHTML, like Gecko) Chrome/87.0.4280.101 Mobile Safari/537.36"
84.54.71.126 - - [15/Aug/2022:13:10:27 +0500] "GET / HTTP/1.1" 200 2939 "android-app://org.vidogram.messenger/" "Mozilla/5.0 (Linux; Android 10; M2006C3MII) AppleWebKit/537.36 (KHTML, like Gecko) Chrome/104.0.0.0 Mobile Safari/537.36"
84.54.71.126 - - [15/Aug/2022:13:10:27 +0500] "GET /css/site.css HTTP/1.1" 200 1858 "https://camera.urdu.uz/" "Mozilla/5.0 (Linux; Android 10; M2006C3MII) AppleWebKit/537.36 (KHTML, like Gecko) Chrome/104.0.0.0 Mobile Safari/537.36"
84.54.71.126 - - [15/Aug/2022:13:10:28 +0500] "GET /assets/17263276/css/bootstrap.css HTTP/1.1" 200 237601 "https://camera.urdu.uz/" "Mozilla/5.0 (Linux; Android 10; M2006C3MII) AppleWebKit/537.36 (KHTML, like Gecko) Chrome/104.0.0.0 Mobile Safari/537.36"
84.54.71.126 - - [15/Aug/2022:13:10:28 +0500] "GET /assets/629a94c2/yii.js HTTP/1.1" 200 20934 "https://camera.urdu.uz/" "Mozilla/5.0 (Linux; Android 10; M2006C3MII) AppleWebKit/537.36 (KHTML, like Gecko) Chrome/104.0.0.0 Mobile Safari/537.36"
84.54.71.126 - - [15/Aug/2022:13:10:28 +0500] "GET /assets/17263276/js/bootstrap.bundle.js HTTP/1.1" 200 207371 "https://camera.urdu.uz/" "Mozilla/5.0 (Linux; Android 10; M2006C3MII) AppleWebKit/537.36 (KHTML, like Gecko) Chrome/104.0.0.0 Mobile Safari/537.36"
84.54.71.126 - - [15/Aug/2022:13:10:28 +0500] "GET /assets/ef59ca7b/jquery.js HTTP/1.1" 200 288580 "https://camera.urdu.uz/" "Mozilla/5.0 (Linux; Android 10; M2006C3MII) AppleWebKit/537.36 (KHTML, like Gecko) Chrome/104.0.0.0 Mobile Safari/537.36"
185.139.137.187 - - [15/Aug/2022:13:10:29 +0500] "GET /camera/12 HTTP/1.1" 200 1026 "https://camera.urdu.uz/" "Mozilla/5.0 (X11; Linux x86_64) AppleWebKit/534.24 (KHTML, like Gecko) Chrome/89.0.4389.116 Safari/534.24 XiaoMi/MiuiBrowser/13.6.0-gn"
84.54.71.126 - - [15/Aug/2022:13:10:29 +0500] "GET /img/logo.png HTTP/1.1" 200 1042067 "https://camera.urdu.uz/" "Mozilla/5.0 (Linux; Android 10; M2006C3MII) AppleWebKit/537.36 (KHTML, like Gecko) Chrome/104.0.0.0 Mobile Safari/537.36"
84.54.71.126 - - [15/Aug/2022:13:10:29 +0500] "GET /favicon.ico HTTP/1.1" 200 318 "https://camera.urdu.uz/" "Mozilla/5.0 (Linux; Android 10; M2006C3MII) AppleWebKit/537.36 (KHTML, like Gecko) Chrome/104.0.0.0 Mobile Safari/537.36"
84.54.71.64 - - [15/Aug/2022:13:10:30 +0500] "GET /.well-known/assetlinks.json HTTP/1.1" 404 2168 "-" "Mozilla/5.0 (Linux; Android 11; SAMSUNG SM-A307FN) AppleWebKit/537.36 (KHTML, like Gecko) SamsungBrowser/18.0 Chrome/99.0.4844.88 Mobile Safari/537.36"
84.54.71.64 - - [15/Aug/2022:13:10:30 +0500] "GET / HTTP/1.1" 200 2939 "-" "Mozilla/5.0 (Linux; Android 11; SAMSUNG SM-A307FN) AppleWebKit/537.36 (KHTML, like Gecko) SamsungBrowser/18.0 Chrome/99.0.4844.88 Mobile Safari/537.36"
185.213.229.134 - - [15/Aug/2022:13:10:32 +0500] "GET /img/logo.png HTTP/1.1" 200 1042067 "https://camera.urdu.uz/" "Mozilla/5.0 (Linux; Android 10; Redmi 8) AppleWebKit/537.36 (KHTML, like Gecko) Chrome/87.0.4280.101 Mobile Safari/537.36"
84.54.71.64 - - [15/Aug/2022:13:10:34 +0500] "GET /css/site.css HTTP/1.1" 200 1858 "https://camera.urdu.uz/" "Mozilla/5.0 (Linux; Android 11; SAMSUNG SM-A307FN) AppleWebKit/537.36 (KHTML, like Gecko) SamsungBrowser/18.0 Chrome/99.0.4844.88 Mobile Safari/537.36"
84.54.71.64 - - [15/Aug/2022:13:10:34 +0500] "GET /assets/17263276/css/bootstrap.css HTTP/1.1" 200 237601 "https://camera.urdu.uz/" "Mozilla/5.0 (Linux; Android 11; SAMSUNG SM-A307FN) AppleWebKit/537.36 (KHTML, like Gecko) SamsungBrowser/18.0 Chrome/99.0.4844.88 Mobile Safari/537.36"
84.54.71.64 - - [15/Aug/2022:13:10:34 +0500] "GET /assets/629a94c2/yii.js HTTP/1.1" 200 20934 "https://camera.urdu.uz/" "Mozilla/5.0 (Linux; Android 11; SAMSUNG SM-A307FN) AppleWebKit/537.36 (KHTML, like Gecko) SamsungBrowser/18.0 Chrome/99.0.4844.88 Mobile Safari/537.36"
84.54.71.64 - - [15/Aug/2022:13:10:35 +0500] "GET /assets/17263276/js/bootstrap.bundle.js HTTP/1.1" 200 207371 "https://camera.urdu.uz/" "Mozilla/5.0 (Linux; Android 11; SAMSUNG SM-A307FN) AppleWebKit/537.36 (KHTML, like Gecko) SamsungBrowser/18.0 Chrome/99.0.4844.88 Mobile Safari/537.36"
84.54.71.64 - - [15/Aug/2022:13:10:36 +0500] "GET /assets/ef59ca7b/jquery.js HTTP/1.1" 200 288580 "https://camera.urdu.uz/" "Mozilla/5.0 (Linux; Android 11; SAMSUNG SM-A307FN) AppleWebKit/537.36 (KHTML, like Gecko) SamsungBrowser/18.0 Chrome/99.0.4844.88 Mobile Safari/537.36"
84.54.71.64 - - [15/Aug/2022:13:10:38 +0500] "GET /img/logo.png HTTP/1.1" 200 1042067 "https://camera.urdu.uz/" "Mozilla/5.0 (Linux; Android 11; SAMSUNG SM-A307FN) AppleWebKit/537.36 (KHTML, like Gecko) SamsungBrowser/18.0 Chrome/99.0.4844.88 Mobile Safari/537.36"
213.230.97.59 - - [15/Aug/2022:13:10:39 +0500] "GET / HTTP/1.1" 200 2936 "-" "Mozilla/5.0 (Windows NT 10.0; Win64; x64) AppleWebKit/537.36 (KHTML, like Gecko) Chrome/104.0.5112.81 Safari/537.36 Edg/104.0.1293.54"
213.230.97.59 - - [15/Aug/2022:13:10:39 +0500] "GET /css/site.css HTTP/1.1" 200 1858 "https://camera.urdu.uz/" "Mozilla/5.0 (Windows NT 10.0; Win64; x64) AppleWebKit/537.36 (KHTML, like Gecko) Chrome/104.0.5112.81 Safari/537.36 Edg/104.0.1293.54"
213.230.97.59 - - [15/Aug/2022:13:10:39 +0500] "GET /assets/17263276/css/bootstrap.css HTTP/1.1" 200 237601 "https://camera.urdu.uz/" "Mozilla/5.0 (Windows NT 10.0; Win64; x64) AppleWebKit/537.36 (KHTML, like Gecko) Chrome/104.0.5112.81 Safari/537.36 Edg/104.0.1293.54"
213.230.97.59 - - [15/Aug/2022:13:10:39 +0500] "GET /assets/ef59ca7b/jquery.js HTTP/1.1" 200 288580 "https://camera.urdu.uz/" "Mozilla/5.0 (Windows NT 10.0; Win64; x64) AppleWebKit/537.36 (KHTML, like Gecko) Chrome/104.0.5112.81 Safari/537.36 Edg/104.0.1293.54"
213.230.97.59 - - [15/Aug/2022:13:10:39 +0500] "GET /assets/629a94c2/yii.js HTTP/1.1" 200 20934 "https://camera.urdu.uz/" "Mozilla/5.0 (Windows NT 10.0; Win64; x64) AppleWebKit/537.36 (KHTML, like Gecko) Chrome/104.0.5112.81 Safari/537.36 Edg/104.0.1293.54"
213.230.97.59 - - [15/Aug/2022:13:10:39 +0500] "GET /assets/17263276/js/bootstrap.bundle.js HTTP/1.1" 200 207371 "https://camera.urdu.uz/" "Mozilla/5.0 (Windows NT 10.0; Win64; x64) AppleWebKit/537.36 (KHTML, like Gecko) Chrome/104.0.5112.81 Safari/537.36 Edg/104.0.1293.54"
213.230.97.59 - - [15/Aug/2022:13:10:39 +0500] "GET /img/logo.png HTTP/1.1" 200 1042067 "https://camera.urdu.uz/" "Mozilla/5.0 (Windows NT 10.0; Win64; x64) AppleWebKit/537.36 (KHTML, like Gecko) Chrome/104.0.5112.81 Safari/537.36 Edg/104.0.1293.54"
84.54.71.64 - - [15/Aug/2022:13:10:40 +0500] "GET /favicon.ico HTTP/1.1" 200 318 "https://camera.urdu.uz/" "Mozilla/5.0 (Linux; Android 11; SAMSUNG SM-A307FN) AppleWebKit/537.36 (KHTML, like Gecko) SamsungBrowser/18.0 Chrome/99.0.4844.88 Mobile Safari/537.36"
213.230.97.59 - - [15/Aug/2022:13:10:40 +0500] "GET /favicon.ico HTTP/1.1" 200 318 "https://camera.urdu.uz/" "Mozilla/5.0 (Windows NT 10.0; Win64; x64) AppleWebKit/537.36 (KHTML, like Gecko) Chrome/104.0.5112.81 Safari/537.36 Edg/104.0.1293.54"
185.139.137.187 - - [15/Aug/2022:13:10:54 +0500] "GET /camera/13 HTTP/1.1" 200 1025 "https://camera.urdu.uz/" "Mozilla/5.0 (X11; Linux x86_64) AppleWebKit/534.24 (KHTML, like Gecko) Chrome/89.0.4389.116 Safari/534.24 XiaoMi/MiuiBrowser/13.6.0-gn"
213.230.109.145 - - [15/Aug/2022:13:10:56 +0500] "GET / HTTP/1.1" 200 2936 "-" "Mozilla/5.0 (Windows NT 10.0; Win64; x64) AppleWebKit/537.36 (KHTML, like Gecko) Chrome/104.0.0.0 Safari/537.36"
213.230.109.145 - - [15/Aug/2022:13:10:56 +0500] "GET /css/site.css HTTP/1.1" 200 1858 "https://camera.urdu.uz/" "Mozilla/5.0 (Windows NT 10.0; Win64; x64) AppleWebKit/537.36 (KHTML, like Gecko) Chrome/104.0.0.0 Safari/537.36"
213.230.109.145 - - [15/Aug/2022:13:10:56 +0500] "GET /assets/17263276/css/bootstrap.css HTTP/1.1" 200 237601 "https://camera.urdu.uz/" "Mozilla/5.0 (Windows NT 10.0; Win64; x64) AppleWebKit/537.36 (KHTML, like Gecko) Chrome/104.0.0.0 Safari/537.36"
213.230.109.145 - - [15/Aug/2022:13:10:56 +0500] "GET /assets/629a94c2/yii.js HTTP/1.1" 200 20934 "https://camera.urdu.uz/" "Mozilla/5.0 (Windows NT 10.0; Win64; x64) AppleWebKit/537.36 (KHTML, like Gecko) Chrome/104.0.0.0 Safari/537.36"
213.230.109.145 - - [15/Aug/2022:13:10:56 +0500] "GET /assets/ef59ca7b/jquery.js HTTP/1.1" 200 288580 "https://camera.urdu.uz/" "Mozilla/5.0 (Windows NT 10.0; Win64; x64) AppleWebKit/537.36 (KHTML, like Gecko) Chrome/104.0.0.0 Safari/537.36"
213.230.109.145 - - [15/Aug/2022:13:10:57 +0500] "GET /assets/17263276/js/bootstrap.bundle.js HTTP/1.1" 200 207371 "https://camera.urdu.uz/" "Mozilla/5.0 (Windows NT 10.0; Win64; x64) AppleWebKit/537.36 (KHTML, like Gecko) Chrome/104.0.0.0 Safari/537.36"
213.230.109.145 - - [15/Aug/2022:13:10:57 +0500] "GET /img/logo.png HTTP/1.1" 200 1042067 "https://camera.urdu.uz/" "Mozilla/5.0 (Windows NT 10.0; Win64; x64) AppleWebKit/537.36 (KHTML, like Gecko) Chrome/104.0.0.0 Safari/537.36"
213.230.109.145 - - [15/Aug/2022:13:10:57 +0500] "GET /favicon.ico HTTP/1.1" 200 318 "https://camera.urdu.uz/" "Mozilla/5.0 (Windows NT 10.0; Win64; x64) AppleWebKit/537.36 (KHTML, like Gecko) Chrome/104.0.0.0 Safari/537.36"
84.54.71.64 - - [15/Aug/2022:13:10:57 +0500] "GET /camera/10 HTTP/1.1" 200 1028 "https://camera.urdu.uz/" "Mozilla/5.0 (Linux; Android 11; SAMSUNG SM-A307FN) AppleWebKit/537.36 (KHTML, like Gecko) SamsungBrowser/18.0 Chrome/99.0.4844.88 Mobile Safari/537.36"
37.110.214.90 - - [15/Aug/2022:13:10:58 +0500] "GET / HTTP/1.1" 200 2935 "-" "Mozilla/5.0 (Linux; U; Android 10; uz-uz; Redmi 8 Build/QKQ1.191014.001) AppleWebKit/537.36 (KHTML, like Gecko) Version/4.0 Chrome/89.0.4389.116 Mobile Safari/537.36 XiaoMi/MiuiBrowser/13.10.0-gn"
213.230.109.145 - - [15/Aug/2022:13:11:01 +0500] "GET /camera/12 HTTP/1.1" 200 1025 "https://camera.urdu.uz/" "Mozilla/5.0 (Windows NT 10.0; Win64; x64) AppleWebKit/537.36 (KHTML, like Gecko) Chrome/104.0.0.0 Safari/537.36"
37.110.214.90 - - [15/Aug/2022:13:11:01 +0500] "GET /css/site.css HTTP/1.1" 200 1858 "https://camera.urdu.uz/" "Mozilla/5.0 (Linux; U; Android 10; uz-uz; Redmi 8 Build/QKQ1.191014.001) AppleWebKit/537.36 (KHTML, like Gecko) Version/4.0 Chrome/89.0.4389.116 Mobile Safari/537.36 XiaoMi/MiuiBrowser/13.10.0-gn"
37.110.214.90 - - [15/Aug/2022:13:11:01 +0500] "GET /assets/629a94c2/yii.js HTTP/1.1" 200 20934 "https://camera.urdu.uz/" "Mozilla/5.0 (Linux; U; Android 10; uz-uz; Redmi 8 Build/QKQ1.191014.001) AppleWebKit/537.36 (KHTML, like Gecko) Version/4.0 Chrome/89.0.4389.116 Mobile Safari/537.36 XiaoMi/MiuiBrowser/13.10.0-gn"
37.110.214.90 - - [15/Aug/2022:13:11:01 +0500] "GET /assets/17263276/css/bootstrap.css HTTP/1.1" 200 237601 "https://camera.urdu.uz/" "Mozilla/5.0 (Linux; U; Android 10; uz-uz; Redmi 8 Build/QKQ1.191014.001) AppleWebKit/537.36 (KHTML, like Gecko) Version/4.0 Chrome/89.0.4389.116 Mobile Safari/537.36 XiaoMi/MiuiBrowser/13.10.0-gn"
37.110.214.90 - - [15/Aug/2022:13:11:01 +0500] "GET /assets/ef59ca7b/jquery.js HTTP/1.1" 200 288580 "https://camera.urdu.uz/" "Mozilla/5.0 (Linux; U; Android 10; uz-uz; Redmi 8 Build/QKQ1.191014.001) AppleWebKit/537.36 (KHTML, like Gecko) Version/4.0 Chrome/89.0.4389.116 Mobile Safari/537.36 XiaoMi/MiuiBrowser/13.10.0-gn"
37.110.214.90 - - [15/Aug/2022:13:11:02 +0500] "GET /assets/17263276/js/bootstrap.bundle.js HTTP/1.1" 200 207371 "https://camera.urdu.uz/" "Mozilla/5.0 (Linux; U; Android 10; uz-uz; Redmi 8 Build/QKQ1.191014.001) AppleWebKit/537.36 (KHTML, like Gecko) Version/4.0 Chrome/89.0.4389.116 Mobile Safari/537.36 XiaoMi/MiuiBrowser/13.10.0-gn"
37.110.214.90 - - [15/Aug/2022:13:11:03 +0500] "GET /img/logo.png HTTP/1.1" 200 1042067 "https://camera.urdu.uz/" "Mozilla/5.0 (Linux; U; Android 10; uz-uz; Redmi 8 Build/QKQ1.191014.001) AppleWebKit/537.36 (KHTML, like Gecko) Version/4.0 Chrome/89.0.4389.116 Mobile Safari/537.36 XiaoMi/MiuiBrowser/13.10.0-gn"
37.110.214.90 - - [15/Aug/2022:13:11:04 +0500] "GET /favicon.ico HTTP/1.1" 200 318 "https://camera.urdu.uz/" "Mozilla/5.0 (Linux; U; Android 10; uz-uz; Redmi 8 Build/QKQ1.191014.001) AppleWebKit/537.36 (KHTML, like Gecko) Version/4.0 Chrome/89.0.4389.116 Mobile Safari/537.36 XiaoMi/MiuiBrowser/13.10.0-gn"
185.213.229.134 - - [15/Aug/2022:13:11:05 +0500] "GET /img/logo.png HTTP/1.1" 206 1 "https://camera.urdu.uz/" "Mozilla/5.0 (Linux; Android 10; Redmi 8) AppleWebKit/537.36 (KHTML, like Gecko) Chrome/87.0.4280.101 Mobile Safari/537.36"
185.213.229.134 - - [15/Aug/2022:13:11:07 +0500] "GET /img/logo.png HTTP/1.1" 206 288647 "https://camera.urdu.uz/" "Mozilla/5.0 (Linux; Android 10; Redmi 8) AppleWebKit/537.36 (KHTML, like Gecko) Chrome/87.0.4280.101 Mobile Safari/537.36"
37.110.214.90 - - [15/Aug/2022:13:11:11 +0500] "GET /camera/7 HTTP/1.1" 200 1023 "https://camera.urdu.uz/" "Mozilla/5.0 (Linux; U; Android 10; uz-uz; Redmi 8 Build/QKQ1.191014.001) AppleWebKit/537.36 (KHTML, like Gecko) Version/4.0 Chrome/89.0.4389.116 Mobile Safari/537.36 XiaoMi/MiuiBrowser/13.10.0-gn"
37.110.214.200 - - [15/Aug/2022:13:11:13 +0500] "GET / HTTP/1.1" 200 2938 "-" "Mozilla/5.0 (X11; Linux x86_64) AppleWebKit/534.24 (KHTML, like Gecko) Chrome/89.0.4389.116 Safari/534.24 XiaoMi/MiuiBrowser/13.2.2-go"
213.230.109.145 - - [15/Aug/2022:13:11:14 +0500] "GET /camera/7 HTTP/1.1" 200 1023 "https://camera.urdu.uz/" "Mozilla/5.0 (Windows NT 10.0; Win64; x64) AppleWebKit/537.36 (KHTML, like Gecko) Chrome/104.0.0.0 Safari/537.36"
37.110.214.200 - - [15/Aug/2022:13:11:17 +0500] "GET /css/site.css HTTP/1.1" 200 1858 "https://camera.urdu.uz/" "Mozilla/5.0 (X11; Linux x86_64) AppleWebKit/534.24 (KHTML, like Gecko) Chrome/89.0.4389.116 Safari/534.24 XiaoMi/MiuiBrowser/13.2.2-go"
37.110.214.200 - - [15/Aug/2022:13:11:17 +0500] "GET /assets/629a94c2/yii.js HTTP/1.1" 200 20934 "https://camera.urdu.uz/" "Mozilla/5.0 (X11; Linux x86_64) AppleWebKit/534.24 (KHTML, like Gecko) Chrome/89.0.4389.116 Safari/534.24 XiaoMi/MiuiBrowser/13.2.2-go"
37.110.214.200 - - [15/Aug/2022:13:11:18 +0500] "GET /assets/17263276/js/bootstrap.bundle.js HTTP/1.1" 200 207371 "https://camera.urdu.uz/" "Mozilla/5.0 (X11; Linux x86_64) AppleWebKit/534.24 (KHTML, like Gecko) Chrome/89.0.4389.116 Safari/534.24 XiaoMi/MiuiBrowser/13.2.2-go"
37.110.214.200 - - [15/Aug/2022:13:11:18 +0500] "GET /assets/17263276/css/bootstrap.css HTTP/1.1" 200 237601 "https://camera.urdu.uz/" "Mozilla/5.0 (X11; Linux x86_64) AppleWebKit/534.24 (KHTML, like Gecko) Chrome/89.0.4389.116 Safari/534.24 XiaoMi/MiuiBrowser/13.2.2-go"
37.110.214.200 - - [15/Aug/2022:13:11:18 +0500] "GET /assets/ef59ca7b/jquery.js HTTP/1.1" 200 288580 "https://camera.urdu.uz/" "Mozilla/5.0 (X11; Linux x86_64) AppleWebKit/534.24 (KHTML, like Gecko) Chrome/89.0.4389.116 Safari/534.24 XiaoMi/MiuiBrowser/13.2.2-go"
37.110.214.200 - - [15/Aug/2022:13:11:20 +0500] "GET /img/logo.png HTTP/1.1" 200 1042067 "https://camera.urdu.uz/" "Mozilla/5.0 (X11; Linux x86_64) AppleWebKit/534.24 (KHTML, like Gecko) Chrome/89.0.4389.116 Safari/534.24 XiaoMi/MiuiBrowser/13.2.2-go"
84.54.71.242 - - [15/Aug/2022:13:11:20 +0500] "GET /camera/7 HTTP/1.1" 200 1027 "https://camera.urdu.uz/" "Mozilla/5.0 (Linux; Android 11; M2101K9G) AppleWebKit/537.36 (KHTML, like Gecko) Chrome/104.0.0.0 Mobile Safari/537.36"
37.110.214.200 - - [15/Aug/2022:13:11:20 +0500] "GET /favicon.ico HTTP/1.1" 200 318 "https://camera.urdu.uz/" "Mozilla/5.0 (X11; Linux x86_64) AppleWebKit/534.24 (KHTML, like Gecko) Chrome/89.0.4389.116 Safari/534.24 XiaoMi/MiuiBrowser/13.2.2-go"
213.230.109.145 - - [15/Aug/2022:13:11:30 +0500] "GET /camera/10 HTTP/1.1" 200 1024 "https://camera.urdu.uz/" "Mozilla/5.0 (Windows NT 10.0; Win64; x64) AppleWebKit/537.36 (KHTML, like Gecko) Chrome/104.0.0.0 Safari/537.36"
84.54.71.64 - - [15/Aug/2022:13:11:30 +0500] "GET /camera/12 HTTP/1.1" 200 1024 "https://camera.urdu.uz/" "Mozilla/5.0 (Linux; Android 11; SAMSUNG SM-A307FN) AppleWebKit/537.36 (KHTML, like Gecko) SamsungBrowser/18.0 Chrome/99.0.4844.88 Mobile Safari/537.36"
213.230.97.59 - - [15/Aug/2022:13:11:34 +0500] "GET / HTTP/1.1" 200 2936 "https://camera.urdu.uz/" "Mozilla/5.0 (Windows NT 10.0; Win64; x64) AppleWebKit/537.36 (KHTML, like Gecko) Chrome/104.0.5112.81 Safari/537.36 Edg/104.0.1293.54"
