195.158.31.110 - - [15/Aug/2022:09:01:53 +0500] "GET /camera/13 HTTP/1.1" 200 1024 "https://camera.urdu.uz/" "Mozilla/5.0 (Linux; Android 12; V2036) AppleWebKit/537.36 (KHTML, like Gecko) Chrome/104.0.0.0 Mobile Safari/537.36"
195.158.31.110 - - [15/Aug/2022:09:02:14 +0500] "GET /camera/7 HTTP/1.1" 200 1026 "https://camera.urdu.uz/" "Mozilla/5.0 (Linux; Android 12; V2036) AppleWebKit/537.36 (KHTML, like Gecko) Chrome/104.0.0.0 Mobile Safari/537.36"
195.158.31.110 - - [15/Aug/2022:09:02:29 +0500] "GET /camera/11 HTTP/1.1" 200 1029 "https://camera.urdu.uz/" "Mozilla/5.0 (Linux; Android 12; V2036) AppleWebKit/537.36 (KHTML, like Gecko) Chrome/104.0.0.0 Mobile Safari/537.36"
195.158.31.180 - - [15/Aug/2022:09:02:35 +0500] "GET /camera/13 HTTP/1.1" 200 1025 "https://camera.urdu.uz/" "Mozilla/5.0 (Windows NT 10.0; Win64; x64) AppleWebKit/537.36 (KHTML, like Gecko) Chrome/104.0.0.0 Safari/537.36"
195.158.31.180 - - [15/Aug/2022:09:02:42 +0500] "GET /camera/13 HTTP/1.1" 200 1025 "https://camera.urdu.uz/" "Mozilla/5.0 (Windows NT 10.0; Win64; x64) AppleWebKit/537.36 (KHTML, like Gecko) Chrome/104.0.0.0 Safari/537.36"
195.158.31.180 - - [15/Aug/2022:09:02:52 +0500] "GET /camera/5 HTTP/1.1" 200 1023 "https://camera.urdu.uz/" "Mozilla/5.0 (Windows NT 10.0; Win64; x64) AppleWebKit/537.36 (KHTML, like Gecko) Chrome/104.0.0.0 Safari/537.36"
195.158.31.110 - - [15/Aug/2022:09:02:58 +0500] "GET /camera/14 HTTP/1.1" 200 1028 "https://camera.urdu.uz/" "Mozilla/5.0 (Linux; Android 12; V2036) AppleWebKit/537.36 (KHTML, like Gecko) Chrome/104.0.0.0 Mobile Safari/537.36"
195.158.31.110 - - [15/Aug/2022:09:03:36 +0500] "GET /camera/5 HTTP/1.1" 200 1026 "https://camera.urdu.uz/" "Mozilla/5.0 (Linux; Android 12; V2036) AppleWebKit/537.36 (KHTML, like Gecko) Chrome/104.0.0.0 Mobile Safari/537.36"
195.158.31.110 - - [15/Aug/2022:09:03:46 +0500] "GET /camera/15 HTTP/1.1" 200 1023 "https://camera.urdu.uz/" "Mozilla/5.0 (Linux; Android 12; V2036) AppleWebKit/537.36 (KHTML, like Gecko) Chrome/104.0.0.0 Mobile Safari/537.36"
195.158.31.110 - - [15/Aug/2022:09:04:04 +0500] "GET /camera/19 HTTP/1.1" 200 1028 "https://camera.urdu.uz/" "Mozilla/5.0 (Linux; Android 12; V2036) AppleWebKit/537.36 (KHTML, like Gecko) Chrome/104.0.0.0 Mobile Safari/537.36"
195.158.31.110 - - [15/Aug/2022:09:04:23 +0500] "GET /camera/6 HTTP/1.1" 200 1023 "https://camera.urdu.uz/" "Mozilla/5.0 (Linux; Android 12; V2036) AppleWebKit/537.36 (KHTML, like Gecko) Chrome/104.0.0.0 Mobile Safari/537.36"
195.158.31.110 - - [15/Aug/2022:09:04:40 +0500] "GET /camera/7 HTTP/1.1" 200 1023 "https://camera.urdu.uz/" "Mozilla/5.0 (Linux; Android 12; V2036) AppleWebKit/537.36 (KHTML, like Gecko) Chrome/104.0.0.0 Mobile Safari/537.36"
195.158.31.180 - - [15/Aug/2022:09:08:21 +0500] "GET /camera/12 HTTP/1.1" 200 1029 "https://camera.urdu.uz/" "Mozilla/5.0 (Windows NT 10.0; Win64; x64) AppleWebKit/537.36 (KHTML, like Gecko) Chrome/104.0.0.0 Safari/537.36"
195.158.31.180 - - [15/Aug/2022:09:08:32 +0500] "GET /camera/7 HTTP/1.1" 200 1027 "https://camera.urdu.uz/" "Mozilla/5.0 (Windows NT 10.0; Win64; x64) AppleWebKit/537.36 (KHTML, like Gecko) Chrome/104.0.0.0 Safari/537.36"
195.158.31.180 - - [15/Aug/2022:09:08:39 +0500] "GET /camera/7 HTTP/1.1" 200 1026 "https://camera.urdu.uz/" "Mozilla/5.0 (Windows NT 10.0; Win64; x64) AppleWebKit/537.36 (KHTML, like Gecko) Chrome/104.0.0.0 Safari/537.36"
195.158.31.180 - - [15/Aug/2022:09:08:46 +0500] "GET /camera/7 HTTP/1.1" 200 1021 "https://camera.urdu.uz/" "Mozilla/5.0 (Windows NT 10.0; Win64; x64) AppleWebKit/537.36 (KHTML, like Gecko) Chrome/104.0.0.0 Safari/537.36"
195.158.31.180 - - [15/Aug/2022:09:08:54 +0500] "GET /camera/7 HTTP/1.1" 200 1025 "https://camera.urdu.uz/" "Mozilla/5.0 (Windows NT 10.0; Win64; x64) AppleWebKit/537.36 (KHTML, like Gecko) Chrome/104.0.0.0 Safari/537.36"
195.158.31.180 - - [15/Aug/2022:09:09:03 +0500] "GET /camera/7 HTTP/1.1" 200 1025 "https://camera.urdu.uz/" "Mozilla/5.0 (Windows NT 10.0; Win64; x64) AppleWebKit/537.36 (KHTML, like Gecko) Chrome/104.0.0.0 Safari/537.36"
195.158.31.180 - - [15/Aug/2022:09:09:09 +0500] "GET /camera/7 HTTP/1.1" 200 1023 "https://camera.urdu.uz/" "Mozilla/5.0 (Windows NT 10.0; Win64; x64) AppleWebKit/537.36 (KHTML, like Gecko) Chrome/104.0.0.0 Safari/537.36"
195.158.31.180 - - [15/Aug/2022:09:09:19 +0500] "GET /camera/11 HTTP/1.1" 200 1023 "https://camera.urdu.uz/" "Mozilla/5.0 (Windows NT 10.0; Win64; x64) AppleWebKit/537.36 (KHTML, like Gecko) Chrome/104.0.0.0 Safari/537.36"
195.158.31.180 - - [15/Aug/2022:09:09:36 +0500] "GET /camera/10 HTTP/1.1" 200 1024 "https://camera.urdu.uz/" "Mozilla/5.0 (Windows NT 10.0; Win64; x64) AppleWebKit/537.36 (KHTML, like Gecko) Chrome/104.0.0.0 Safari/537.36"
195.158.31.180 - - [15/Aug/2022:09:12:36 +0500] "GET / HTTP/1.1" 200 2938 "-" "Mozilla/5.0 (Windows NT 10.0; Win64; x64) AppleWebKit/537.36 (KHTML, like Gecko) Chrome/104.0.0.0 Safari/537.36"
195.158.31.180 - - [15/Aug/2022:09:12:36 +0500] "GET /assets/17263276/css/bootstrap.css HTTP/1.1" 200 237601 "https://camera.urdu.uz/" "Mozilla/5.0 (Windows NT 10.0; Win64; x64) AppleWebKit/537.36 (KHTML, like Gecko) Chrome/104.0.0.0 Safari/537.36"
195.158.31.180 - - [15/Aug/2022:09:12:36 +0500] "GET /css/site.css HTTP/1.1" 200 1858 "https://camera.urdu.uz/" "Mozilla/5.0 (Windows NT 10.0; Win64; x64) AppleWebKit/537.36 (KHTML, like Gecko) Chrome/104.0.0.0 Safari/537.36"
195.158.31.180 - - [15/Aug/2022:09:12:36 +0500] "GET /assets/629a94c2/yii.js HTTP/1.1" 200 20934 "https://camera.urdu.uz/" "Mozilla/5.0 (Windows NT 10.0; Win64; x64) AppleWebKit/537.36 (KHTML, like Gecko) Chrome/104.0.0.0 Safari/537.36"
195.158.31.180 - - [15/Aug/2022:09:12:36 +0500] "GET /assets/ef59ca7b/jquery.js HTTP/1.1" 200 288580 "https://camera.urdu.uz/" "Mozilla/5.0 (Windows NT 10.0; Win64; x64) AppleWebKit/537.36 (KHTML, like Gecko) Chrome/104.0.0.0 Safari/537.36"
195.158.31.180 - - [15/Aug/2022:09:12:36 +0500] "GET /img/logo.png HTTP/1.1" 200 1042067 "https://camera.urdu.uz/" "Mozilla/5.0 (Windows NT 10.0; Win64; x64) AppleWebKit/537.36 (KHTML, like Gecko) Chrome/104.0.0.0 Safari/537.36"
195.158.31.180 - - [15/Aug/2022:09:12:36 +0500] "GET /assets/17263276/js/bootstrap.bundle.js HTTP/1.1" 200 207371 "https://camera.urdu.uz/" "Mozilla/5.0 (Windows NT 10.0; Win64; x64) AppleWebKit/537.36 (KHTML, like Gecko) Chrome/104.0.0.0 Safari/537.36"
195.158.31.180 - - [15/Aug/2022:09:12:36 +0500] "GET /favicon.ico HTTP/1.1" 200 318 "https://camera.urdu.uz/" "Mozilla/5.0 (Windows NT 10.0; Win64; x64) AppleWebKit/537.36 (KHTML, like Gecko) Chrome/104.0.0.0 Safari/537.36"
195.158.31.180 - - [15/Aug/2022:09:13:29 +0500] "GET / HTTP/1.1" 200 2935 "-" "Mozilla/5.0 (Windows NT 10.0; Win64; x64) AppleWebKit/537.36 (KHTML, like Gecko) Chrome/104.0.0.0 Safari/537.36"
195.158.31.180 - - [15/Aug/2022:09:13:29 +0500] "GET /assets/17263276/css/bootstrap.css HTTP/1.1" 304 0 "https://camera.urdu.uz/" "Mozilla/5.0 (Windows NT 10.0; Win64; x64) AppleWebKit/537.36 (KHTML, like Gecko) Chrome/104.0.0.0 Safari/537.36"
195.158.31.180 - - [15/Aug/2022:09:13:29 +0500] "GET /css/site.css HTTP/1.1" 304 0 "https://camera.urdu.uz/" "Mozilla/5.0 (Windows NT 10.0; Win64; x64) AppleWebKit/537.36 (KHTML, like Gecko) Chrome/104.0.0.0 Safari/537.36"
195.158.31.180 - - [15/Aug/2022:09:13:29 +0500] "GET /assets/ef59ca7b/jquery.js HTTP/1.1" 304 0 "https://camera.urdu.uz/" "Mozilla/5.0 (Windows NT 10.0; Win64; x64) AppleWebKit/537.36 (KHTML, like Gecko) Chrome/104.0.0.0 Safari/537.36"
195.158.31.180 - - [15/Aug/2022:09:13:29 +0500] "GET /assets/629a94c2/yii.js HTTP/1.1" 304 0 "https://camera.urdu.uz/" "Mozilla/5.0 (Windows NT 10.0; Win64; x64) AppleWebKit/537.36 (KHTML, like Gecko) Chrome/104.0.0.0 Safari/537.36"
195.158.31.180 - - [15/Aug/2022:09:13:29 +0500] "GET /assets/17263276/js/bootstrap.bundle.js HTTP/1.1" 304 0 "https://camera.urdu.uz/" "Mozilla/5.0 (Windows NT 10.0; Win64; x64) AppleWebKit/537.36 (KHTML, like Gecko) Chrome/104.0.0.0 Safari/537.36"
195.158.31.180 - - [15/Aug/2022:09:13:29 +0500] "GET /img/logo.png HTTP/1.1" 304 0 "https://camera.urdu.uz/" "Mozilla/5.0 (Windows NT 10.0; Win64; x64) AppleWebKit/537.36 (KHTML, like Gecko) Chrome/104.0.0.0 Safari/537.36"
195.158.31.180 - - [15/Aug/2022:09:15:14 +0500] "GET /camera/12 HTTP/1.1" 200 1025 "https://camera.urdu.uz/" "Mozilla/5.0 (Windows NT 10.0; Win64; x64) AppleWebKit/537.36 (KHTML, like Gecko) Chrome/104.0.0.0 Safari/537.36"
195.158.31.180 - - [15/Aug/2022:09:15:32 +0500] "GET /camera/13 HTTP/1.1" 200 1024 "https://camera.urdu.uz/" "Mozilla/5.0 (Windows NT 10.0; Win64; x64) AppleWebKit/537.36 (KHTML, like Gecko) Chrome/104.0.0.0 Safari/537.36"
195.158.31.180 - - [15/Aug/2022:09:15:46 +0500] "GET /camera/7 HTTP/1.1" 200 1023 "https://camera.urdu.uz/" "Mozilla/5.0 (Windows NT 10.0; Win64; x64) AppleWebKit/537.36 (KHTML, like Gecko) Chrome/104.0.0.0 Safari/537.36"
195.158.31.180 - - [15/Aug/2022:09:16:05 +0500] "GET /camera/7 HTTP/1.1" 200 1026 "https://camera.urdu.uz/" "Mozilla/5.0 (Windows NT 10.0; Win64; x64) AppleWebKit/537.36 (KHTML, like Gecko) Chrome/104.0.0.0 Safari/537.36"
195.158.31.180 - - [15/Aug/2022:09:16:11 +0500] "GET /camera/7 HTTP/1.1" 200 1025 "https://camera.urdu.uz/" "Mozilla/5.0 (Windows NT 10.0; Win64; x64) AppleWebKit/537.36 (KHTML, like Gecko) Chrome/104.0.0.0 Safari/537.36"
195.158.31.180 - - [15/Aug/2022:09:16:19 +0500] "GET /camera/11 HTTP/1.1" 200 1025 "https://camera.urdu.uz/" "Mozilla/5.0 (Windows NT 10.0; Win64; x64) AppleWebKit/537.36 (KHTML, like Gecko) Chrome/104.0.0.0 Safari/537.36"
195.158.31.180 - - [15/Aug/2022:09:16:52 +0500] "GET /camera/11 HTTP/1.1" 200 1024 "https://camera.urdu.uz/" "Mozilla/5.0 (Windows NT 10.0; Win64; x64) AppleWebKit/537.36 (KHTML, like Gecko) Chrome/104.0.0.0 Safari/537.36"
195.158.31.180 - - [15/Aug/2022:09:19:35 +0500] "GET / HTTP/1.1" 200 2941 "-" "Mozilla/5.0 (Windows NT 10.0; Win64; x64) AppleWebKit/537.36 (KHTML, like Gecko) Chrome/104.0.0.0 Safari/537.36"
195.158.31.180 - - [15/Aug/2022:09:19:58 +0500] "GET /admin/camera/index HTTP/1.1" 200 2966 "https://camera.urdu.uz/admin/camera/view?id=19" "Mozilla/5.0 (Windows NT 10.0; Win64; x64) AppleWebKit/537.36 (KHTML, like Gecko) Chrome/104.0.0.0 Safari/537.36"
195.158.31.180 - - [15/Aug/2022:09:19:58 +0500] "GET /admin/assets/629a94c2/yii.js HTTP/1.1" 200 20934 "-" "Mozilla/5.0 (Windows NT 10.0; Win64; x64) AppleWebKit/537.36 (KHTML, like Gecko) Chrome/104.0.0.0 Safari/537.36"
195.158.31.180 - - [15/Aug/2022:09:19:58 +0500] "GET /admin/assets/ef59ca7b/jquery.js HTTP/1.1" 200 288580 "-" "Mozilla/5.0 (Windows NT 10.0; Win64; x64) AppleWebKit/537.36 (KHTML, like Gecko) Chrome/104.0.0.0 Safari/537.36"
195.158.31.180 - - [15/Aug/2022:09:19:58 +0500] "GET /admin/assets/629a94c2/yii.gridView.js HTTP/1.1" 200 9507 "-" "Mozilla/5.0 (Windows NT 10.0; Win64; x64) AppleWebKit/537.36 (KHTML, like Gecko) Chrome/104.0.0.0 Safari/537.36"
195.158.31.180 - - [15/Aug/2022:09:19:58 +0500] "GET /admin/assets/82e13af6/jquery.pjax.js HTTP/1.1" 200 29273 "-" "Mozilla/5.0 (Windows NT 10.0; Win64; x64) AppleWebKit/537.36 (KHTML, like Gecko) Chrome/104.0.0.0 Safari/537.36"
195.158.31.180 - - [15/Aug/2022:09:19:58 +0500] "GET /admin/assets/17263276/js/bootstrap.bundle.js HTTP/1.1" 200 207371 "-" "Mozilla/5.0 (Windows NT 10.0; Win64; x64) AppleWebKit/537.36 (KHTML, like Gecko) Chrome/104.0.0.0 Safari/537.36"
195.158.31.180 - - [15/Aug/2022:09:21:00 +0500] "GET / HTTP/1.1" 200 2939 "-" "Mozilla/5.0 (Windows NT 10.0; Win64; x64) AppleWebKit/537.36 (KHTML, like Gecko) Chrome/104.0.0.0 Safari/537.36"
195.158.31.180 - - [15/Aug/2022:09:21:03 +0500] "GET /camera/12 HTTP/1.1" 200 1027 "https://camera.urdu.uz/" "Mozilla/5.0 (Windows NT 10.0; Win64; x64) AppleWebKit/537.36 (KHTML, like Gecko) Chrome/104.0.0.0 Safari/537.36"
195.158.31.180 - - [15/Aug/2022:09:21:06 +0500] "GET / HTTP/1.1" 200 2940 "-" "Mozilla/5.0 (Windows NT 10.0; Win64; x64) AppleWebKit/537.36 (KHTML, like Gecko) Chrome/104.0.0.0 Safari/537.36"
195.158.31.180 - - [15/Aug/2022:09:21:16 +0500] "GET /camera/11 HTTP/1.1" 200 1025 "https://camera.urdu.uz/" "Mozilla/5.0 (Windows NT 10.0; Win64; x64) AppleWebKit/537.36 (KHTML, like Gecko) Chrome/104.0.0.0 Safari/537.36"
195.158.31.180 - - [15/Aug/2022:09:21:30 +0500] "GET / HTTP/1.1" 200 2939 "-" "Mozilla/5.0 (Windows NT 10.0; Win64; x64) AppleWebKit/537.36 (KHTML, like Gecko) Chrome/104.0.0.0 Safari/537.36"
195.158.31.180 - - [15/Aug/2022:09:21:35 +0500] "GET /camera/5 HTTP/1.1" 200 1027 "https://camera.urdu.uz/" "Mozilla/5.0 (Windows NT 10.0; Win64; x64) AppleWebKit/537.36 (KHTML, like Gecko) Chrome/104.0.0.0 Safari/537.36"
195.158.31.180 - - [15/Aug/2022:09:21:54 +0500] "GET / HTTP/1.1" 200 2941 "-" "Mozilla/5.0 (Windows NT 10.0; Win64; x64) AppleWebKit/537.36 (KHTML, like Gecko) Chrome/104.0.0.0 Safari/537.36"
195.158.31.180 - - [15/Aug/2022:09:22:13 +0500] "GET /camera/11 HTTP/1.1" 200 1023 "https://camera.urdu.uz/" "Mozilla/5.0 (Windows NT 10.0; Win64; x64) AppleWebKit/537.36 (KHTML, like Gecko) Chrome/104.0.0.0 Safari/537.36"
195.158.31.180 - - [15/Aug/2022:09:22:28 +0500] "GET /camera/10 HTTP/1.1" 200 1027 "https://camera.urdu.uz/" "Mozilla/5.0 (Windows NT 10.0; Win64; x64) AppleWebKit/537.36 (KHTML, like Gecko) Chrome/104.0.0.0 Safari/537.36"
195.158.31.180 - - [15/Aug/2022:09:26:24 +0500] "GET /camera/12 HTTP/1.1" 200 1028 "https://camera.urdu.uz/" "Mozilla/5.0 (Windows NT 10.0; Win64; x64) AppleWebKit/537.36 (KHTML, like Gecko) Chrome/104.0.0.0 Safari/537.36"
195.158.31.180 - - [15/Aug/2022:09:26:42 +0500] "GET /camera/13 HTTP/1.1" 200 1026 "https://camera.urdu.uz/" "Mozilla/5.0 (Windows NT 10.0; Win64; x64) AppleWebKit/537.36 (KHTML, like Gecko) Chrome/104.0.0.0 Safari/537.36"
195.158.31.180 - - [15/Aug/2022:09:27:00 +0500] "GET /camera/6 HTTP/1.1" 200 1022 "https://camera.urdu.uz/" "Mozilla/5.0 (Windows NT 10.0; Win64; x64) AppleWebKit/537.36 (KHTML, like Gecko) Chrome/104.0.0.0 Safari/537.36"
195.158.31.180 - - [15/Aug/2022:09:27:09 +0500] "GET / HTTP/1.1" 200 2939 "-" "Mozilla/5.0 (Windows NT 10.0; Win64; x64) AppleWebKit/537.36 (KHTML, like Gecko) Chrome/104.0.0.0 Safari/537.36"
195.158.31.180 - - [15/Aug/2022:09:27:12 +0500] "GET /camera/7 HTTP/1.1" 200 1025 "https://camera.urdu.uz/" "Mozilla/5.0 (Windows NT 10.0; Win64; x64) AppleWebKit/537.36 (KHTML, like Gecko) Chrome/104.0.0.0 Safari/537.36"
195.158.31.180 - - [15/Aug/2022:09:27:19 +0500] "GET / HTTP/1.1" 200 2939 "-" "Mozilla/5.0 (Windows NT 10.0; Win64; x64) AppleWebKit/537.36 (KHTML, like Gecko) Chrome/104.0.0.0 Safari/537.36"
195.158.31.180 - - [15/Aug/2022:09:27:33 +0500] "GET /camera/7 HTTP/1.1" 200 1022 "https://camera.urdu.uz/" "Mozilla/5.0 (Windows NT 10.0; Win64; x64) AppleWebKit/537.36 (KHTML, like Gecko) Chrome/104.0.0.0 Safari/537.36"
195.158.31.180 - - [15/Aug/2022:09:27:51 +0500] "GET /camera/7 HTTP/1.1" 200 1024 "https://camera.urdu.uz/" "Mozilla/5.0 (Windows NT 10.0; Win64; x64) AppleWebKit/537.36 (KHTML, like Gecko) Chrome/104.0.0.0 Safari/537.36"
195.158.31.180 - - [15/Aug/2022:09:27:55 +0500] "GET /camera/17 HTTP/1.1" 200 1027 "https://camera.urdu.uz/" "Mozilla/5.0 (Windows NT 10.0; Win64; x64) AppleWebKit/537.36 (KHTML, like Gecko) Chrome/104.0.0.0 Safari/537.36"
195.158.31.180 - - [15/Aug/2022:09:28:11 +0500] "GET /camera/5 HTTP/1.1" 499 0 "https://camera.urdu.uz/" "Mozilla/5.0 (Windows NT 10.0; Win64; x64) AppleWebKit/537.36 (KHTML, like Gecko) Chrome/104.0.0.0 Safari/537.36"
195.158.31.180 - - [15/Aug/2022:09:28:11 +0500] "GET /camera/5 HTTP/1.1" 200 1025 "https://camera.urdu.uz/" "Mozilla/5.0 (Windows NT 10.0; Win64; x64) AppleWebKit/537.36 (KHTML, like Gecko) Chrome/104.0.0.0 Safari/537.36"
195.158.31.180 - - [15/Aug/2022:09:28:19 +0500] "GET / HTTP/1.1" 200 2938 "-" "Mozilla/5.0 (Windows NT 10.0; Win64; x64) AppleWebKit/537.36 (KHTML, like Gecko) Chrome/104.0.0.0 Safari/537.36"
195.158.31.180 - - [15/Aug/2022:09:28:58 +0500] "GET /camera/15 HTTP/1.1" 200 1027 "https://camera.urdu.uz/" "Mozilla/5.0 (Windows NT 10.0; Win64; x64) AppleWebKit/537.36 (KHTML, like Gecko) Chrome/104.0.0.0 Safari/537.36"
84.54.70.67 - - [15/Aug/2022:09:35:31 +0500] "GET / HTTP/1.1" 200 2936 "-" "Mozilla/5.0 (Linux; Android 8.1.0; DUA-L22) AppleWebKit/537.36 (KHTML, like Gecko) Chrome/103.0.0.0 Mobile Safari/537.36"
84.54.70.67 - - [15/Aug/2022:09:35:32 +0500] "GET /css/site.css HTTP/1.1" 200 1858 "https://camera.urdu.uz/" "Mozilla/5.0 (Linux; Android 8.1.0; DUA-L22) AppleWebKit/537.36 (KHTML, like Gecko) Chrome/103.0.0.0 Mobile Safari/537.36"
84.54.70.67 - - [15/Aug/2022:09:35:32 +0500] "GET /assets/17263276/css/bootstrap.css HTTP/1.1" 200 237601 "https://camera.urdu.uz/" "Mozilla/5.0 (Linux; Android 8.1.0; DUA-L22) AppleWebKit/537.36 (KHTML, like Gecko) Chrome/103.0.0.0 Mobile Safari/537.36"
84.54.70.67 - - [15/Aug/2022:09:35:32 +0500] "GET /assets/629a94c2/yii.js HTTP/1.1" 200 20934 "https://camera.urdu.uz/" "Mozilla/5.0 (Linux; Android 8.1.0; DUA-L22) AppleWebKit/537.36 (KHTML, like Gecko) Chrome/103.0.0.0 Mobile Safari/537.36"
84.54.70.67 - - [15/Aug/2022:09:35:34 +0500] "GET /assets/17263276/js/bootstrap.bundle.js HTTP/1.1" 200 207371 "https://camera.urdu.uz/" "Mozilla/5.0 (Linux; Android 8.1.0; DUA-L22) AppleWebKit/537.36 (KHTML, like Gecko) Chrome/103.0.0.0 Mobile Safari/537.36"
84.54.70.67 - - [15/Aug/2022:09:35:34 +0500] "GET /assets/ef59ca7b/jquery.js HTTP/1.1" 200 288580 "https://camera.urdu.uz/" "Mozilla/5.0 (Linux; Android 8.1.0; DUA-L22) AppleWebKit/537.36 (KHTML, like Gecko) Chrome/103.0.0.0 Mobile Safari/537.36"
84.54.70.67 - - [15/Aug/2022:09:35:37 +0500] "GET /img/logo.png HTTP/1.1" 200 1042067 "https://camera.urdu.uz/" "Mozilla/5.0 (Linux; Android 8.1.0; DUA-L22) AppleWebKit/537.36 (KHTML, like Gecko) Chrome/103.0.0.0 Mobile Safari/537.36"
84.54.70.67 - - [15/Aug/2022:09:35:42 +0500] "GET /favicon.ico HTTP/1.1" 200 318 "https://camera.urdu.uz/" "Mozilla/5.0 (Linux; Android 8.1.0; DUA-L22) AppleWebKit/537.36 (KHTML, like Gecko) Chrome/103.0.0.0 Mobile Safari/537.36"
195.158.31.180 - - [15/Aug/2022:09:35:44 +0500] "GET /camera/7 HTTP/1.1" 200 1024 "https://camera.urdu.uz/" "Mozilla/5.0 (Windows NT 10.0; Win64; x64) AppleWebKit/537.36 (KHTML, like Gecko) Chrome/104.0.0.0 Safari/537.36"
84.54.70.67 - - [15/Aug/2022:09:36:16 +0500] "GET /camera/11 HTTP/1.1" 200 1026 "https://camera.urdu.uz/" "Mozilla/5.0 (Linux; Android 8.1.0; DUA-L22) AppleWebKit/537.36 (KHTML, like Gecko) Chrome/103.0.0.0 Mobile Safari/537.36"
195.158.31.180 - - [15/Aug/2022:09:40:35 +0500] "GET / HTTP/1.1" 200 2935 "-" "Mozilla/5.0 (Windows NT 10.0; Win64; x64) AppleWebKit/537.36 (KHTML, like Gecko) Chrome/104.0.0.0 Safari/537.36"
195.158.31.180 - - [15/Aug/2022:09:40:35 +0500] "GET /favicon.ico HTTP/1.1" 304 0 "https://camera.urdu.uz/" "Mozilla/5.0 (Windows NT 10.0; Win64; x64) AppleWebKit/537.36 (KHTML, like Gecko) Chrome/104.0.0.0 Safari/537.36"
195.158.31.180 - - [15/Aug/2022:09:40:42 +0500] "GET /camera/12 HTTP/1.1" 200 1028 "https://camera.urdu.uz/" "Mozilla/5.0 (Windows NT 10.0; Win64; x64) AppleWebKit/537.36 (KHTML, like Gecko) Chrome/104.0.0.0 Safari/537.36"
195.158.31.180 - - [15/Aug/2022:09:42:04 +0500] "GET /camera/7 HTTP/1.1" 200 1024 "https://camera.urdu.uz/" "Mozilla/5.0 (Windows NT 10.0; Win64; x64) AppleWebKit/537.36 (KHTML, like Gecko) Chrome/104.0.0.0 Safari/537.36"
195.158.31.180 - - [15/Aug/2022:09:42:11 +0500] "GET /camera/7 HTTP/1.1" 200 1029 "https://camera.urdu.uz/" "Mozilla/5.0 (Windows NT 10.0; Win64; x64) AppleWebKit/537.36 (KHTML, like Gecko) Chrome/104.0.0.0 Safari/537.36"
195.158.31.180 - - [15/Aug/2022:09:46:38 +0500] "GET / HTTP/1.1" 200 2938 "-" "Mozilla/5.0 (Windows NT 10.0; Win64; x64) AppleWebKit/537.36 (KHTML, like Gecko) Chrome/104.0.0.0 Safari/537.36"
195.158.31.180 - - [15/Aug/2022:10:13:04 +0500] "GET /camera/7 HTTP/1.1" 200 1026 "https://camera.urdu.uz/" "Mozilla/5.0 (Windows NT 10.0; Win64; x64) AppleWebKit/537.36 (KHTML, like Gecko) Chrome/104.0.0.0 Safari/537.36"
195.158.31.180 - - [15/Aug/2022:10:13:08 +0500] "GET /camera/7 HTTP/1.1" 200 1024 "https://camera.urdu.uz/" "Mozilla/5.0 (Windows NT 10.0; Win64; x64) AppleWebKit/537.36 (KHTML, like Gecko) Chrome/104.0.0.0 Safari/537.36"
195.158.31.180 - - [15/Aug/2022:10:13:59 +0500] "GET /camera/5 HTTP/1.1" 200 1025 "https://camera.urdu.uz/" "Mozilla/5.0 (Windows NT 10.0; Win64; x64) AppleWebKit/537.36 (KHTML, like Gecko) Chrome/104.0.0.0 Safari/537.36"
195.158.31.180 - - [15/Aug/2022:10:15:02 +0500] "GET /camera/17 HTTP/1.1" 200 1024 "https://camera.urdu.uz/" "Mozilla/5.0 (Windows NT 10.0; Win64; x64) AppleWebKit/537.36 (KHTML, like Gecko) Chrome/104.0.0.0 Safari/537.36"
195.158.31.179 - - [15/Aug/2022:10:15:26 +0500] "GET /favicon.ico HTTP/1.1" 304 0 "-" "Mozilla/5.0 (Windows NT 6.3; WOW64) AppleWebKit/537.36 (KHTML, like Gecko) Chrome/102.0.5005.148 YaBrowser/22.7.2.902 Yowser/2.5 Safari/537.36"
195.158.31.180 - - [15/Aug/2022:10:15:27 +0500] "GET /camera/17 HTTP/1.1" 200 1027 "https://camera.urdu.uz/" "Mozilla/5.0 (Windows NT 10.0; Win64; x64) AppleWebKit/537.36 (KHTML, like Gecko) Chrome/104.0.0.0 Safari/537.36"
195.158.31.180 - - [15/Aug/2022:10:15:34 +0500] "GET /camera/7 HTTP/1.1" 200 1028 "https://camera.urdu.uz/" "Mozilla/5.0 (Windows NT 10.0; Win64; x64) AppleWebKit/537.36 (KHTML, like Gecko) Chrome/104.0.0.0 Safari/537.36"
213.230.86.110 - - [15/Aug/2022:10:47:39 +0500] "GET / HTTP/1.1" 200 2939 "-" "Mozilla/5.0 (Linux; Android 6.0; CRO-L22) AppleWebKit/537.36 (KHTML, like Gecko) Chrome/104.0.0.0 Mobile Safari/537.36"
213.230.86.110 - - [15/Aug/2022:10:48:00 +0500] "GET /camera/7 HTTP/1.1" 200 1027 "https://camera.urdu.uz/" "Mozilla/5.0 (Linux; Android 6.0; CRO-L22) AppleWebKit/537.36 (KHTML, like Gecko) Chrome/104.0.0.0 Mobile Safari/537.36"
213.230.86.110 - - [15/Aug/2022:10:49:06 +0500] "GET / HTTP/1.1" 200 2938 "android-app://org.telegram.messenger/" "Mozilla/5.0 (Linux; Android 6.0; CRO-L22) AppleWebKit/537.36 (KHTML, like Gecko) Chrome/104.0.0.0 Mobile Safari/537.36"
213.230.86.110 - - [15/Aug/2022:10:49:15 +0500] "GET /camera/11 HTTP/1.1" 200 1024 "https://camera.urdu.uz/" "Mozilla/5.0 (Linux; Android 6.0; CRO-L22) AppleWebKit/537.36 (KHTML, like Gecko) Chrome/104.0.0.0 Mobile Safari/537.36"
188.113.218.123 - - [15/Aug/2022:11:01:00 +0500] "GET / HTTP/1.1" 200 2939 "-" "Mozilla/5.0 (Linux; Android 6.0.1; SAMSUNG SM-G532F) AppleWebKit/537.36 (KHTML, like Gecko) SamsungBrowser/16.2 Chrome/92.0.4515.166 Mobile Safari/537.36"
188.113.218.123 - - [15/Aug/2022:11:01:01 +0500] "GET /css/site.css HTTP/1.1" 200 1858 "https://camera.urdu.uz/" "Mozilla/5.0 (Linux; Android 6.0.1; SAMSUNG SM-G532F) AppleWebKit/537.36 (KHTML, like Gecko) SamsungBrowser/16.2 Chrome/92.0.4515.166 Mobile Safari/537.36"
188.113.218.123 - - [15/Aug/2022:11:01:01 +0500] "GET /.well-known/assetlinks.json HTTP/1.1" 404 2168 "-" "Mozilla/5.0 (Linux; Android 6.0.1; SAMSUNG SM-G532F) AppleWebKit/537.36 (KHTML, like Gecko) SamsungBrowser/16.2 Chrome/92.0.4515.166 Mobile Safari/537.36"
188.113.218.123 - - [15/Aug/2022:11:01:02 +0500] "GET /assets/629a94c2/yii.js HTTP/1.1" 200 20934 "https://camera.urdu.uz/" "Mozilla/5.0 (Linux; Android 6.0.1; SAMSUNG SM-G532F) AppleWebKit/537.36 (KHTML, like Gecko) SamsungBrowser/16.2 Chrome/92.0.4515.166 Mobile Safari/537.36"
188.113.218.123 - - [15/Aug/2022:11:01:02 +0500] "GET /assets/17263276/js/bootstrap.bundle.js HTTP/1.1" 200 207371 "https://camera.urdu.uz/" "Mozilla/5.0 (Linux; Android 6.0.1; SAMSUNG SM-G532F) AppleWebKit/537.36 (KHTML, like Gecko) SamsungBrowser/16.2 Chrome/92.0.4515.166 Mobile Safari/537.36"
188.113.218.123 - - [15/Aug/2022:11:01:03 +0500] "GET /assets/ef59ca7b/jquery.js HTTP/1.1" 200 288580 "https://camera.urdu.uz/" "Mozilla/5.0 (Linux; Android 6.0.1; SAMSUNG SM-G532F) AppleWebKit/537.36 (KHTML, like Gecko) SamsungBrowser/16.2 Chrome/92.0.4515.166 Mobile Safari/537.36"
188.113.218.123 - - [15/Aug/2022:11:01:03 +0500] "GET /assets/17263276/css/bootstrap.css HTTP/1.1" 200 237601 "https://camera.urdu.uz/" "Mozilla/5.0 (Linux; Android 6.0.1; SAMSUNG SM-G532F) AppleWebKit/537.36 (KHTML, like Gecko) SamsungBrowser/16.2 Chrome/92.0.4515.166 Mobile Safari/537.36"
188.113.218.123 - - [15/Aug/2022:11:01:04 +0500] "GET /img/logo.png HTTP/1.1" 200 1042067 "https://camera.urdu.uz/" "Mozilla/5.0 (Linux; Android 6.0.1; SAMSUNG SM-G532F) AppleWebKit/537.36 (KHTML, like Gecko) SamsungBrowser/16.2 Chrome/92.0.4515.166 Mobile Safari/537.36"
188.113.218.123 - - [15/Aug/2022:11:01:04 +0500] "GET /favicon.ico HTTP/1.1" 200 318 "https://camera.urdu.uz/" "Mozilla/5.0 (Linux; Android 6.0.1; SAMSUNG SM-G532F) AppleWebKit/537.36 (KHTML, like Gecko) SamsungBrowser/16.2 Chrome/92.0.4515.166 Mobile Safari/537.36"
149.154.161.220 - - [15/Aug/2022:11:01:27 +0500] "GET / HTTP/1.1" 200 2939 "-" "TelegramBot (like TwitterBot)"
188.113.218.123 - - [15/Aug/2022:11:02:09 +0500] "GET / HTTP/1.1" 200 2940 "-" "Mozilla/5.0 (Linux; Android 6.0.1; SAMSUNG SM-G532F) AppleWebKit/537.36 (KHTML, like Gecko) SamsungBrowser/16.2 Chrome/92.0.4515.166 Mobile Safari/537.36"
188.113.218.123 - - [15/Aug/2022:11:02:09 +0500] "GET /.well-known/assetlinks.json HTTP/1.1" 404 2168 "-" "Mozilla/5.0 (Linux; Android 6.0.1; SAMSUNG SM-G532F) AppleWebKit/537.36 (KHTML, like Gecko) SamsungBrowser/16.2 Chrome/92.0.4515.166 Mobile Safari/537.36"
188.113.218.123 - - [15/Aug/2022:11:02:10 +0500] "GET /assets/17263276/css/bootstrap.css HTTP/1.1" 200 237601 "https://camera.urdu.uz/" "Mozilla/5.0 (Linux; Android 6.0.1; SAMSUNG SM-G532F) AppleWebKit/537.36 (KHTML, like Gecko) SamsungBrowser/16.2 Chrome/92.0.4515.166 Mobile Safari/537.36"
188.113.218.123 - - [15/Aug/2022:11:02:10 +0500] "GET /css/site.css HTTP/1.1" 200 1858 "https://camera.urdu.uz/" "Mozilla/5.0 (Linux; Android 6.0.1; SAMSUNG SM-G532F) AppleWebKit/537.36 (KHTML, like Gecko) SamsungBrowser/16.2 Chrome/92.0.4515.166 Mobile Safari/537.36"
188.113.218.123 - - [15/Aug/2022:11:02:10 +0500] "GET /assets/629a94c2/yii.js HTTP/1.1" 200 20934 "https://camera.urdu.uz/" "Mozilla/5.0 (Linux; Android 6.0.1; SAMSUNG SM-G532F) AppleWebKit/537.36 (KHTML, like Gecko) SamsungBrowser/16.2 Chrome/92.0.4515.166 Mobile Safari/537.36"
188.113.218.123 - - [15/Aug/2022:11:02:10 +0500] "GET /assets/17263276/js/bootstrap.bundle.js HTTP/1.1" 200 207371 "https://camera.urdu.uz/" "Mozilla/5.0 (Linux; Android 6.0.1; SAMSUNG SM-G532F) AppleWebKit/537.36 (KHTML, like Gecko) SamsungBrowser/16.2 Chrome/92.0.4515.166 Mobile Safari/537.36"
188.113.218.123 - - [15/Aug/2022:11:02:16 +0500] "GET /assets/ef59ca7b/jquery.js HTTP/1.1" 200 288580 "https://camera.urdu.uz/" "Mozilla/5.0 (Linux; Android 6.0.1; SAMSUNG SM-G532F) AppleWebKit/537.36 (KHTML, like Gecko) SamsungBrowser/16.2 Chrome/92.0.4515.166 Mobile Safari/537.36"
188.113.218.123 - - [15/Aug/2022:11:02:18 +0500] "GET /img/logo.png HTTP/1.1" 200 1042067 "https://camera.urdu.uz/" "Mozilla/5.0 (Linux; Android 6.0.1; SAMSUNG SM-G532F) AppleWebKit/537.36 (KHTML, like Gecko) SamsungBrowser/16.2 Chrome/92.0.4515.166 Mobile Safari/537.36"
188.113.218.123 - - [15/Aug/2022:11:02:28 +0500] "GET /camera/7 HTTP/1.1" 200 1022 "https://camera.urdu.uz/" "Mozilla/5.0 (Linux; Android 6.0.1; SAMSUNG SM-G532F) AppleWebKit/537.36 (KHTML, like Gecko) SamsungBrowser/16.2 Chrome/92.0.4515.166 Mobile Safari/537.36"
213.230.86.110 - - [15/Aug/2022:11:04:04 +0500] "GET / HTTP/1.1" 200 2937 "android-app://org.telegram.messenger/" "Mozilla/5.0 (Linux; Android 6.0; CRO-L22) AppleWebKit/537.36 (KHTML, like Gecko) Chrome/104.0.0.0 Mobile Safari/537.36"
213.230.86.110 - - [15/Aug/2022:11:04:09 +0500] "GET /camera/12 HTTP/1.1" 200 1024 "https://camera.urdu.uz/" "Mozilla/5.0 (Linux; Android 6.0; CRO-L22) AppleWebKit/537.36 (KHTML, like Gecko) Chrome/104.0.0.0 Mobile Safari/537.36"
37.110.214.205 - - [15/Aug/2022:11:04:16 +0500] "GET / HTTP/1.1" 200 2936 "android-app://ir.ilmili.telegraph/" "Mozilla/5.0 (Linux; Android 12; M1908C3JGG) AppleWebKit/537.36 (KHTML, like Gecko) Chrome/96.0.4664.104 Mobile Safari/537.36"
37.110.214.205 - - [15/Aug/2022:11:04:18 +0500] "GET /css/site.css HTTP/1.1" 200 1858 "https://camera.urdu.uz/" "Mozilla/5.0 (Linux; Android 12; M1908C3JGG) AppleWebKit/537.36 (KHTML, like Gecko) Chrome/96.0.4664.104 Mobile Safari/537.36"
37.110.214.205 - - [15/Aug/2022:11:04:18 +0500] "GET /assets/17263276/css/bootstrap.css HTTP/1.1" 200 237601 "https://camera.urdu.uz/" "Mozilla/5.0 (Linux; Android 12; M1908C3JGG) AppleWebKit/537.36 (KHTML, like Gecko) Chrome/96.0.4664.104 Mobile Safari/537.36"
37.110.214.205 - - [15/Aug/2022:11:04:18 +0500] "GET /assets/ef59ca7b/jquery.js HTTP/1.1" 200 288580 "https://camera.urdu.uz/" "Mozilla/5.0 (Linux; Android 12; M1908C3JGG) AppleWebKit/537.36 (KHTML, like Gecko) Chrome/96.0.4664.104 Mobile Safari/537.36"
37.110.214.205 - - [15/Aug/2022:11:04:18 +0500] "GET /assets/629a94c2/yii.js HTTP/1.1" 200 20934 "https://camera.urdu.uz/" "Mozilla/5.0 (Linux; Android 12; M1908C3JGG) AppleWebKit/537.36 (KHTML, like Gecko) Chrome/96.0.4664.104 Mobile Safari/537.36"
37.110.214.205 - - [15/Aug/2022:11:04:18 +0500] "GET /assets/17263276/js/bootstrap.bundle.js HTTP/1.1" 200 207371 "https://camera.urdu.uz/" "Mozilla/5.0 (Linux; Android 12; M1908C3JGG) AppleWebKit/537.36 (KHTML, like Gecko) Chrome/96.0.4664.104 Mobile Safari/537.36"
37.110.214.205 - - [15/Aug/2022:11:04:19 +0500] "GET /img/logo.png HTTP/1.1" 200 1042067 "https://camera.urdu.uz/" "Mozilla/5.0 (Linux; Android 12; M1908C3JGG) AppleWebKit/537.36 (KHTML, like Gecko) Chrome/96.0.4664.104 Mobile Safari/537.36"
37.110.214.205 - - [15/Aug/2022:11:04:20 +0500] "GET /favicon.ico HTTP/1.1" 200 318 "https://camera.urdu.uz/" "Mozilla/5.0 (Linux; Android 12; M1908C3JGG) AppleWebKit/537.36 (KHTML, like Gecko) Chrome/96.0.4664.104 Mobile Safari/537.36"
37.110.214.205 - - [15/Aug/2022:11:04:36 +0500] "GET /camera/7 HTTP/1.1" 200 1025 "https://camera.urdu.uz/" "Mozilla/5.0 (Linux; Android 12; M1908C3JGG) AppleWebKit/537.36 (KHTML, like Gecko) Chrome/96.0.4664.104 Mobile Safari/537.36"
213.230.86.110 - - [15/Aug/2022:11:04:49 +0500] "GET / HTTP/1.1" 200 2937 "android-app://org.telegram.messenger/" "Mozilla/5.0 (Linux; Android 6.0; CRO-L22) AppleWebKit/537.36 (KHTML, like Gecko) Chrome/104.0.0.0 Mobile Safari/537.36"
213.230.86.83 - - [15/Aug/2022:11:05:03 +0500] "GET / HTTP/1.1" 200 2937 "-" "Mozilla/5.0 (Linux; U; Android 10; ru-ru; Redmi Note 7 Build/QKQ1.190910.002) AppleWebKit/537.36 (KHTML, like Gecko) Version/4.0 Chrome/89.0.4389.116 Mobile Safari/537.36 XiaoMi/MiuiBrowser/13.10.0-gn"
213.230.86.83 - - [15/Aug/2022:11:05:04 +0500] "GET /assets/17263276/css/bootstrap.css HTTP/1.1" 200 237601 "https://camera.urdu.uz/" "Mozilla/5.0 (Linux; U; Android 10; ru-ru; Redmi Note 7 Build/QKQ1.190910.002) AppleWebKit/537.36 (KHTML, like Gecko) Version/4.0 Chrome/89.0.4389.116 Mobile Safari/537.36 XiaoMi/MiuiBrowser/13.10.0-gn"
213.230.86.83 - - [15/Aug/2022:11:05:04 +0500] "GET /css/site.css HTTP/1.1" 200 1858 "https://camera.urdu.uz/" "Mozilla/5.0 (Linux; U; Android 10; ru-ru; Redmi Note 7 Build/QKQ1.190910.002) AppleWebKit/537.36 (KHTML, like Gecko) Version/4.0 Chrome/89.0.4389.116 Mobile Safari/537.36 XiaoMi/MiuiBrowser/13.10.0-gn"
213.230.86.83 - - [15/Aug/2022:11:05:04 +0500] "GET /assets/629a94c2/yii.js HTTP/1.1" 200 20934 "https://camera.urdu.uz/" "Mozilla/5.0 (Linux; U; Android 10; ru-ru; Redmi Note 7 Build/QKQ1.190910.002) AppleWebKit/537.36 (KHTML, like Gecko) Version/4.0 Chrome/89.0.4389.116 Mobile Safari/537.36 XiaoMi/MiuiBrowser/13.10.0-gn"
213.230.86.83 - - [15/Aug/2022:11:05:04 +0500] "GET /assets/ef59ca7b/jquery.js HTTP/1.1" 200 288580 "https://camera.urdu.uz/" "Mozilla/5.0 (Linux; U; Android 10; ru-ru; Redmi Note 7 Build/QKQ1.190910.002) AppleWebKit/537.36 (KHTML, like Gecko) Version/4.0 Chrome/89.0.4389.116 Mobile Safari/537.36 XiaoMi/MiuiBrowser/13.10.0-gn"
213.230.86.83 - - [15/Aug/2022:11:05:04 +0500] "GET /assets/17263276/js/bootstrap.bundle.js HTTP/1.1" 200 207371 "https://camera.urdu.uz/" "Mozilla/5.0 (Linux; U; Android 10; ru-ru; Redmi Note 7 Build/QKQ1.190910.002) AppleWebKit/537.36 (KHTML, like Gecko) Version/4.0 Chrome/89.0.4389.116 Mobile Safari/537.36 XiaoMi/MiuiBrowser/13.10.0-gn"
213.230.86.83 - - [15/Aug/2022:11:05:05 +0500] "GET /img/logo.png HTTP/1.1" 200 1042067 "https://camera.urdu.uz/" "Mozilla/5.0 (Linux; U; Android 10; ru-ru; Redmi Note 7 Build/QKQ1.190910.002) AppleWebKit/537.36 (KHTML, like Gecko) Version/4.0 Chrome/89.0.4389.116 Mobile Safari/537.36 XiaoMi/MiuiBrowser/13.10.0-gn"
213.230.86.83 - - [15/Aug/2022:11:05:05 +0500] "GET /favicon.ico HTTP/1.1" 200 318 "https://camera.urdu.uz/" "Mozilla/5.0 (Linux; U; Android 10; ru-ru; Redmi Note 7 Build/QKQ1.190910.002) AppleWebKit/537.36 (KHTML, like Gecko) Version/4.0 Chrome/89.0.4389.116 Mobile Safari/537.36 XiaoMi/MiuiBrowser/13.10.0-gn"
213.230.86.110 - - [15/Aug/2022:11:05:05 +0500] "GET /camera/7 HTTP/1.1" 200 1026 "https://camera.urdu.uz/" "Mozilla/5.0 (Linux; Android 6.0; CRO-L22) AppleWebKit/537.36 (KHTML, like Gecko) Chrome/104.0.0.0 Mobile Safari/537.36"
213.230.86.83 - - [15/Aug/2022:11:05:26 +0500] "GET /camera/7 HTTP/1.1" 200 1024 "https://camera.urdu.uz/" "Mozilla/5.0 (Linux; U; Android 10; ru-ru; Redmi Note 7 Build/QKQ1.190910.002) AppleWebKit/537.36 (KHTML, like Gecko) Version/4.0 Chrome/89.0.4389.116 Mobile Safari/537.36 XiaoMi/MiuiBrowser/13.10.0-gn"
213.230.86.110 - - [15/Aug/2022:11:05:36 +0500] "GET / HTTP/1.1" 200 2934 "android-app://org.telegram.messenger/" "Mozilla/5.0 (Linux; Android 6.0; CRO-L22) AppleWebKit/537.36 (KHTML, like Gecko) Chrome/104.0.0.0 Mobile Safari/537.36"
37.110.214.205 - - [15/Aug/2022:11:05:45 +0500] "GET /camera/7 HTTP/1.1" 200 1026 "https://camera.urdu.uz/" "Mozilla/5.0 (Linux; Android 12; M1908C3JGG) AppleWebKit/537.36 (KHTML, like Gecko) Chrome/96.0.4664.104 Mobile Safari/537.36"
195.158.31.180 - - [15/Aug/2022:11:06:56 +0500] "GET /camera/7 HTTP/1.1" 200 1025 "https://camera.urdu.uz/" "Mozilla/5.0 (Windows NT 10.0; Win64; x64) AppleWebKit/537.36 (KHTML, like Gecko) Chrome/104.0.0.0 Safari/537.36"
37.110.214.205 - - [15/Aug/2022:11:07:03 +0500] "GET /camera/14 HTTP/1.1" 200 1027 "https://camera.urdu.uz/" "Mozilla/5.0 (Linux; Android 12; M1908C3JGG) AppleWebKit/537.36 (KHTML, like Gecko) Chrome/96.0.4664.104 Mobile Safari/537.36"
37.110.214.205 - - [15/Aug/2022:11:07:13 +0500] "GET /camera/7 HTTP/1.1" 200 1027 "https://camera.urdu.uz/" "Mozilla/5.0 (Linux; Android 12; M1908C3JGG) AppleWebKit/537.36 (KHTML, like Gecko) Chrome/96.0.4664.104 Mobile Safari/537.36"
95.214.211.139 - - [15/Aug/2022:11:15:36 +0500] "GET / HTTP/1.1" 200 2935 "android-app://ir.ilmili.telegraph/" "Mozilla/5.0 (Linux; Android 12; M1908C3JGG) AppleWebKit/537.36 (KHTML, like Gecko) Chrome/96.0.4664.104 Mobile Safari/537.36"
95.214.211.139 - - [15/Aug/2022:11:15:41 +0500] "GET /camera/7 HTTP/1.1" 200 1023 "https://camera.urdu.uz/" "Mozilla/5.0 (Linux; Android 12; M1908C3JGG) AppleWebKit/537.36 (KHTML, like Gecko) Chrome/96.0.4664.104 Mobile Safari/537.36"
213.230.86.83 - - [15/Aug/2022:11:28:19 +0500] "GET / HTTP/1.1" 200 2940 "-" "Mozilla/5.0 (Windows NT 6.1; Win64; x64) AppleWebKit/537.36 (KHTML, like Gecko) Chrome/104.0.0.0 Safari/537.36"
213.230.86.83 - - [15/Aug/2022:11:28:19 +0500] "GET /css/site.css HTTP/1.1" 200 1858 "https://camera.urdu.uz/" "Mozilla/5.0 (Windows NT 6.1; Win64; x64) AppleWebKit/537.36 (KHTML, like Gecko) Chrome/104.0.0.0 Safari/537.36"
213.230.86.83 - - [15/Aug/2022:11:28:20 +0500] "GET /assets/17263276/css/bootstrap.css HTTP/1.1" 200 237601 "https://camera.urdu.uz/" "Mozilla/5.0 (Windows NT 6.1; Win64; x64) AppleWebKit/537.36 (KHTML, like Gecko) Chrome/104.0.0.0 Safari/537.36"
213.230.86.83 - - [15/Aug/2022:11:28:20 +0500] "GET /assets/629a94c2/yii.js HTTP/1.1" 200 20934 "https://camera.urdu.uz/" "Mozilla/5.0 (Windows NT 6.1; Win64; x64) AppleWebKit/537.36 (KHTML, like Gecko) Chrome/104.0.0.0 Safari/537.36"
213.230.86.83 - - [15/Aug/2022:11:28:20 +0500] "GET /assets/ef59ca7b/jquery.js HTTP/1.1" 200 288580 "https://camera.urdu.uz/" "Mozilla/5.0 (Windows NT 6.1; Win64; x64) AppleWebKit/537.36 (KHTML, like Gecko) Chrome/104.0.0.0 Safari/537.36"
213.230.86.83 - - [15/Aug/2022:11:28:20 +0500] "GET /assets/17263276/js/bootstrap.bundle.js HTTP/1.1" 200 207371 "https://camera.urdu.uz/" "Mozilla/5.0 (Windows NT 6.1; Win64; x64) AppleWebKit/537.36 (KHTML, like Gecko) Chrome/104.0.0.0 Safari/537.36"
213.230.86.83 - - [15/Aug/2022:11:28:21 +0500] "GET /img/logo.png HTTP/1.1" 200 1042067 "https://camera.urdu.uz/" "Mozilla/5.0 (Windows NT 6.1; Win64; x64) AppleWebKit/537.36 (KHTML, like Gecko) Chrome/104.0.0.0 Safari/537.36"
213.230.86.83 - - [15/Aug/2022:11:28:24 +0500] "GET /favicon.ico HTTP/1.1" 200 318 "https://camera.urdu.uz/" "Mozilla/5.0 (Windows NT 6.1; Win64; x64) AppleWebKit/537.36 (KHTML, like Gecko) Chrome/104.0.0.0 Safari/537.36"
213.230.86.83 - - [15/Aug/2022:11:28:37 +0500] "GET /camera/7 HTTP/1.1" 200 1024 "https://camera.urdu.uz/" "Mozilla/5.0 (Windows NT 6.1; Win64; x64) AppleWebKit/537.36 (KHTML, like Gecko) Chrome/104.0.0.0 Safari/537.36"
185.213.230.109 - - [15/Aug/2022:11:30:59 +0500] "GET / HTTP/1.1" 200 2939 "-" "Mozilla/5.0 (Linux; Android 11; M2004J19C) AppleWebKit/537.36 (KHTML, like Gecko) Chrome/102.0.0.0 Mobile Safari/537.36"
185.213.230.109 - - [15/Aug/2022:11:30:59 +0500] "GET /css/site.css HTTP/1.1" 200 1858 "https://camera.urdu.uz/" "Mozilla/5.0 (Linux; Android 11; M2004J19C) AppleWebKit/537.36 (KHTML, like Gecko) Chrome/102.0.0.0 Mobile Safari/537.36"
185.213.230.109 - - [15/Aug/2022:11:30:59 +0500] "GET /assets/629a94c2/yii.js HTTP/1.1" 200 20934 "https://camera.urdu.uz/" "Mozilla/5.0 (Linux; Android 11; M2004J19C) AppleWebKit/537.36 (KHTML, like Gecko) Chrome/102.0.0.0 Mobile Safari/537.36"
185.213.230.109 - - [15/Aug/2022:11:30:59 +0500] "GET /assets/17263276/js/bootstrap.bundle.js HTTP/1.1" 200 207371 "https://camera.urdu.uz/" "Mozilla/5.0 (Linux; Android 11; M2004J19C) AppleWebKit/537.36 (KHTML, like Gecko) Chrome/102.0.0.0 Mobile Safari/537.36"
185.213.230.109 - - [15/Aug/2022:11:31:00 +0500] "GET /assets/17263276/css/bootstrap.css HTTP/1.1" 200 237601 "https://camera.urdu.uz/" "Mozilla/5.0 (Linux; Android 11; M2004J19C) AppleWebKit/537.36 (KHTML, like Gecko) Chrome/102.0.0.0 Mobile Safari/537.36"
185.213.230.109 - - [15/Aug/2022:11:31:00 +0500] "GET /assets/ef59ca7b/jquery.js HTTP/1.1" 200 288580 "https://camera.urdu.uz/" "Mozilla/5.0 (Linux; Android 11; M2004J19C) AppleWebKit/537.36 (KHTML, like Gecko) Chrome/102.0.0.0 Mobile Safari/537.36"
185.213.230.109 - - [15/Aug/2022:11:31:09 +0500] "GET /img/logo.png HTTP/1.1" 200 1042067 "https://camera.urdu.uz/" "Mozilla/5.0 (Linux; Android 11; M2004J19C) AppleWebKit/537.36 (KHTML, like Gecko) Chrome/102.0.0.0 Mobile Safari/537.36"
185.213.230.109 - - [15/Aug/2022:11:31:10 +0500] "GET /favicon.ico HTTP/1.1" 200 318 "https://camera.urdu.uz/" "Mozilla/5.0 (Linux; Android 11; M2004J19C) AppleWebKit/537.36 (KHTML, like Gecko) Chrome/102.0.0.0 Mobile Safari/537.36"
185.213.230.109 - - [15/Aug/2022:11:31:33 +0500] "GET /camera/7 HTTP/1.1" 200 1022 "https://camera.urdu.uz/" "Mozilla/5.0 (Linux; Android 11; M2004J19C) AppleWebKit/537.36 (KHTML, like Gecko) Chrome/102.0.0.0 Mobile Safari/537.36"
185.213.230.109 - - [15/Aug/2022:11:32:32 +0500] "GET /camera/13 HTTP/1.1" 200 1029 "https://camera.urdu.uz/" "Mozilla/5.0 (Linux; Android 11; M2004J19C) AppleWebKit/537.36 (KHTML, like Gecko) Chrome/102.0.0.0 Mobile Safari/537.36"
51.15.76.230 - - [15/Aug/2022:11:42:08 +0500] "GET / HTTP/1.1" 200 2938 "-" "Mozilla/5.0 (Linux; Android 11; SM-A205FN) AppleWebKit/537.36 (KHTML, like Gecko) Chrome/104.0.0.0 Mobile Safari/537.36"
51.15.76.230 - - [15/Aug/2022:11:42:08 +0500] "GET /css/site.css HTTP/1.1" 200 1858 "https://camera.urdu.uz/" "Mozilla/5.0 (Linux; Android 11; SM-A205FN) AppleWebKit/537.36 (KHTML, like Gecko) Chrome/104.0.0.0 Mobile Safari/537.36"
51.15.76.230 - - [15/Aug/2022:11:42:08 +0500] "GET /assets/629a94c2/yii.js HTTP/1.1" 200 20934 "https://camera.urdu.uz/" "Mozilla/5.0 (Linux; Android 11; SM-A205FN) AppleWebKit/537.36 (KHTML, like Gecko) Chrome/104.0.0.0 Mobile Safari/537.36"
51.15.76.230 - - [15/Aug/2022:11:42:09 +0500] "GET /assets/17263276/css/bootstrap.css HTTP/1.1" 200 237601 "https://camera.urdu.uz/" "Mozilla/5.0 (Linux; Android 11; SM-A205FN) AppleWebKit/537.36 (KHTML, like Gecko) Chrome/104.0.0.0 Mobile Safari/537.36"
51.15.76.230 - - [15/Aug/2022:11:42:09 +0500] "GET /assets/17263276/js/bootstrap.bundle.js HTTP/1.1" 200 207371 "https://camera.urdu.uz/" "Mozilla/5.0 (Linux; Android 11; SM-A205FN) AppleWebKit/537.36 (KHTML, like Gecko) Chrome/104.0.0.0 Mobile Safari/537.36"
51.15.76.230 - - [15/Aug/2022:11:42:10 +0500] "GET /assets/ef59ca7b/jquery.js HTTP/1.1" 200 288580 "https://camera.urdu.uz/" "Mozilla/5.0 (Linux; Android 11; SM-A205FN) AppleWebKit/537.36 (KHTML, like Gecko) Chrome/104.0.0.0 Mobile Safari/537.36"
51.15.76.230 - - [15/Aug/2022:11:42:12 +0500] "GET /img/logo.png HTTP/1.1" 200 1042067 "https://camera.urdu.uz/" "Mozilla/5.0 (Linux; Android 11; SM-A205FN) AppleWebKit/537.36 (KHTML, like Gecko) Chrome/104.0.0.0 Mobile Safari/537.36"
51.15.76.230 - - [15/Aug/2022:11:42:13 +0500] "GET /favicon.ico HTTP/1.1" 200 318 "https://camera.urdu.uz/" "Mozilla/5.0 (Linux; Android 11; SM-A205FN) AppleWebKit/537.36 (KHTML, like Gecko) Chrome/104.0.0.0 Mobile Safari/537.36"
51.15.76.230 - - [15/Aug/2022:11:42:47 +0500] "GET /camera/7 HTTP/1.1" 200 1028 "https://camera.urdu.uz/" "Mozilla/5.0 (Linux; Android 11; SM-A205FN) AppleWebKit/537.36 (KHTML, like Gecko) Chrome/104.0.0.0 Mobile Safari/537.36"
185.213.230.109 - - [15/Aug/2022:11:43:06 +0500] "GET /camera/7 HTTP/1.1" 200 1030 "https://camera.urdu.uz/" "Mozilla/5.0 (Linux; Android 11; M2004J19C) AppleWebKit/537.36 (KHTML, like Gecko) Chrome/102.0.0.0 Mobile Safari/537.36"
51.15.76.230 - - [15/Aug/2022:11:43:17 +0500] "GET /camera/13 HTTP/1.1" 200 1027 "https://camera.urdu.uz/" "Mozilla/5.0 (Linux; Android 11; SM-A205FN) AppleWebKit/537.36 (KHTML, like Gecko) Chrome/104.0.0.0 Mobile Safari/537.36"
195.158.31.180 - - [15/Aug/2022:11:45:49 +0500] "GET / HTTP/1.1" 200 2937 "-" "Mozilla/5.0 (Windows NT 10.0; Win64; x64) AppleWebKit/537.36 (KHTML, like Gecko) Chrome/104.0.0.0 Safari/537.36"
195.158.31.180 - - [15/Aug/2022:11:45:53 +0500] "GET /camera/11 HTTP/1.1" 200 1025 "https://camera.urdu.uz/" "Mozilla/5.0 (Windows NT 10.0; Win64; x64) AppleWebKit/537.36 (KHTML, like Gecko) Chrome/104.0.0.0 Safari/537.36"
195.158.31.180 - - [15/Aug/2022:11:47:00 +0500] "GET /camera/14 HTTP/1.1" 200 1024 "https://camera.urdu.uz/" "Mozilla/5.0 (Windows NT 10.0; Win64; x64) AppleWebKit/537.36 (KHTML, like Gecko) Chrome/104.0.0.0 Safari/537.36"
185.139.137.170 - - [15/Aug/2022:11:47:54 +0500] "GET / HTTP/1.1" 200 2938 "-" "Mozilla/5.0 (Linux; Android 8.1.0; SM-J260F Build/M1AJB; wv) AppleWebKit/537.36 (KHTML, like Gecko) Version/4.0 SamsungBrowser/7.2 Chrome/100.0.4896.127 Mobile Safari/537.36"
185.139.137.170 - - [15/Aug/2022:11:47:54 +0500] "GET /css/site.css HTTP/1.1" 200 1858 "https://camera.urdu.uz/" "Mozilla/5.0 (Linux; Android 8.1.0; SM-J260F Build/M1AJB; wv) AppleWebKit/537.36 (KHTML, like Gecko) Version/4.0 SamsungBrowser/7.2 Chrome/100.0.4896.127 Mobile Safari/537.36"
185.139.137.170 - - [15/Aug/2022:11:47:54 +0500] "GET /assets/629a94c2/yii.js HTTP/1.1" 200 20934 "https://camera.urdu.uz/" "Mozilla/5.0 (Linux; Android 8.1.0; SM-J260F Build/M1AJB; wv) AppleWebKit/537.36 (KHTML, like Gecko) Version/4.0 SamsungBrowser/7.2 Chrome/100.0.4896.127 Mobile Safari/537.36"
185.139.137.170 - - [15/Aug/2022:11:47:55 +0500] "GET /assets/17263276/css/bootstrap.css HTTP/1.1" 200 237601 "https://camera.urdu.uz/" "Mozilla/5.0 (Linux; Android 8.1.0; SM-J260F Build/M1AJB; wv) AppleWebKit/537.36 (KHTML, like Gecko) Version/4.0 SamsungBrowser/7.2 Chrome/100.0.4896.127 Mobile Safari/537.36"
185.139.137.170 - - [15/Aug/2022:11:47:55 +0500] "GET /assets/17263276/js/bootstrap.bundle.js HTTP/1.1" 200 207371 "https://camera.urdu.uz/" "Mozilla/5.0 (Linux; Android 8.1.0; SM-J260F Build/M1AJB; wv) AppleWebKit/537.36 (KHTML, like Gecko) Version/4.0 SamsungBrowser/7.2 Chrome/100.0.4896.127 Mobile Safari/537.36"
185.139.137.170 - - [15/Aug/2022:11:47:55 +0500] "GET /assets/ef59ca7b/jquery.js HTTP/1.1" 200 288580 "https://camera.urdu.uz/" "Mozilla/5.0 (Linux; Android 8.1.0; SM-J260F Build/M1AJB; wv) AppleWebKit/537.36 (KHTML, like Gecko) Version/4.0 SamsungBrowser/7.2 Chrome/100.0.4896.127 Mobile Safari/537.36"
185.139.137.170 - - [15/Aug/2022:11:47:56 +0500] "GET /img/logo.png HTTP/1.1" 200 1042067 "https://camera.urdu.uz/" "Mozilla/5.0 (Linux; Android 8.1.0; SM-J260F Build/M1AJB; wv) AppleWebKit/537.36 (KHTML, like Gecko) Version/4.0 SamsungBrowser/7.2 Chrome/100.0.4896.127 Mobile Safari/537.36"
185.139.137.170 - - [15/Aug/2022:11:47:57 +0500] "GET /favicon.ico HTTP/1.1" 200 318 "https://camera.urdu.uz/" "Mozilla/5.0 (Linux; Android 8.1.0; SM-J260F Build/M1AJB; wv) AppleWebKit/537.36 (KHTML, like Gecko) Version/4.0 SamsungBrowser/7.2 Chrome/100.0.4896.127 Mobile Safari/537.36"
195.158.31.180 - - [15/Aug/2022:11:48:04 +0500] "GET /camera/7 HTTP/1.1" 200 1027 "https://camera.urdu.uz/" "Mozilla/5.0 (Windows NT 10.0; Win64; x64) AppleWebKit/537.36 (KHTML, like Gecko) Chrome/104.0.0.0 Safari/537.36"
185.139.137.170 - - [15/Aug/2022:11:48:04 +0500] "GET /camera/7 HTTP/1.1" 200 1021 "https://camera.urdu.uz/" "Mozilla/5.0 (Linux; Android 8.1.0; SM-J260F Build/M1AJB; wv) AppleWebKit/537.36 (KHTML, like Gecko) Version/4.0 SamsungBrowser/7.2 Chrome/100.0.4896.127 Mobile Safari/537.36"
195.158.31.180 - - [15/Aug/2022:11:48:18 +0500] "GET /camera/10 HTTP/1.1" 200 1026 "https://camera.urdu.uz/" "Mozilla/5.0 (Windows NT 10.0; Win64; x64) AppleWebKit/537.36 (KHTML, like Gecko) Chrome/104.0.0.0 Safari/537.36"
185.139.137.170 - - [15/Aug/2022:11:48:40 +0500] "GET /camera/7 HTTP/1.1" 200 1026 "https://camera.urdu.uz/" "Mozilla/5.0 (Linux; Android 8.1.0; SM-J260F Build/M1AJB; wv) AppleWebKit/537.36 (KHTML, like Gecko) Version/4.0 SamsungBrowser/7.2 Chrome/100.0.4896.127 Mobile Safari/537.36"
213.230.86.83 - - [15/Aug/2022:11:49:45 +0500] "GET / HTTP/1.1" 200 2936 "-" "Mozilla/5.0 (Linux; U; Android 10; ru-ru; Redmi Note 7 Build/QKQ1.190910.002) AppleWebKit/537.36 (KHTML, like Gecko) Version/4.0 Chrome/89.0.4389.116 Mobile Safari/537.36 XiaoMi/MiuiBrowser/13.10.0-gn"
213.230.86.83 - - [15/Aug/2022:11:49:55 +0500] "GET /camera/7 HTTP/1.1" 200 1026 "https://camera.urdu.uz/" "Mozilla/5.0 (Linux; U; Android 10; ru-ru; Redmi Note 7 Build/QKQ1.190910.002) AppleWebKit/537.36 (KHTML, like Gecko) Version/4.0 Chrome/89.0.4389.116 Mobile Safari/537.36 XiaoMi/MiuiBrowser/13.10.0-gn"
185.139.137.147 - - [15/Aug/2022:12:39:02 +0500] "GET /camera/12 HTTP/1.1" 200 1029 "-" "Mozilla/5.0 (Linux; Android 10; SAMSUNG SM-A107F) AppleWebKit/537.36 (KHTML, like Gecko) SamsungBrowser/11.0 Chrome/75.0.3770.143 Mobile Safari/537.36"
185.213.230.109 - - [15/Aug/2022:12:41:01 +0500] "GET / HTTP/1.1" 200 2937 "-" "Mozilla/5.0 (Linux; Android 11; M2004J19C) AppleWebKit/537.36 (KHTML, like Gecko) Chrome/102.0.0.0 Mobile Safari/537.36"
185.213.230.109 - - [15/Aug/2022:12:41:06 +0500] "GET /camera/7 HTTP/1.1" 200 1030 "https://camera.urdu.uz/" "Mozilla/5.0 (Linux; Android 11; M2004J19C) AppleWebKit/537.36 (KHTML, like Gecko) Chrome/102.0.0.0 Mobile Safari/537.36"
185.213.230.109 - - [15/Aug/2022:12:42:03 +0500] "GET /camera/12 HTTP/1.1" 200 1027 "https://camera.urdu.uz/" "Mozilla/5.0 (Linux; Android 11; M2004J19C) AppleWebKit/537.36 (KHTML, like Gecko) Chrome/102.0.0.0 Mobile Safari/537.36"
185.213.230.109 - - [15/Aug/2022:12:43:08 +0500] "GET /camera/13 HTTP/1.1" 200 1027 "https://camera.urdu.uz/" "Mozilla/5.0 (Linux; Android 11; M2004J19C) AppleWebKit/537.36 (KHTML, like Gecko) Chrome/102.0.0.0 Mobile Safari/537.36"
185.213.230.109 - - [15/Aug/2022:12:44:18 +0500] "GET /camera/7 HTTP/1.1" 200 1023 "https://camera.urdu.uz/" "Mozilla/5.0 (Linux; Android 11; M2004J19C) AppleWebKit/537.36 (KHTML, like Gecko) Chrome/102.0.0.0 Mobile Safari/537.36"
185.213.230.109 - - [15/Aug/2022:12:44:44 +0500] "GET /camera/11 HTTP/1.1" 200 1024 "https://camera.urdu.uz/" "Mozilla/5.0 (Linux; Android 11; M2004J19C) AppleWebKit/537.36 (KHTML, like Gecko) Chrome/102.0.0.0 Mobile Safari/537.36"
185.213.230.109 - - [15/Aug/2022:12:51:16 +0500] "GET / HTTP/1.1" 200 2939 "-" "Mozilla/5.0 (Linux; Android 11; M2004J19C) AppleWebKit/537.36 (KHTML, like Gecko) Chrome/102.0.0.0 Mobile Safari/537.36"
185.213.230.109 - - [15/Aug/2022:12:51:28 +0500] "GET /camera/11 HTTP/1.1" 200 1027 "https://camera.urdu.uz/" "Mozilla/5.0 (Linux; Android 11; M2004J19C) AppleWebKit/537.36 (KHTML, like Gecko) Chrome/102.0.0.0 Mobile Safari/537.36"
195.158.31.179 - - [15/Aug/2022:12:55:44 +0500] "GET / HTTP/1.1" 200 2937 "-" "Mozilla/5.0 (Windows NT 10.0; Win64; x64) AppleWebKit/537.36 (KHTML, like Gecko) Chrome/104.0.0.0 Safari/537.36"
195.158.31.179 - - [15/Aug/2022:12:55:44 +0500] "GET /assets/17263276/css/bootstrap.css HTTP/1.1" 304 0 "https://camera.urdu.uz/" "Mozilla/5.0 (Windows NT 10.0; Win64; x64) AppleWebKit/537.36 (KHTML, like Gecko) Chrome/104.0.0.0 Safari/537.36"
195.158.31.179 - - [15/Aug/2022:12:55:44 +0500] "GET /assets/ef59ca7b/jquery.js HTTP/1.1" 304 0 "https://camera.urdu.uz/" "Mozilla/5.0 (Windows NT 10.0; Win64; x64) AppleWebKit/537.36 (KHTML, like Gecko) Chrome/104.0.0.0 Safari/537.36"
195.158.31.179 - - [15/Aug/2022:12:55:44 +0500] "GET /css/site.css HTTP/1.1" 304 0 "https://camera.urdu.uz/" "Mozilla/5.0 (Windows NT 10.0; Win64; x64) AppleWebKit/537.36 (KHTML, like Gecko) Chrome/104.0.0.0 Safari/537.36"
195.158.31.179 - - [15/Aug/2022:12:55:44 +0500] "GET /assets/629a94c2/yii.js HTTP/1.1" 304 0 "https://camera.urdu.uz/" "Mozilla/5.0 (Windows NT 10.0; Win64; x64) AppleWebKit/537.36 (KHTML, like Gecko) Chrome/104.0.0.0 Safari/537.36"
195.158.31.179 - - [15/Aug/2022:12:55:44 +0500] "GET /assets/17263276/js/bootstrap.bundle.js HTTP/1.1" 304 0 "https://camera.urdu.uz/" "Mozilla/5.0 (Windows NT 10.0; Win64; x64) AppleWebKit/537.36 (KHTML, like Gecko) Chrome/104.0.0.0 Safari/537.36"
